#
# There is insufficient memory for the Java Runtime Environment to continue.
# Native memory allocation (malloc) failed to allocate 1048576 bytes. Error detail: AllocateHeap
# Possible reasons:
#   The system is out of physical RAM or swap space
#   This process is running with CompressedOops enabled, and the Java Heap may be blocking the growth of the native heap
# Possible solutions:
#   Reduce memory load on the system
#   Increase physical memory or swap space
#   Check if swap backing store is full
#   Decrease Java heap size (-Xmx/-Xms)
#   Decrease number of Java threads
#   Decrease Java thread stack sizes (-Xss)
#   Set larger code cache with -XX:ReservedCodeCacheSize=
#   JVM is running with Unscaled Compressed Oops mode in which the Java heap is
#     placed in the first 4GB address space. The Java Heap base address is the
#     maximum limit for the native heap growth. Please use -XX:HeapBaseMinAddress
#     to set the Java Heap base and to place the Java Heap above 4GB virtual address.
# This output file may be truncated or incomplete.
#
#  Out of Memory Error (allocation.cpp:44), pid=19132, tid=7288
#
# JRE version: OpenJDK Runtime Environment Temurin-21.0.10+7 (21.0.10+7) (build 21.0.10+7-LTS)
# Java VM: OpenJDK 64-Bit Server VM Temurin-21.0.10+7 (21.0.10+7-LTS, mixed mode, sharing, tiered, compressed oops, compressed class ptrs, parallel gc, windows-amd64)
# No core dump will be written. Minidumps are not enabled by default on client versions of Windows
#

---------------  S U M M A R Y ------------

Command Line: --add-modules=ALL-SYSTEM --add-opens=java.base/java.util=ALL-UNNAMED --add-opens=java.base/java.lang=ALL-UNNAMED --add-opens=java.base/sun.nio.fs=ALL-UNNAMED -Declipse.application=org.eclipse.jdt.ls.core.id1 -Dosgi.bundles.defaultStartLevel=4 -Declipse.product=org.eclipse.jdt.ls.core.product -Djava.import.generatesMetadataFilesAtProjectRoot=false -DDetectVMInstallationsJob.disabled=true -Dfile.encoding=utf8 -XX:+UseParallelGC -XX:GCTimeRatio=4 -XX:AdaptiveSizePolicyWeight=90 -Dsun.zip.disableMemoryMapping=true -Xmx2G -Xms100m -Xlog:disable -javaagent:c:\Users\faiza\.vscode\extensions\redhat.java-1.54.0-win32-x64\lombok\lombok-1.18.39-4050.jar -XX:+HeapDumpOnOutOfMemoryError -XX:HeapDumpPath=c:\Users\faiza\AppData\Roaming\Code\User\workspaceStorage\c6bd0dbef03191339f53de9f05c0f471\redhat.java -Daether.dependencyCollector.impl=bf c:\Users\faiza\.vscode\extensions\redhat.java-1.54.0-win32-x64\server\plugins\org.eclipse.equinox.launcher_1.7.100.v20251111-0406.jar -configuration c:\Users\faiza\AppData\Roaming\Code\User\globalStorage\redhat.java\1.54.0\config_win -data c:\Users\faiza\AppData\Roaming\Code\User\workspaceStorage\c6bd0dbef03191339f53de9f05c0f471\redhat.java\jdt_ws --pipe=\\.\pipe\lsp-d7da73fd3ff451092ecaf472a97fdd54-sock

Host: AMD Ryzen 7 6800H with Radeon Graphics         , 16 cores, 15G,  Windows 11 , 64 bit Build 26100 (10.0.26100.8521)
Time: Thu Jun  4 13:35:38 2026 India Standard Time elapsed time: 3158.291329 seconds (0d 0h 52m 38s)

---------------  T H R E A D  ---------------

Current thread (0x000002caaee15de0):  JavaThread "Attach Listener" daemon [_thread_in_vm, id=7288, stack(0x000000fabf400000,0x000000fabf500000) (1024K)]

Stack: [0x000000fabf400000,0x000000fabf500000]
Native frames: (J=compiled Java code, j=interpreted, Vv=VM code, C=native code)
V  [jvm.dll+0x6d7a39]
V  [jvm.dll+0x8b4b26]
V  [jvm.dll+0x8b70de]
V  [jvm.dll+0x8b77c3]
V  [jvm.dll+0x284346]
V  [jvm.dll+0xc1277]
V  [jvm.dll+0x6d82e9]
V  [jvm.dll+0x1334a6]
V  [jvm.dll+0x3f857e]
V  [jvm.dll+0x85f59d]
V  [jvm.dll+0x6d626d]
C  [ucrtbase.dll+0x2cd30]
C  [KERNEL32.DLL+0x2e957]
C  [ntdll.dll+0x87c1c]


---------------  P R O C E S S  ---------------

Threads class SMR info:
_java_thread_list=0x000002cb1c8ee9f0, length=43, elements={
0x000002caaed6e6f0, 0x000002cac581e450, 0x000002caaee12620, 0x000002caaee15180,
0x000002caaee15de0, 0x000002caaee1a2e0, 0x000002caaee1e3e0, 0x000002cb07c3d170,
0x000002caaee2be90, 0x000002cb07f0c350, 0x000002cb09550920, 0x000002cb0e2084e0,
0x000002cb0e25ed60, 0x000002cb0e4f5420, 0x000002cb0e1f0d70, 0x000002cb0e9ced50,
0x000002cb0eb5ac40, 0x000002cb0e919c30, 0x000002cb0e918ee0, 0x000002cb0e917b30,
0x000002cb0e918850, 0x000002cb0e972790, 0x000002cb0e9734b0, 0x000002cb0e973b40,
0x000002cb0e9713e0, 0x000002cb0e9741d0, 0x000002cb0e974ef0, 0x000002cb0e971a70,
0x000002cb0e976fc0, 0x000002cb0e977650, 0x000002cb0e978370, 0x000002cb0e976930,
0x000002cb0e977ce0, 0x000002cb0e978a00, 0x000002cb0e975580, 0x000002cb0e975c10,
0x000002cb0e9762a0, 0x000002cb108d9eb0, 0x000002cb108db260, 0x000002cb108dabd0,
0x000002cb108db8f0, 0x000002cb108dbf80, 0x000002cb108df400
}

Java Threads: ( => current thread )
  0x000002caaed6e6f0 JavaThread "main"                              [_thread_blocked, id=3320, stack(0x000000fabed00000,0x000000fabee00000) (1024K)]
  0x000002cac581e450 JavaThread "Reference Handler"          daemon [_thread_blocked, id=20488, stack(0x000000fabf100000,0x000000fabf200000) (1024K)]
  0x000002caaee12620 JavaThread "Finalizer"                  daemon [_thread_blocked, id=9488, stack(0x000000fabf200000,0x000000fabf300000) (1024K)]
  0x000002caaee15180 JavaThread "Signal Dispatcher"          daemon [_thread_blocked, id=23452, stack(0x000000fabf300000,0x000000fabf400000) (1024K)]
=>0x000002caaee15de0 JavaThread "Attach Listener"            daemon [_thread_in_vm, id=7288, stack(0x000000fabf400000,0x000000fabf500000) (1024K)]
  0x000002caaee1a2e0 JavaThread "Service Thread"             daemon [_thread_blocked, id=3536, stack(0x000000fabf500000,0x000000fabf600000) (1024K)]
  0x000002caaee1e3e0 JavaThread "Monitor Deflation Thread"   daemon [_thread_blocked, id=23356, stack(0x000000fabf600000,0x000000fabf700000) (1024K)]
  0x000002cb07c3d170 JavaThread "C2 CompilerThread0"         daemon [_thread_blocked, id=23256, stack(0x000000fabf700000,0x000000fabf800000) (1024K)]
  0x000002caaee2be90 JavaThread "C1 CompilerThread0"         daemon [_thread_blocked, id=23280, stack(0x000000fabf800000,0x000000fabf900000) (1024K)]
  0x000002cb07f0c350 JavaThread "Common-Cleaner"             daemon [_thread_blocked, id=3096, stack(0x000000fabfc00000,0x000000fabfd00000) (1024K)]
  0x000002cb09550920 JavaThread "Notification Thread"        daemon [_thread_blocked, id=11024, stack(0x000000fabfe00000,0x000000fabff00000) (1024K)]
  0x000002cb0e2084e0 JavaThread "Active Thread: Equinox Container: 78375775-b237-428f-96bb-11bb2d3b4cf0"        [_thread_blocked, id=22540, stack(0x000000fac0600000,0x000000fac0700000) (1024K)]
  0x000002cb0e25ed60 JavaThread "Refresh Thread: Equinox Container: 78375775-b237-428f-96bb-11bb2d3b4cf0" daemon [_thread_blocked, id=22724, stack(0x000000fac0800000,0x000000fac0900000) (1024K)]
  0x000002cb0e4f5420 JavaThread "Framework Event Dispatcher: Equinox Container: 78375775-b237-428f-96bb-11bb2d3b4cf0" daemon [_thread_blocked, id=17164, stack(0x000000fac0900000,0x000000fac0a00000) (1024K)]
  0x000002cb0e1f0d70 JavaThread "Start Level: Equinox Container: 78375775-b237-428f-96bb-11bb2d3b4cf0" daemon [_thread_blocked, id=5652, stack(0x000000fac0a00000,0x000000fac0b00000) (1024K)]
  0x000002cb0e9ced50 JavaThread "Bundle File Closer"         daemon [_thread_blocked, id=16528, stack(0x000000fac0e00000,0x000000fac0f00000) (1024K)]
  0x000002cb0eb5ac40 JavaThread "SCR Component Actor"        daemon [_thread_blocked, id=13132, stack(0x000000fabfb00000,0x000000fabfc00000) (1024K)]
  0x000002cb0e919c30 JavaThread "Worker-JM"                         [_thread_blocked, id=19324, stack(0x000000fac0f00000,0x000000fac1000000) (1024K)]
  0x000002cb0e918ee0 JavaThread "JNA Cleaner"                daemon [_thread_blocked, id=8016, stack(0x000000fac1200000,0x000000fac1300000) (1024K)]
  0x000002cb0e917b30 JavaThread "Worker-1"                          [_thread_blocked, id=23152, stack(0x000000fac1400000,0x000000fac1500000) (1024K)]
  0x000002cb0e918850 JavaThread "Worker-2"                          [_thread_blocked, id=12700, stack(0x000000fac1500000,0x000000fac1600000) (1024K)]
  0x000002cb0e972790 JavaThread "Java indexing"              daemon [_thread_blocked, id=4976, stack(0x000000fac1700000,0x000000fac1800000) (1024K)]
  0x000002cb0e9734b0 JavaThread "Thread-1"                   daemon [_thread_in_native, id=23444, stack(0x000000fac1e00000,0x000000fac1f00000) (1024K)]
  0x000002cb0e973b40 JavaThread "Thread-2"                   daemon [_thread_in_native, id=13508, stack(0x000000fac1f00000,0x000000fac2000000) (1024K)]
  0x000002cb0e9713e0 JavaThread "Thread-3"                   daemon [_thread_in_native, id=18040, stack(0x000000fac2000000,0x000000fac2100000) (1024K)]
  0x000002cb0e9741d0 JavaThread "Thread-4"                   daemon [_thread_in_native, id=15472, stack(0x000000fac2100000,0x000000fac2200000) (1024K)]
  0x000002cb0e974ef0 JavaThread "Thread-5"                   daemon [_thread_in_native, id=4904, stack(0x000000fac2200000,0x000000fac2300000) (1024K)]
  0x000002cb0e971a70 JavaThread "Thread-6"                   daemon [_thread_in_native, id=18312, stack(0x000000fac2300000,0x000000fac2400000) (1024K)]
  0x000002cb0e976fc0 JavaThread "Thread-7"                   daemon [_thread_in_native, id=9132, stack(0x000000fac2400000,0x000000fac2500000) (1024K)]
  0x000002cb0e977650 JavaThread "Thread-8"                   daemon [_thread_in_native, id=22552, stack(0x000000fac2500000,0x000000fac2600000) (1024K)]
  0x000002cb0e978370 JavaThread "Thread-9"                   daemon [_thread_in_native, id=18664, stack(0x000000fac2600000,0x000000fac2700000) (1024K)]
  0x000002cb0e976930 JavaThread "Thread-10"                  daemon [_thread_in_native, id=4784, stack(0x000000fac2700000,0x000000fac2800000) (1024K)]
  0x000002cb0e977ce0 JavaThread "Thread-11"                  daemon [_thread_in_native, id=20848, stack(0x000000fac2800000,0x000000fac2900000) (1024K)]
  0x000002cb0e978a00 JavaThread "Thread-12"                  daemon [_thread_in_native, id=23276, stack(0x000000fac2900000,0x000000fac2a00000) (1024K)]
  0x000002cb0e975580 JavaThread "Thread-13"                  daemon [_thread_in_native, id=22324, stack(0x000000fac2a00000,0x000000fac2b00000) (1024K)]
  0x000002cb0e975c10 JavaThread "Thread-14"                  daemon [_thread_in_native, id=10912, stack(0x000000fac2b00000,0x000000fac2c00000) (1024K)]
  0x000002cb0e9762a0 JavaThread "Thread-15"                  daemon [_thread_in_native, id=10892, stack(0x000000fac2c00000,0x000000fac2d00000) (1024K)]
  0x000002cb108d9eb0 JavaThread "Thread-16"                  daemon [_thread_in_native, id=17772, stack(0x000000fac2d00000,0x000000fac2e00000) (1024K)]
  0x000002cb108db260 JavaThread "Thread-17"                  daemon [_thread_in_native, id=19960, stack(0x000000fac2e00000,0x000000fac2f00000) (1024K)]
  0x000002cb108dabd0 JavaThread "pool-2-thread-1"                   [_thread_blocked, id=22624, stack(0x000000fac2f00000,0x000000fac3000000) (1024K)]
  0x000002cb108db8f0 JavaThread "WorkspaceEventsHandler"            [_thread_blocked, id=23488, stack(0x000000fac3100000,0x000000fac3200000) (1024K)]
  0x000002cb108dbf80 JavaThread "pool-1-thread-1"                   [_thread_blocked, id=10320, stack(0x000000fac3200000,0x000000fac3300000) (1024K)]
  0x000002cb108df400 JavaThread "Cleaner-0"                  daemon [_thread_blocked, id=10616, stack(0x000000fac3a00000,0x000000fac3b00000) (1024K)]
Total: 43

Other Threads:
  0x000002cac5804080 VMThread "VM Thread"                           [id=248, stack(0x000000fabf000000,0x000000fabf100000) (1024K)]
  0x000002cac56fca00 WatcherThread "VM Periodic Task Thread"        [id=23412, stack(0x000000fabef00000,0x000000fabf000000) (1024K)]
  0x000002caaed8bbb0 WorkerThread "GC Thread#0"                     [id=23436, stack(0x000000fabee00000,0x000000fabef00000) (1024K)]
  0x000002cb0e14f8d0 WorkerThread "GC Thread#1"                     [id=16604, stack(0x000000fac0000000,0x000000fac0100000) (1024K)]
  0x000002cb0e150030 WorkerThread "GC Thread#2"                     [id=7280, stack(0x000000fac0100000,0x000000fac0200000) (1024K)]
  0x000002cb0e14fc80 WorkerThread "GC Thread#3"                     [id=23504, stack(0x000000fac0200000,0x000000fac0300000) (1024K)]
  0x000002cb0e1503e0 WorkerThread "GC Thread#4"                     [id=22704, stack(0x000000fac0300000,0x000000fac0400000) (1024K)]
  0x000002cb0e150790 WorkerThread "GC Thread#5"                     [id=22712, stack(0x000000fac0400000,0x000000fac0500000) (1024K)]
  0x000002cb0e150ef0 WorkerThread "GC Thread#6"                     [id=11868, stack(0x000000fac0500000,0x000000fac0600000) (1024K)]
  0x000002cb0e1e07e0 WorkerThread "GC Thread#7"                     [id=12604, stack(0x000000fac0700000,0x000000fac0800000) (1024K)]
  0x000002cb0e1e0b90 WorkerThread "GC Thread#8"                     [id=23480, stack(0x000000fac0b00000,0x000000fac0c00000) (1024K)]
  0x000002cb0e1e12f0 WorkerThread "GC Thread#9"                     [id=23476, stack(0x000000fac0c00000,0x000000fac0d00000) (1024K)]
  0x000002cb0e1dfcd0 WorkerThread "GC Thread#10"                    [id=14508, stack(0x000000fac0d00000,0x000000fac0e00000) (1024K)]
  0x000002cb0e1e1a50 WorkerThread "GC Thread#11"                    [id=13892, stack(0x000000fac1000000,0x000000fac1100000) (1024K)]
  0x000002cb0e1e2910 WorkerThread "GC Thread#12"                    [id=3508, stack(0x000000fac1100000,0x000000fac1200000) (1024K)]
Total: 15

Threads with active compile tasks:
Total: 0

VM state: not at safepoint (normal execution)

VM Mutex/Monitor currently owned by a thread: None

Heap address: 0x0000000080000000, size: 2048 MB, Compressed Oops mode: 32-bit

CDS archive(s) mapped at: [0x000002cac6000000-0x000002cac6ba0000-0x000002cac6ba0000), size 12189696, SharedBaseAddress: 0x000002cac6000000, ArchiveRelocationMode: 1.
Compressed class space mapped at: 0x000002cac7000000-0x000002cb07000000, reserved size: 1073741824
Narrow klass base: 0x000002cac6000000, Narrow klass shift: 0, Narrow klass range: 0x100000000

GC Precious Log:
 CardTable entry size: 512
 CPUs: 16 total, 16 available
 Memory: 15557M
 Large Page Support: Disabled
 NUMA Support: Disabled
 Compressed Oops: Enabled (32-bit)
 Alignments: Space 512K, Generation 512K, Heap 2M
 Heap Min Capacity: 100M
 Heap Initial Capacity: 100M
 Heap Max Capacity: 2G
 Pre-touch: Disabled
 Parallel Workers: 13

Heap:
 PSYoungGen      total 25088K, used 24457K [0x00000000d5580000, 0x00000000d8480000, 0x0000000100000000)
  eden space 16896K, 97% used [0x00000000d5580000,0x00000000d659a620,0x00000000d6600000)
  from space 8192K, 97% used [0x00000000d7c80000,0x00000000d8448000,0x00000000d8480000)
  to   space 12800K, 0% used [0x00000000d6b80000,0x00000000d6b80000,0x00000000d7800000)
 ParOldGen       total 123904K, used 123556K [0x0000000080000000, 0x0000000087900000, 0x00000000d5580000)
  object space 123904K, 99% used [0x0000000080000000,0x00000000878a9278,0x0000000087900000)
 Metaspace       used 67262K, committed 68608K, reserved 1114112K
  class space    used 7206K, committed 7808K, reserved 1048576K

Card table byte_map: [0x000002caae710000,0x000002caaeb20000] _byte_map_base: 0x000002caae310000

Marking Bits: (ParMarkBitMap*) 0x00007fff5be23450
 Begin Bits: [0x000002cac1220000, 0x000002cac3220000)
 End Bits:   [0x000002cac3220000, 0x000002cac5220000)

Polling page: 0x000002caace30000

Metaspace:

Usage:
  Non-class:     58.65 MB used.
      Class:      7.04 MB used.
       Both:     65.69 MB used.

Virtual space:
  Non-class space:       64.00 MB reserved,      59.38 MB ( 93%) committed,  1 nodes.
      Class space:        1.00 GB reserved,       7.62 MB ( <1%) committed,  1 nodes.
             Both:        1.06 GB reserved,      67.00 MB (  6%) committed. 

Chunk freelists:
   Non-Class:  3.89 MB
       Class:  8.35 MB
        Both:  12.24 MB

MaxMetaspaceSize: unlimited
CompressedClassSpaceSize: 1.00 GB
Initial GC threshold: 21.00 MB
Current GC threshold: 97.31 MB
CDS: on
 - commit_granule_bytes: 65536.
 - commit_granule_words: 8192.
 - virtual_space_node_default_size: 8388608.
 - enlarge_chunks_in_place: 1.
 - use_allocation_guard: 0.


Internal statistics:

num_allocs_failed_limit: 9.
num_arena_births: 1010.
num_arena_deaths: 38.
num_vsnodes_births: 2.
num_vsnodes_deaths: 0.
num_space_committed: 1072.
num_space_uncommitted: 0.
num_chunks_returned_to_freelist: 57.
num_chunks_taken_from_freelist: 3903.
num_chunk_merges: 9.
num_chunk_splits: 2417.
num_chunks_enlarged: 1445.
num_inconsistent_stats: 0.

CodeHeap 'non-profiled nmethods': size=119168Kb used=5288Kb max_used=5288Kb free=113880Kb
 bounds [0x000002cab9b10000, 0x000002caba040000, 0x000002cac0f70000]
CodeHeap 'profiled nmethods': size=119104Kb used=19306Kb max_used=19306Kb free=99797Kb
 bounds [0x000002cab1f70000, 0x000002cab3250000, 0x000002cab93c0000]
CodeHeap 'non-nmethods': size=7488Kb used=1473Kb max_used=3222Kb free=6014Kb
 bounds [0x000002cab93c0000, 0x000002cab96f0000, 0x000002cab9b10000]
CodeCache: size=245760Kb, used=26067Kb, max_used=27816Kb, free=219691Kb
 total_blobs=9748, nmethods=8956, adapters=698, full_count=0
Compilation: enabled, stopped_count=0, restarted_count=0

Compilation events (20 events):
Event: 2106.062 Thread 0x000002caaee2be90 9763   !   3       org.eclipse.jdt.ls.core.internal.CancellableProgressMonitor::isCanceled (33 bytes)
Event: 2106.063 Thread 0x000002caaee2be90 nmethod 9763 0x000002cab3245090 code [0x000002cab32452a0, 0x000002cab3245a88]
Event: 2106.063 Thread 0x000002caaee2be90 9764       3       org.eclipse.core.internal.dtree.AbstractDataTreeNode::storeStrings (42 bytes)
Event: 2106.063 Thread 0x000002caaee2be90 nmethod 9764 0x000002cab3245d90 code [0x000002cab3245f60, 0x000002cab32462d8]
Event: 2106.063 Thread 0x000002caaee2be90 9765       3       org.eclipse.core.internal.dtree.DataTreeNode::storeStrings (28 bytes)
Event: 2106.063 Thread 0x000002caaee2be90 nmethod 9765 0x000002cab3246490 code [0x000002cab3246660, 0x000002cab3246ae0]
Event: 2222.298 Thread 0x000002caaee2be90 9766       1       org.eclipse.osgi.internal.framework.EquinoxContainer::getStorage (5 bytes)
Event: 2222.298 Thread 0x000002caaee2be90 nmethod 9766 0x000002caba039890 code [0x000002caba039a20, 0x000002caba039ae8]
Event: 2329.864 Thread 0x000002caaee2be90 9767       3       java.util.Optional::get (22 bytes)
Event: 2329.864 Thread 0x000002caaee2be90 nmethod 9767 0x000002cab3246c10 code [0x000002cab3246dc0, 0x000002cab3246fe0]
Event: 2409.739 Thread 0x000002cb07c3d170 9768       4       java.util.concurrent.locks.ReentrantLock::lock (8 bytes)
Event: 2409.741 Thread 0x000002cb07c3d170 nmethod 9768 0x000002caba039b90 code [0x000002caba039d40, 0x000002caba039eb0]
Event: 2570.011 Thread 0x000002caaee2be90 9769       3       org.eclipse.jdt.ls.core.internal.ParentProcessWatcher::run (83 bytes)
Event: 2570.013 Thread 0x000002caaee2be90 nmethod 9769 0x000002cab3247110 code [0x000002cab32473a0, 0x000002cab3247e30]
Event: 2570.013 Thread 0x000002caaee2be90 9770       3       org.eclipse.jdt.ls.core.internal.ParentProcessWatcher::parentProcessStillRunning (62 bytes)
Event: 2570.013 Thread 0x000002caaee2be90 nmethod 9770 0x000002cab3248190 code [0x000002cab32483c0, 0x000002cab3248ac8]
Event: 2610.049 Thread 0x000002caaee2be90 9771       3       java.lang.ProcessHandleImpl::<init> (15 bytes)
Event: 2610.049 Thread 0x000002caaee2be90 nmethod 9771 0x000002cab3248d10 code [0x000002cab3248ec0, 0x000002cab3249030]
Event: 2798.949 Thread 0x000002caaee2be90 9772   !   3       java.util.logging.LogManager::ensureLogManagerInitialized (144 bytes)
Event: 2798.950 Thread 0x000002caaee2be90 nmethod 9772 0x000002cab3249110 code [0x000002cab3249420, 0x000002cab324a540]

GC Heap History (20 events):
Event: 14.994 GC heap before
{Heap before GC invocations=36 (full 2):
 PSYoungGen      total 21504K, used 5952K [0x00000000d5580000, 0x00000000d6e80000, 0x0000000100000000)
  eden space 20480K, 26% used [0x00000000d5580000,0x00000000d5ab8348,0x00000000d6980000)
  from space 1024K, 59% used [0x00000000d6c80000,0x00000000d6d18020,0x00000000d6d80000)
  to   space 1024K, 0% used [0x00000000d6d80000,0x00000000d6d80000,0x00000000d6e80000)
 ParOldGen       total 68608K, used 44369K [0x0000000080000000, 0x0000000084300000, 0x00000000d5580000)
  object space 68608K, 64% used [0x0000000080000000,0x0000000082b546b8,0x0000000084300000)
 Metaspace       used 58611K, committed 59776K, reserved 1114112K
  class space    used 6397K, committed 6912K, reserved 1048576K
}
Event: 14.996 GC heap after
{Heap after GC invocations=36 (full 2):
 PSYoungGen      total 20992K, used 447K [0x00000000d5580000, 0x00000000d6e00000, 0x0000000100000000)
  eden space 20480K, 0% used [0x00000000d5580000,0x00000000d5580000,0x00000000d6980000)
  from space 512K, 87% used [0x00000000d6d80000,0x00000000d6defef8,0x00000000d6e00000)
  to   space 1024K, 0% used [0x00000000d6c00000,0x00000000d6c00000,0x00000000d6d00000)
 ParOldGen       total 68608K, used 44712K [0x0000000080000000, 0x0000000084300000, 0x00000000d5580000)
  object space 68608K, 65% used [0x0000000080000000,0x0000000082baa248,0x0000000084300000)
 Metaspace       used 58611K, committed 59776K, reserved 1114112K
  class space    used 6397K, committed 6912K, reserved 1048576K
}
Event: 14.996 GC heap before
{Heap before GC invocations=37 (full 3):
 PSYoungGen      total 20992K, used 447K [0x00000000d5580000, 0x00000000d6e00000, 0x0000000100000000)
  eden space 20480K, 0% used [0x00000000d5580000,0x00000000d5580000,0x00000000d6980000)
  from space 512K, 87% used [0x00000000d6d80000,0x00000000d6defef8,0x00000000d6e00000)
  to   space 1024K, 0% used [0x00000000d6c00000,0x00000000d6c00000,0x00000000d6d00000)
 ParOldGen       total 68608K, used 44712K [0x0000000080000000, 0x0000000084300000, 0x00000000d5580000)
  object space 68608K, 65% used [0x0000000080000000,0x0000000082baa248,0x0000000084300000)
 Metaspace       used 58611K, committed 59776K, reserved 1114112K
  class space    used 6397K, committed 6912K, reserved 1048576K
}
Event: 15.125 GC heap after
{Heap after GC invocations=37 (full 3):
 PSYoungGen      total 20992K, used 0K [0x00000000d5580000, 0x00000000d6e00000, 0x0000000100000000)
  eden space 20480K, 0% used [0x00000000d5580000,0x00000000d5580000,0x00000000d6980000)
  from space 512K, 0% used [0x00000000d6d80000,0x00000000d6d80000,0x00000000d6e00000)
  to   space 1024K, 0% used [0x00000000d6c00000,0x00000000d6c00000,0x00000000d6d00000)
 ParOldGen       total 68608K, used 41785K [0x0000000080000000, 0x0000000084300000, 0x00000000d5580000)
  object space 68608K, 60% used [0x0000000080000000,0x00000000828ce6b8,0x0000000084300000)
 Metaspace       used 58611K, committed 59776K, reserved 1114112K
  class space    used 6397K, committed 6912K, reserved 1048576K
}
Event: 16.009 GC heap before
{Heap before GC invocations=38 (full 3):
 PSYoungGen      total 20992K, used 20453K [0x00000000d5580000, 0x00000000d6e00000, 0x0000000100000000)
  eden space 20480K, 99% used [0x00000000d5580000,0x00000000d6979700,0x00000000d6980000)
  from space 512K, 0% used [0x00000000d6d80000,0x00000000d6d80000,0x00000000d6e00000)
  to   space 1024K, 0% used [0x00000000d6c00000,0x00000000d6c00000,0x00000000d6d00000)
 ParOldGen       total 68608K, used 41785K [0x0000000080000000, 0x0000000084300000, 0x00000000d5580000)
  object space 68608K, 60% used [0x0000000080000000,0x00000000828ce6b8,0x0000000084300000)
 Metaspace       used 61747K, committed 62976K, reserved 1114112K
  class space    used 6696K, committed 7168K, reserved 1048576K
}
Event: 16.011 GC heap after
{Heap after GC invocations=38 (full 3):
 PSYoungGen      total 21504K, used 1008K [0x00000000d5580000, 0x00000000d6e00000, 0x0000000100000000)
  eden space 20480K, 0% used [0x00000000d5580000,0x00000000d5580000,0x00000000d6980000)
  from space 1024K, 98% used [0x00000000d6c00000,0x00000000d6cfc100,0x00000000d6d00000)
  to   space 1024K, 0% used [0x00000000d6d00000,0x00000000d6d00000,0x00000000d6e00000)
 ParOldGen       total 68608K, used 41924K [0x0000000080000000, 0x0000000084300000, 0x00000000d5580000)
  object space 68608K, 61% used [0x0000000080000000,0x00000000828f1388,0x0000000084300000)
 Metaspace       used 61747K, committed 62976K, reserved 1114112K
  class space    used 6696K, committed 7168K, reserved 1048576K
}
Event: 16.326 GC heap before
{Heap before GC invocations=39 (full 3):
 PSYoungGen      total 21504K, used 21433K [0x00000000d5580000, 0x00000000d6e00000, 0x0000000100000000)
  eden space 20480K, 99% used [0x00000000d5580000,0x00000000d6972448,0x00000000d6980000)
  from space 1024K, 98% used [0x00000000d6c00000,0x00000000d6cfc100,0x00000000d6d00000)
  to   space 1024K, 0% used [0x00000000d6d00000,0x00000000d6d00000,0x00000000d6e00000)
 ParOldGen       total 68608K, used 41924K [0x0000000080000000, 0x0000000084300000, 0x00000000d5580000)
  object space 68608K, 61% used [0x0000000080000000,0x00000000828f1388,0x0000000084300000)
 Metaspace       used 63602K, committed 64896K, reserved 1114112K
  class space    used 6875K, committed 7360K, reserved 1048576K
}
Event: 16.329 GC heap after
{Heap after GC invocations=39 (full 3):
 PSYoungGen      total 21504K, used 1020K [0x00000000d5580000, 0x00000000d6e80000, 0x0000000100000000)
  eden space 20480K, 0% used [0x00000000d5580000,0x00000000d5580000,0x00000000d6980000)
  from space 1024K, 99% used [0x00000000d6d00000,0x00000000d6dff398,0x00000000d6e00000)
  to   space 2560K, 0% used [0x00000000d6980000,0x00000000d6980000,0x00000000d6c00000)
 ParOldGen       total 68608K, used 43007K [0x0000000080000000, 0x0000000084300000, 0x00000000d5580000)
  object space 68608K, 62% used [0x0000000080000000,0x00000000829ffd10,0x0000000084300000)
 Metaspace       used 63602K, committed 64896K, reserved 1114112K
  class space    used 6875K, committed 7360K, reserved 1048576K
}
Event: 16.546 GC heap before
{Heap before GC invocations=40 (full 3):
 PSYoungGen      total 21504K, used 16338K [0x00000000d5580000, 0x00000000d6e80000, 0x0000000100000000)
  eden space 20480K, 74% used [0x00000000d5580000,0x00000000d64754b0,0x00000000d6980000)
  from space 1024K, 99% used [0x00000000d6d00000,0x00000000d6dff398,0x00000000d6e00000)
  to   space 2560K, 0% used [0x00000000d6980000,0x00000000d6980000,0x00000000d6c00000)
 ParOldGen       total 68608K, used 43007K [0x0000000080000000, 0x0000000084300000, 0x00000000d5580000)
  object space 68608K, 62% used [0x0000000080000000,0x00000000829ffd10,0x0000000084300000)
 Metaspace       used 63943K, committed 65216K, reserved 1114112K
  class space    used 6913K, committed 7424K, reserved 1048576K
}
Event: 16.553 GC heap after
{Heap after GC invocations=40 (full 3):
 PSYoungGen      total 22528K, used 1833K [0x00000000d5580000, 0x00000000d6d80000, 0x0000000100000000)
  eden space 20480K, 0% used [0x00000000d5580000,0x00000000d5580000,0x00000000d6980000)
  from space 2048K, 89% used [0x00000000d6980000,0x00000000d6b4a780,0x00000000d6b80000)
  to   space 2048K, 0% used [0x00000000d6b80000,0x00000000d6b80000,0x00000000d6d80000)
 ParOldGen       total 68608K, used 52918K [0x0000000080000000, 0x0000000084300000, 0x00000000d5580000)
  object space 68608K, 77% used [0x0000000080000000,0x00000000833ad888,0x0000000084300000)
 Metaspace       used 63943K, committed 65216K, reserved 1114112K
  class space    used 6913K, committed 7424K, reserved 1048576K
}
Event: 16.778 GC heap before
{Heap before GC invocations=41 (full 3):
 PSYoungGen      total 22528K, used 22313K [0x00000000d5580000, 0x00000000d6d80000, 0x0000000100000000)
  eden space 20480K, 100% used [0x00000000d5580000,0x00000000d6980000,0x00000000d6980000)
  from space 2048K, 89% used [0x00000000d6980000,0x00000000d6b4a780,0x00000000d6b80000)
  to   space 2048K, 0% used [0x00000000d6b80000,0x00000000d6b80000,0x00000000d6d80000)
 ParOldGen       total 91136K, used 90256K [0x0000000080000000, 0x0000000085900000, 0x00000000d5580000)
  object space 91136K, 99% used [0x0000000080000000,0x00000000858243d8,0x0000000085900000)
 Metaspace       used 64416K, committed 65728K, reserved 1114112K
  class space    used 6955K, committed 7488K, reserved 1048576K
}
Event: 16.781 GC heap after
{Heap after GC invocations=41 (full 3):
 PSYoungGen      total 18944K, used 2021K [0x00000000d5580000, 0x00000000d7480000, 0x0000000100000000)
  eden space 16896K, 0% used [0x00000000d5580000,0x00000000d5580000,0x00000000d6600000)
  from space 2048K, 98% used [0x00000000d6b80000,0x00000000d6d79620,0x00000000d6d80000)
  to   space 5632K, 0% used [0x00000000d6600000,0x00000000d6600000,0x00000000d6b80000)
 ParOldGen       total 93184K, used 92967K [0x0000000080000000, 0x0000000085b00000, 0x00000000d5580000)
  object space 93184K, 99% used [0x0000000080000000,0x0000000085ac9e30,0x0000000085b00000)
 Metaspace       used 64416K, committed 65728K, reserved 1114112K
  class space    used 6955K, committed 7488K, reserved 1048576K
}
Event: 16.851 GC heap before
{Heap before GC invocations=42 (full 3):
 PSYoungGen      total 18944K, used 18917K [0x00000000d5580000, 0x00000000d7480000, 0x0000000100000000)
  eden space 16896K, 100% used [0x00000000d5580000,0x00000000d6600000,0x00000000d6600000)
  from space 2048K, 98% used [0x00000000d6b80000,0x00000000d6d79620,0x00000000d6d80000)
  to   space 5632K, 0% used [0x00000000d6600000,0x00000000d6600000,0x00000000d6b80000)
 ParOldGen       total 93184K, used 92967K [0x0000000080000000, 0x0000000085b00000, 0x00000000d5580000)
  object space 93184K, 99% used [0x0000000080000000,0x0000000085ac9e30,0x0000000085b00000)
 Metaspace       used 64937K, committed 66240K, reserved 1114112K
  class space    used 7000K, committed 7552K, reserved 1048576K
}
Event: 16.858 GC heap after
{Heap after GC invocations=42 (full 3):
 PSYoungGen      total 22528K, used 5604K [0x00000000d5580000, 0x00000000d7c00000, 0x0000000100000000)
  eden space 16896K, 0% used [0x00000000d5580000,0x00000000d5580000,0x00000000d6600000)
  from space 5632K, 99% used [0x00000000d6600000,0x00000000d6b793a8,0x00000000d6b80000)
  to   space 11264K, 0% used [0x00000000d7100000,0x00000000d7100000,0x00000000d7c00000)
 ParOldGen       total 97792K, used 97560K [0x0000000080000000, 0x0000000085f80000, 0x00000000d5580000)
  object space 97792K, 99% used [0x0000000080000000,0x0000000085f463f0,0x0000000085f80000)
 Metaspace       used 64937K, committed 66240K, reserved 1114112K
  class space    used 7000K, committed 7552K, reserved 1048576K
}
Event: 16.925 GC heap before
{Heap before GC invocations=43 (full 3):
 PSYoungGen      total 22528K, used 22500K [0x00000000d5580000, 0x00000000d7c00000, 0x0000000100000000)
  eden space 16896K, 100% used [0x00000000d5580000,0x00000000d6600000,0x00000000d6600000)
  from space 5632K, 99% used [0x00000000d6600000,0x00000000d6b793a8,0x00000000d6b80000)
  to   space 11264K, 0% used [0x00000000d7100000,0x00000000d7100000,0x00000000d7c00000)
 ParOldGen       total 97792K, used 97560K [0x0000000080000000, 0x0000000085f80000, 0x00000000d5580000)
  object space 97792K, 99% used [0x0000000080000000,0x0000000085f463f0,0x0000000085f80000)
 Metaspace       used 65297K, committed 66560K, reserved 1114112K
  class space    used 7026K, committed 7552K, reserved 1048576K
}
Event: 16.938 GC heap after
{Heap after GC invocations=43 (full 3):
 PSYoungGen      total 27648K, used 10387K [0x00000000d5580000, 0x00000000d7b80000, 0x0000000100000000)
  eden space 16896K, 0% used [0x00000000d5580000,0x00000000d5580000,0x00000000d6600000)
  from space 10752K, 96% used [0x00000000d7100000,0x00000000d7b24fb0,0x00000000d7b80000)
  to   space 10752K, 0% used [0x00000000d6680000,0x00000000d6680000,0x00000000d7100000)
 ParOldGen       total 103424K, used 102982K [0x0000000080000000, 0x0000000086500000, 0x00000000d5580000)
  object space 103424K, 99% used [0x0000000080000000,0x0000000086491880,0x0000000086500000)
 Metaspace       used 65297K, committed 66560K, reserved 1114112K
  class space    used 7026K, committed 7552K, reserved 1048576K
}
Event: 17.005 GC heap before
{Heap before GC invocations=44 (full 3):
 PSYoungGen      total 27648K, used 27283K [0x00000000d5580000, 0x00000000d7b80000, 0x0000000100000000)
  eden space 16896K, 100% used [0x00000000d5580000,0x00000000d6600000,0x00000000d6600000)
  from space 10752K, 96% used [0x00000000d7100000,0x00000000d7b24fb0,0x00000000d7b80000)
  to   space 10752K, 0% used [0x00000000d6680000,0x00000000d6680000,0x00000000d7100000)
 ParOldGen       total 103424K, used 102982K [0x0000000080000000, 0x0000000086500000, 0x00000000d5580000)
  object space 103424K, 99% used [0x0000000080000000,0x0000000086491880,0x0000000086500000)
 Metaspace       used 65470K, committed 66752K, reserved 1114112K
  class space    used 7036K, committed 7552K, reserved 1048576K
}
Event: 17.019 GC heap after
{Heap after GC invocations=44 (full 3):
 PSYoungGen      total 27648K, used 10736K [0x00000000d5580000, 0x00000000d9300000, 0x0000000100000000)
  eden space 16896K, 0% used [0x00000000d5580000,0x00000000d5580000,0x00000000d6600000)
  from space 10752K, 99% used [0x00000000d6680000,0x00000000d70fc010,0x00000000d7100000)
  to   space 23040K, 0% used [0x00000000d7c80000,0x00000000d7c80000,0x00000000d9300000)
 ParOldGen       total 113664K, used 113255K [0x0000000080000000, 0x0000000086f00000, 0x00000000d5580000)
  object space 113664K, 99% used [0x0000000080000000,0x0000000086e99ea0,0x0000000086f00000)
 Metaspace       used 65470K, committed 66752K, reserved 1114112K
  class space    used 7036K, committed 7552K, reserved 1048576K
}
Event: 17.216 GC heap before
{Heap before GC invocations=45 (full 3):
 PSYoungGen      total 27648K, used 27620K [0x00000000d5580000, 0x00000000d9300000, 0x0000000100000000)
  eden space 16896K, 99% used [0x00000000d5580000,0x00000000d65fd2d0,0x00000000d6600000)
  from space 10752K, 99% used [0x00000000d6680000,0x00000000d70fc010,0x00000000d7100000)
  to   space 23040K, 0% used [0x00000000d7c80000,0x00000000d7c80000,0x00000000d9300000)
 ParOldGen       total 113664K, used 113255K [0x0000000080000000, 0x0000000086f00000, 0x00000000d5580000)
  object space 113664K, 99% used [0x0000000080000000,0x0000000086e99ea0,0x0000000086f00000)
 Metaspace       used 66301K, committed 67520K, reserved 1114112K
  class space    used 7119K, committed 7616K, reserved 1048576K
}
Event: 17.229 GC heap after
{Heap after GC invocations=45 (full 3):
 PSYoungGen      total 25088K, used 7968K [0x00000000d5580000, 0x00000000d8480000, 0x0000000100000000)
  eden space 16896K, 0% used [0x00000000d5580000,0x00000000d5580000,0x00000000d6600000)
  from space 8192K, 97% used [0x00000000d7c80000,0x00000000d8448000,0x00000000d8480000)
  to   space 12800K, 0% used [0x00000000d6b80000,0x00000000d6b80000,0x00000000d7800000)
 ParOldGen       total 123904K, used 123556K [0x0000000080000000, 0x0000000087900000, 0x00000000d5580000)
  object space 123904K, 99% used [0x0000000080000000,0x00000000878a9278,0x0000000087900000)
 Metaspace       used 66301K, committed 67520K, reserved 1114112K
  class space    used 7119K, committed 7616K, reserved 1048576K
}

Dll operation events (12 events):
Event: 0.018 Loaded shared library c:\Users\faiza\.vscode\extensions\redhat.java-1.54.0-win32-x64\jre\21.0.10-win32-x86_64\bin\java.dll
Event: 0.150 Loaded shared library c:\Users\faiza\.vscode\extensions\redhat.java-1.54.0-win32-x64\jre\21.0.10-win32-x86_64\bin\zip.dll
Event: 0.182 Loaded shared library C:\Users\faiza\.vscode\extensions\redhat.java-1.54.0-win32-x64\jre\21.0.10-win32-x86_64\bin\instrument.dll
Event: 0.190 Loaded shared library C:\Users\faiza\.vscode\extensions\redhat.java-1.54.0-win32-x64\jre\21.0.10-win32-x86_64\bin\net.dll
Event: 0.194 Loaded shared library C:\Users\faiza\.vscode\extensions\redhat.java-1.54.0-win32-x64\jre\21.0.10-win32-x86_64\bin\nio.dll
Event: 0.200 Loaded shared library C:\Users\faiza\.vscode\extensions\redhat.java-1.54.0-win32-x64\jre\21.0.10-win32-x86_64\bin\zip.dll
Event: 0.231 Loaded shared library C:\Users\faiza\.vscode\extensions\redhat.java-1.54.0-win32-x64\jre\21.0.10-win32-x86_64\bin\jimage.dll
Event: 0.359 Loaded shared library c:\Users\faiza\.vscode\extensions\redhat.java-1.54.0-win32-x64\jre\21.0.10-win32-x86_64\bin\verify.dll
Event: 1.814 Loaded shared library C:\Users\faiza\AppData\Roaming\Code\User\globalStorage\redhat.java\1.54.0\config_win\org.eclipse.equinox.launcher\org.eclipse.equinox.launcher.win32.win32.x86_64_1.3.0.v20260203-2149\eclipse_11919.dll
Event: 5.864 Loaded shared library C:\Users\faiza\AppData\Local\Temp\jna-97193653\jna6171474526118503636.dll
Event: 8.350 Loaded shared library C:\Users\faiza\.vscode\extensions\redhat.java-1.54.0-win32-x64\jre\21.0.10-win32-x86_64\bin\sunmscapi.dll
Event: 8.504 Loaded shared library C:\Users\faiza\.vscode\extensions\redhat.java-1.54.0-win32-x64\jre\21.0.10-win32-x86_64\bin\extnet.dll

Deoptimization events (20 events):
Event: 31.611 Thread 0x000002cb0e2084e0 Uncommon trap: trap_request=0xffffff45 fr.pc=0x000002cab9f726a0 relative=0x0000000000000d60
Event: 31.611 Thread 0x000002cb0e2084e0 Uncommon trap: reason=unstable_if action=reinterpret pc=0x000002cab9f726a0 method=java.util.HashMap.putVal(ILjava/lang/Object;Ljava/lang/Object;ZZ)Ljava/lang/Object; @ 94 c2
Event: 31.612 Thread 0x000002cb0e2084e0 DEOPT PACKING pc=0x000002cab9f726a0 sp=0x000000fac06febf0
Event: 31.612 Thread 0x000002cb0e2084e0 DEOPT UNPACKING pc=0x000002cab9413aa2 sp=0x000000fac06fea90 mode 2
Event: 31.627 Thread 0x000002cb0e2084e0 DEOPT PACKING pc=0x000002cab31cd95e sp=0x000000fac06fea80
Event: 31.627 Thread 0x000002cb0e2084e0 DEOPT UNPACKING pc=0x000002cab9414242 sp=0x000000fac06fdfd8 mode 0
Event: 31.628 Thread 0x000002cb0e2084e0 DEOPT PACKING pc=0x000002cab31cd95e sp=0x000000fac06fea80
Event: 31.628 Thread 0x000002cb0e2084e0 DEOPT UNPACKING pc=0x000002cab9414242 sp=0x000000fac06fdfd8 mode 0
Event: 31.629 Thread 0x000002cb0e2084e0 DEOPT PACKING pc=0x000002cab31cd95e sp=0x000000fac06fea80
Event: 31.629 Thread 0x000002cb0e2084e0 DEOPT UNPACKING pc=0x000002cab9414242 sp=0x000000fac06fdfd8 mode 0
Event: 31.631 Thread 0x000002cb0e2084e0 DEOPT PACKING pc=0x000002cab31cd95e sp=0x000000fac06fea80
Event: 31.631 Thread 0x000002cb0e2084e0 DEOPT UNPACKING pc=0x000002cab9414242 sp=0x000000fac06fdfd8 mode 0
Event: 31.631 Thread 0x000002cb0e2084e0 DEOPT PACKING pc=0x000002cab31cd95e sp=0x000000fac06fea80
Event: 31.631 Thread 0x000002cb0e2084e0 DEOPT UNPACKING pc=0x000002cab9414242 sp=0x000000fac06fdfd8 mode 0
Event: 31.632 Thread 0x000002cb0e2084e0 DEOPT PACKING pc=0x000002cab31cd95e sp=0x000000fac06fea80
Event: 31.632 Thread 0x000002cb0e2084e0 DEOPT UNPACKING pc=0x000002cab9414242 sp=0x000000fac06fdfd8 mode 0
Event: 554.919 Thread 0x000002cb108dc610 Uncommon trap: trap_request=0xffffffde fr.pc=0x000002cab9d0a998 relative=0x0000000000000078
Event: 554.919 Thread 0x000002cb108dc610 Uncommon trap: reason=class_check action=maybe_recompile pc=0x000002cab9d0a998 method=java.util.LinkedHashMap.afterNodeInsertion(Z)V @ 15 c2
Event: 554.919 Thread 0x000002cb108dc610 DEOPT PACKING pc=0x000002cab9d0a998 sp=0x000000fabebfeb60
Event: 554.919 Thread 0x000002cb108dc610 DEOPT UNPACKING pc=0x000002cab9413aa2 sp=0x000000fabebfead8 mode 2

Classes loaded (20 events):
Event: 31.708 Loading class sun/util/cldr/CLDRTimeZoneNameProviderImpl
Event: 31.708 Loading class sun/util/locale/provider/TimeZoneNameProviderImpl
Event: 31.709 Loading class sun/util/locale/provider/TimeZoneNameProviderImpl done
Event: 31.709 Loading class sun/util/cldr/CLDRTimeZoneNameProviderImpl done
Event: 31.711 Loading class sun/util/resources/cldr/TimeZoneNames
Event: 31.711 Loading class sun/util/resources/TimeZoneNamesBundle
Event: 31.711 Loading class sun/util/resources/OpenListResourceBundle
Event: 31.711 Loading class sun/util/resources/OpenListResourceBundle done
Event: 31.711 Loading class sun/util/resources/TimeZoneNamesBundle done
Event: 31.711 Loading class sun/util/resources/cldr/TimeZoneNames done
Event: 31.712 Loading class sun/util/resources/cldr/TimeZoneNames_en
Event: 31.714 Loading class sun/util/resources/cldr/TimeZoneNames_en done
Event: 31.714 Loading class sun/util/resources/cldr/TimeZoneNames_en_US
Event: 31.714 Loading class sun/util/resources/cldr/TimeZoneNames_en_US done
Event: 31.717 Loading class sun/util/cldr/CLDRBaseLocaleDataMetaInfo$TZCanonicalIDMapHolder
Event: 31.719 Loading class sun/util/cldr/CLDRBaseLocaleDataMetaInfo$TZCanonicalIDMapHolder done
Event: 31.722 Loading class sun/util/resources/TimeZoneNames
Event: 31.724 Loading class sun/util/resources/TimeZoneNames done
Event: 31.725 Loading class sun/util/resources/TimeZoneNames_en
Event: 31.725 Loading class sun/util/resources/TimeZoneNames_en done

Classes unloaded (19 events):
Event: 6.524 Thread 0x000002cac5804080 Unloading class 0x000002cac71a9000 'java/lang/invoke/LambdaForm$MH+0x000002cac71a9000'
Event: 6.524 Thread 0x000002cac5804080 Unloading class 0x000002cac71a8c00 'java/lang/invoke/LambdaForm$MH+0x000002cac71a8c00'
Event: 6.524 Thread 0x000002cac5804080 Unloading class 0x000002cac71a8800 'java/lang/invoke/LambdaForm$MH+0x000002cac71a8800'
Event: 6.524 Thread 0x000002cac5804080 Unloading class 0x000002cac71a8400 'java/lang/invoke/LambdaForm$MH+0x000002cac71a8400'
Event: 6.524 Thread 0x000002cac5804080 Unloading class 0x000002cac71a8000 'java/lang/invoke/LambdaForm$BMH+0x000002cac71a8000'
Event: 6.524 Thread 0x000002cac5804080 Unloading class 0x000002cac71a7c00 'java/lang/invoke/LambdaForm$DMH+0x000002cac71a7c00'
Event: 6.524 Thread 0x000002cac5804080 Unloading class 0x000002cac71a6800 'java/lang/invoke/LambdaForm$DMH+0x000002cac71a6800'
Event: 8.172 Thread 0x000002cac5804080 Unloading class 0x000002cac7328800 'java/lang/invoke/LambdaForm$MH+0x000002cac7328800'
Event: 8.172 Thread 0x000002cac5804080 Unloading class 0x000002cac7327c00 'java/lang/invoke/LambdaForm$MH+0x000002cac7327c00'
Event: 8.172 Thread 0x000002cac5804080 Unloading class 0x000002cac7327400 'java/lang/invoke/LambdaForm$MH+0x000002cac7327400'
Event: 8.172 Thread 0x000002cac5804080 Unloading class 0x000002cac7326c00 'java/lang/invoke/LambdaForm$MH+0x000002cac7326c00'
Event: 8.172 Thread 0x000002cac5804080 Unloading class 0x000002cac7326800 'java/lang/invoke/LambdaForm$DMH+0x000002cac7326800'
Event: 8.172 Thread 0x000002cac5804080 Unloading class 0x000002cac7322800 'java/lang/invoke/LambdaForm$MH+0x000002cac7322800'
Event: 8.172 Thread 0x000002cac5804080 Unloading class 0x000002cac7322000 'java/lang/invoke/LambdaForm$MH+0x000002cac7322000'
Event: 8.172 Thread 0x000002cac5804080 Unloading class 0x000002cac7321800 'java/lang/invoke/LambdaForm$MH+0x000002cac7321800'
Event: 8.172 Thread 0x000002cac5804080 Unloading class 0x000002cac7321000 'java/lang/invoke/LambdaForm$MH+0x000002cac7321000'
Event: 8.172 Thread 0x000002cac5804080 Unloading class 0x000002cac7320800 'java/lang/invoke/LambdaForm$MH+0x000002cac7320800'
Event: 8.172 Thread 0x000002cac5804080 Unloading class 0x000002cac7320000 'java/lang/invoke/LambdaForm$MH+0x000002cac7320000'
Event: 8.172 Thread 0x000002cac5804080 Unloading class 0x000002cac731b800 'java/lang/invoke/LambdaForm$MH+0x000002cac731b800'

Classes redefined (0 events):
No events

Internal exceptions (20 events):
Event: 16.287 Thread 0x000002cb0e9181c0 Exception <a 'sun/nio/fs/WindowsException'{0x00000000d68c2a70}> (0x00000000d68c2a70) 
thrown [s\src\hotspot\share\prims\jni.cpp, line 520]
Event: 16.287 Thread 0x000002cb0e9181c0 Exception <a 'sun/nio/fs/WindowsException'{0x00000000d68c30a0}> (0x00000000d68c30a0) 
thrown [s\src\hotspot\share\prims\jni.cpp, line 520]
Event: 16.288 Thread 0x000002cb0e9181c0 Exception <a 'sun/nio/fs/WindowsException'{0x00000000d68c3c80}> (0x00000000d68c3c80) 
thrown [s\src\hotspot\share\prims\jni.cpp, line 520]
Event: 16.288 Thread 0x000002cb0e9181c0 Exception <a 'sun/nio/fs/WindowsException'{0x00000000d68c42b0}> (0x00000000d68c42b0) 
thrown [s\src\hotspot\share\prims\jni.cpp, line 520]
Event: 16.565 Thread 0x000002cb108dcca0 Exception <a 'sun/nio/fs/WindowsException'{0x00000000d5d49c48}> (0x00000000d5d49c48) 
thrown [s\src\hotspot\share\prims\jni.cpp, line 520]
Event: 16.565 Thread 0x000002cb108dcca0 Exception <a 'sun/nio/fs/WindowsException'{0x00000000d5d4a548}> (0x00000000d5d4a548) 
thrown [s\src\hotspot\share\prims\jni.cpp, line 520]
Event: 16.566 Thread 0x000002cb108dcca0 Exception <a 'sun/nio/fs/WindowsException'{0x00000000d5d53f80}> (0x00000000d5d53f80) 
thrown [s\src\hotspot\share\prims\jni.cpp, line 520]
Event: 16.566 Thread 0x000002cb108dcca0 Exception <a 'sun/nio/fs/WindowsException'{0x00000000d5d54860}> (0x00000000d5d54860) 
thrown [s\src\hotspot\share\prims\jni.cpp, line 520]
Event: 16.569 Thread 0x000002cb108dcca0 Exception <a 'sun/nio/fs/WindowsException'{0x00000000d5d55e20}> (0x00000000d5d55e20) 
thrown [s\src\hotspot\share\prims\jni.cpp, line 520]
Event: 16.569 Thread 0x000002cb108dcca0 Exception <a 'sun/nio/fs/WindowsException'{0x00000000d5d56700}> (0x00000000d5d56700) 
thrown [s\src\hotspot\share\prims\jni.cpp, line 520]
Event: 16.570 Thread 0x000002cb108dcca0 Exception <a 'sun/nio/fs/WindowsException'{0x00000000d5d57590}> (0x00000000d5d57590) 
thrown [s\src\hotspot\share\prims\jni.cpp, line 520]
Event: 16.570 Thread 0x000002cb108dcca0 Exception <a 'sun/nio/fs/WindowsException'{0x00000000d5d57bc0}> (0x00000000d5d57bc0) 
thrown [s\src\hotspot\share\prims\jni.cpp, line 520]
Event: 16.621 Thread 0x000002cb0e9181c0 Exception <a 'java/lang/NoSuchMethodError'{0x00000000d5f7f270}: 'java.lang.Object java.lang.invoke.DirectMethodHandle$Holder.invokeStatic(java.lang.Object, java.lang.Object, int, java.lang.Object)'> (0x00000000d5f7f270) 
thrown [s\src\hotspot\share\interpreter\linkResolver.cpp, line 773]
Event: 16.622 Thread 0x000002cb0e9181c0 Exception <a 'java/lang/NoSuchMethodError'{0x00000000d5f85bf8}: 'java.lang.Object java.lang.invoke.DirectMethodHandle$Holder.newInvokeSpecial(java.lang.Object, java.lang.Object, int)'> (0x00000000d5f85bf8) 
thrown [s\src\hotspot\share\interpreter\linkResolver.cpp, line 773]
Event: 16.701 Thread 0x000002cb0e918850 Exception <a 'java/io/FileNotFoundException'{0x00000000d612eae8}> (0x00000000d612eae8) 
thrown [s\src\hotspot\share\prims\jni.cpp, line 520]
Event: 16.702 Thread 0x000002cb0e918850 Exception <a 'java/io/FileNotFoundException'{0x00000000d612fd48}> (0x00000000d612fd48) 
thrown [s\src\hotspot\share\prims\jni.cpp, line 520]
Event: 16.703 Thread 0x000002cb0e918850 Exception <a 'java/io/FileNotFoundException'{0x00000000d6130ab0}> (0x00000000d6130ab0) 
thrown [s\src\hotspot\share\prims\jni.cpp, line 520]
Event: 16.773 Thread 0x000002cb108dd9c0 Exception <a 'java/lang/NoSuchMethodError'{0x00000000d6864fe0}: 'java.lang.Object java.lang.invoke.DirectMethodHandle$Holder.invokeStaticInit(java.lang.Object, java.lang.Object, java.lang.Object)'> (0x00000000d6864fe0) 
thrown [s\src\hotspot\share\interpreter\linkResolver.cpp, line 773]
Event: 19.373 Thread 0x000002cb108dbf80 Exception <a 'java/lang/IncompatibleClassChangeError'{0x00000000d5fa09f8}: Found class java.lang.Object, but interface was expected> (0x00000000d5fa09f8) 
thrown [s\src\hotspot\share\interpreter\linkResolver.cpp, line 840]
Event: 19.379 Thread 0x000002cb108e07b0 Exception <a 'java/lang/NoSuchMethodError'{0x00000000d5fce268}: 'java.lang.Object java.lang.invoke.DirectMethodHandle$Holder.invokeSpecial(java.lang.Object, java.lang.Object, java.lang.Object, java.lang.Object, int, java.lang.Object, java.lang.Object)'> (0x00000000d5fce268) 
thrown [s\src\hotspot\share\interpreter\linkResolver.cpp, line 773]

ZGC Phase Switch (0 events):
No events

VM Operations (20 events):
Event: 2826.444 Executing non-safepoint VM operation: RendezvousGCThreads
Event: 2826.444 Executing non-safepoint VM operation: RendezvousGCThreads done
Event: 2946.849 Executing non-safepoint VM operation: HandshakeAllThreads (HandshakeForDeflation)
Event: 2946.849 Executing non-safepoint VM operation: HandshakeAllThreads (HandshakeForDeflation) done
Event: 2946.849 Executing non-safepoint VM operation: RendezvousGCThreads
Event: 2946.849 Executing non-safepoint VM operation: RendezvousGCThreads done
Event: 3006.268 Executing safepoint VM operation: Cleanup
Event: 3006.269 Executing safepoint VM operation: Cleanup done
Event: 3006.922 Executing non-safepoint VM operation: HandshakeAllThreads (HandshakeForDeflation)
Event: 3006.922 Executing non-safepoint VM operation: HandshakeAllThreads (HandshakeForDeflation) done
Event: 3006.922 Executing non-safepoint VM operation: RendezvousGCThreads
Event: 3006.922 Executing non-safepoint VM operation: RendezvousGCThreads done
Event: 3067.093 Executing non-safepoint VM operation: HandshakeAllThreads (HandshakeForDeflation)
Event: 3067.093 Executing non-safepoint VM operation: HandshakeAllThreads (HandshakeForDeflation) done
Event: 3067.093 Executing non-safepoint VM operation: RendezvousGCThreads
Event: 3067.093 Executing non-safepoint VM operation: RendezvousGCThreads done
Event: 3127.342 Executing non-safepoint VM operation: HandshakeAllThreads (HandshakeForDeflation)
Event: 3127.342 Executing non-safepoint VM operation: HandshakeAllThreads (HandshakeForDeflation) done
Event: 3127.342 Executing non-safepoint VM operation: RendezvousGCThreads
Event: 3127.342 Executing non-safepoint VM operation: RendezvousGCThreads done

Memory protections (0 events):
No events

Nmethod flushes (20 events):
Event: 15.050 Thread 0x000002cac5804080 flushing  nmethod 0x000002cab2922290
Event: 15.050 Thread 0x000002cac5804080 flushing  nmethod 0x000002cab2924990
Event: 15.050 Thread 0x000002cac5804080 flushing  nmethod 0x000002cab2927e90
Event: 15.050 Thread 0x000002cac5804080 flushing  nmethod 0x000002cab2928c90
Event: 15.050 Thread 0x000002cac5804080 flushing  nmethod 0x000002cab293e390
Event: 15.050 Thread 0x000002cac5804080 flushing  nmethod 0x000002cab2949b90
Event: 15.050 Thread 0x000002cac5804080 flushing  nmethod 0x000002cab294ba90
Event: 15.050 Thread 0x000002cac5804080 flushing  nmethod 0x000002cab294c990
Event: 15.050 Thread 0x000002cac5804080 flushing  nmethod 0x000002cab294d210
Event: 15.050 Thread 0x000002cac5804080 flushing  nmethod 0x000002cab294d810
Event: 15.050 Thread 0x000002cac5804080 flushing  nmethod 0x000002cab294f890
Event: 15.050 Thread 0x000002cac5804080 flushing  nmethod 0x000002cab2950d10
Event: 15.050 Thread 0x000002cac5804080 flushing  nmethod 0x000002cab2957e90
Event: 15.050 Thread 0x000002cac5804080 flushing  nmethod 0x000002cab2974a90
Event: 15.050 Thread 0x000002cac5804080 flushing  nmethod 0x000002cab299e510
Event: 15.050 Thread 0x000002cac5804080 flushing  nmethod 0x000002cab29abc10
Event: 15.050 Thread 0x000002cac5804080 flushing  nmethod 0x000002cab29f6190
Event: 15.050 Thread 0x000002cac5804080 flushing  nmethod 0x000002cab2a1cf90
Event: 15.050 Thread 0x000002cac5804080 flushing  nmethod 0x000002cab2a1d410
Event: 15.050 Thread 0x000002cac5804080 flushing  nmethod 0x000002cab2a2cf90

Events (20 events):
Event: 36.719 Thread 0x000002cb0eee1e40 Thread exited: 0x000002cb0eee1e40
Event: 37.470 Thread 0x000002cb119b8900 Thread exited: 0x000002cb119b8900
Event: 41.824 Thread 0x000002cb0e63c9c0 Thread exited: 0x000002cb0e63c9c0
Event: 77.373 Thread 0x000002cb0e972100 Thread exited: 0x000002cb0e972100
Event: 77.373 Thread 0x000002cb0e9181c0 Thread exited: 0x000002cb0e9181c0
Event: 77.373 Thread 0x000002cb0e972e20 Thread exited: 0x000002cb0e972e20
Event: 77.374 Thread 0x000002cb0e974860 Thread exited: 0x000002cb0e974860
Event: 79.394 Thread 0x000002cb108e07b0 Thread exited: 0x000002cb108e07b0
Event: 139.410 Thread 0x000002cb108d9820 Thread exited: 0x000002cb108d9820
Event: 199.410 Thread 0x000002cb108dd9c0 Thread exited: 0x000002cb108dd9c0
Event: 259.419 Thread 0x000002cb108dcca0 Thread exited: 0x000002cb108dcca0
Event: 319.420 Thread 0x000002cb108dc610 Thread exited: 0x000002cb108dc610
Event: 379.423 Thread 0x000002cb108ded70 Thread exited: 0x000002cb108ded70
Event: 439.437 Thread 0x000002cb108dfa90 Thread exited: 0x000002cb108dfa90
Event: 554.900 Thread 0x000002cb108dbf80 Thread added: 0x000002cb108d9820
Event: 554.901 Thread 0x000002cb108dbf80 Thread added: 0x000002cb108dc610
Event: 554.904 Thread 0x000002cb108dc610 Thread added: 0x000002cb108dcca0
Event: 616.824 Thread 0x000002cb108d9820 Thread exited: 0x000002cb108d9820
Event: 676.834 Thread 0x000002cb108dc610 Thread exited: 0x000002cb108dc610
Event: 736.839 Thread 0x000002cb108dcca0 Thread exited: 0x000002cb108dcca0


Dynamic libraries:
0x00007ff7e19e0000 - 0x00007ff7e19ee000 	c:\Users\faiza\.vscode\extensions\redhat.java-1.54.0-win32-x64\jre\21.0.10-win32-x86_64\bin\java.exe
0x00007fffe4940000 - 0x00007fffe4ba6000 	C:\WINDOWS\SYSTEM32\ntdll.dll
0x00007fffe44e0000 - 0x00007fffe45a9000 	C:\WINDOWS\System32\KERNEL32.DLL
0x00007fffe1fc0000 - 0x00007fffe23ba000 	C:\WINDOWS\System32\KERNELBASE.dll
0x00007fffe24a0000 - 0x00007fffe25ec000 	C:\WINDOWS\System32\ucrtbase.dll
0x00007fffad0d0000 - 0x00007fffad0e8000 	c:\Users\faiza\.vscode\extensions\redhat.java-1.54.0-win32-x64\jre\21.0.10-win32-x86_64\bin\jli.dll
0x00007fffac8b0000 - 0x00007fffac8ce000 	c:\Users\faiza\.vscode\extensions\redhat.java-1.54.0-win32-x64\jre\21.0.10-win32-x86_64\bin\VCRUNTIME140.dll
0x00007fffbd280000 - 0x00007fffbd512000 	C:\WINDOWS\WinSxS\amd64_microsoft.windows.common-controls_6595b64144ccf1df_6.0.26100.8521_none_3e08b75ce33403b3\COMCTL32.dll
0x00007fffe35d0000 - 0x00007fffe3679000 	C:\WINDOWS\System32\msvcrt.dll
0x00007fffe2740000 - 0x00007fffe276b000 	C:\WINDOWS\System32\GDI32.dll
0x00007fffe28f0000 - 0x00007fffe2ab7000 	C:\WINDOWS\System32\USER32.dll
0x00007fffe23c0000 - 0x00007fffe23e7000 	C:\WINDOWS\System32\win32u.dll
0x00007fffe1e90000 - 0x00007fffe1fbb000 	C:\WINDOWS\System32\gdi32full.dll
0x00007fffe23f0000 - 0x00007fffe2493000 	C:\WINDOWS\System32\msvcp_win.dll
0x00007fffe3c00000 - 0x00007fffe3c32000 	C:\WINDOWS\System32\IMM32.DLL
0x00007fffcf910000 - 0x00007fffcf91c000 	c:\Users\faiza\.vscode\extensions\redhat.java-1.54.0-win32-x64\jre\21.0.10-win32-x86_64\bin\vcruntime140_1.dll
0x00007fff8f050000 - 0x00007fff8f0dd000 	c:\Users\faiza\.vscode\extensions\redhat.java-1.54.0-win32-x64\jre\21.0.10-win32-x86_64\bin\msvcp140.dll
0x00007fff5b160000 - 0x00007fff5bf01000 	c:\Users\faiza\.vscode\extensions\redhat.java-1.54.0-win32-x64\jre\21.0.10-win32-x86_64\bin\server\jvm.dll
0x00007fffe3eb0000 - 0x00007fffe3f66000 	C:\WINDOWS\System32\ADVAPI32.dll
0x00007fffe3c60000 - 0x00007fffe3d0a000 	C:\WINDOWS\System32\sechost.dll
0x00007fffe4790000 - 0x00007fffe48a8000 	C:\WINDOWS\System32\RPCRT4.dll
0x00007fffe26b0000 - 0x00007fffe2730000 	C:\WINDOWS\System32\WS2_32.dll
0x00007fffd0c60000 - 0x00007fffd0c6b000 	C:\WINDOWS\SYSTEM32\VERSION.dll
0x00007fffe1a50000 - 0x00007fffe1aae000 	C:\WINDOWS\SYSTEM32\POWRPROF.dll
0x00007fffcf2d0000 - 0x00007fffcf306000 	C:\WINDOWS\SYSTEM32\WINMM.dll
0x00007fffe1a30000 - 0x00007fffe1a44000 	C:\WINDOWS\SYSTEM32\UMPDC.dll
0x00007fffe0930000 - 0x00007fffe094b000 	C:\WINDOWS\SYSTEM32\kernel.appcore.dll
0x00007fffcf490000 - 0x00007fffcf49a000 	c:\Users\faiza\.vscode\extensions\redhat.java-1.54.0-win32-x64\jre\21.0.10-win32-x86_64\bin\jimage.dll
0x00007fffdf4c0000 - 0x00007fffdf702000 	C:\WINDOWS\SYSTEM32\DBGHELP.DLL
0x00007fffe4150000 - 0x00007fffe44d3000 	C:\WINDOWS\System32\combase.dll
0x00007fffe3db0000 - 0x00007fffe3e89000 	C:\WINDOWS\System32\OLEAUT32.dll
0x00007fffbab30000 - 0x00007fffbab6b000 	C:\WINDOWS\SYSTEM32\dbgcore.DLL
0x00007fffe1d50000 - 0x00007fffe1df8000 	C:\WINDOWS\System32\bcryptPrimitives.dll
0x00007fffb6e20000 - 0x00007fffb6e2f000 	c:\Users\faiza\.vscode\extensions\redhat.java-1.54.0-win32-x64\jre\21.0.10-win32-x86_64\bin\instrument.dll
0x00007fff9e870000 - 0x00007fff9e890000 	c:\Users\faiza\.vscode\extensions\redhat.java-1.54.0-win32-x64\jre\21.0.10-win32-x86_64\bin\java.dll
0x00007fffe2ac0000 - 0x00007fffe3244000 	C:\WINDOWS\System32\SHELL32.dll
0x00007fffdf760000 - 0x00007fffdffe0000 	C:\WINDOWS\SYSTEM32\windows.storage.dll
0x00007fffe3250000 - 0x00007fffe3346000 	C:\WINDOWS\System32\SHCORE.dll
0x00007fffe2880000 - 0x00007fffe28e7000 	C:\WINDOWS\System32\shlwapi.dll
0x00007fffe1af0000 - 0x00007fffe1b19000 	C:\WINDOWS\SYSTEM32\profapi.dll
0x00007fff945a0000 - 0x00007fff945b8000 	c:\Users\faiza\.vscode\extensions\redhat.java-1.54.0-win32-x64\jre\21.0.10-win32-x86_64\bin\zip.dll
0x00007fffad5f0000 - 0x00007fffad600000 	C:\Users\faiza\.vscode\extensions\redhat.java-1.54.0-win32-x64\jre\21.0.10-win32-x86_64\bin\net.dll
0x00007fffda2d0000 - 0x00007fffda3f9000 	C:\WINDOWS\SYSTEM32\WINHTTP.dll
0x00007fffe0ed0000 - 0x00007fffe0f3c000 	C:\WINDOWS\system32\mswsock.dll
0x00007fff94250000 - 0x00007fff94266000 	C:\Users\faiza\.vscode\extensions\redhat.java-1.54.0-win32-x64\jre\21.0.10-win32-x86_64\bin\nio.dll
0x00007fffa0500000 - 0x00007fffa0510000 	c:\Users\faiza\.vscode\extensions\redhat.java-1.54.0-win32-x64\jre\21.0.10-win32-x86_64\bin\verify.dll
0x00007fff91220000 - 0x00007fff91265000 	C:\Users\faiza\AppData\Roaming\Code\User\globalStorage\redhat.java\1.54.0\config_win\org.eclipse.equinox.launcher\org.eclipse.equinox.launcher.win32.win32.x86_64_1.3.0.v20260203-2149\eclipse_11919.dll
0x00007fffe3430000 - 0x00007fffe35c8000 	C:\WINDOWS\System32\ole32.dll
0x00007fffe11b0000 - 0x00007fffe11cb000 	C:\WINDOWS\SYSTEM32\CRYPTSP.dll
0x00007fffe0890000 - 0x00007fffe08c9000 	C:\WINDOWS\system32\rsaenh.dll
0x00007fffe0f80000 - 0x00007fffe0fb3000 	C:\WINDOWS\SYSTEM32\USERENV.dll
0x00007fffe1ac0000 - 0x00007fffe1aea000 	C:\WINDOWS\SYSTEM32\bcrypt.dll
0x00007fffe11d0000 - 0x00007fffe11dc000 	C:\WINDOWS\SYSTEM32\CRYPTBASE.dll
0x00007fffe0310000 - 0x00007fffe0343000 	C:\WINDOWS\SYSTEM32\IPHLPAPI.DLL
0x00007fffe3da0000 - 0x00007fffe3daa000 	C:\WINDOWS\System32\NSI.dll
0x00007fffc5860000 - 0x00007fffc58a9000 	C:\Users\faiza\AppData\Local\Temp\jna-97193653\jna6171474526118503636.dll
0x00007fffe3e90000 - 0x00007fffe3e98000 	C:\WINDOWS\System32\PSAPI.DLL
0x00007fffdb260000 - 0x00007fffdb27d000 	C:\WINDOWS\SYSTEM32\dhcpcsvc6.DLL
0x00007fffdb230000 - 0x00007fffdb255000 	C:\WINDOWS\SYSTEM32\dhcpcsvc.DLL
0x00007fffd84b0000 - 0x00007fffd84be000 	C:\Users\faiza\.vscode\extensions\redhat.java-1.54.0-win32-x64\jre\21.0.10-win32-x86_64\bin\sunmscapi.dll
0x00007fffe1bd0000 - 0x00007fffe1d48000 	C:\WINDOWS\System32\CRYPT32.dll
0x00007fffe13d0000 - 0x00007fffe1400000 	C:\WINDOWS\SYSTEM32\ncrypt.dll
0x00007fffe1380000 - 0x00007fffe13bf000 	C:\WINDOWS\SYSTEM32\NTASN1.dll
0x00007fffe03a0000 - 0x00007fffe04ea000 	C:\WINDOWS\SYSTEM32\DNSAPI.dll
0x00007fffe0cb0000 - 0x00007fffe0cbd000 	C:\WINDOWS\SYSTEM32\DSPARSE.dll
0x00007fffd9a90000 - 0x00007fffd9a9b000 	C:\Windows\System32\rasadhlp.dll
0x00007fffdb550000 - 0x00007fffdb5d6000 	C:\WINDOWS\System32\fwpuclnt.dll
0x00007fffd84a0000 - 0x00007fffd84a9000 	C:\Users\faiza\.vscode\extensions\redhat.java-1.54.0-win32-x64\jre\21.0.10-win32-x86_64\bin\extnet.dll

JVMTI agents:
c:\Users\faiza\.vscode\extensions\redhat.java-1.54.0-win32-x64\lombok\lombok-1.18.39-4050.jar path:c:\Users\faiza\.vscode\extensions\redhat.java-1.54.0-win32-x64\jre\21.0.10-win32-x86_64\bin\instrument.dll, loaded, initialized, instrumentlib options:none

dbghelp: loaded successfully - version: 4.0.5 - missing functions: none
symbol engine: initialized successfully - sym options: 0x614 - pdb path: .;c:\Users\faiza\.vscode\extensions\redhat.java-1.54.0-win32-x64\jre\21.0.10-win32-x86_64\bin;C:\WINDOWS\SYSTEM32;C:\WINDOWS\WinSxS\amd64_microsoft.windows.common-controls_6595b64144ccf1df_6.0.26100.8521_none_3e08b75ce33403b3;c:\Users\faiza\.vscode\extensions\redhat.java-1.54.0-win32-x64\jre\21.0.10-win32-x86_64\bin\server;C:\Users\faiza\AppData\Roaming\Code\User\globalStorage\redhat.java\1.54.0\config_win\org.eclipse.equinox.launcher\org.eclipse.equinox.launcher.win32.win32.x86_64_1.3.0.v20260203-2149;C:\Users\faiza\AppData\Local\Temp\jna-97193653

VM Arguments:
jvm_args: --add-modules=ALL-SYSTEM --add-opens=java.base/java.util=ALL-UNNAMED --add-opens=java.base/java.lang=ALL-UNNAMED --add-opens=java.base/sun.nio.fs=ALL-UNNAMED -Declipse.application=org.eclipse.jdt.ls.core.id1 -Dosgi.bundles.defaultStartLevel=4 -Declipse.product=org.eclipse.jdt.ls.core.product -Djava.import.generatesMetadataFilesAtProjectRoot=false -DDetectVMInstallationsJob.disabled=true -Dfile.encoding=utf8 -XX:+UseParallelGC -XX:GCTimeRatio=4 -XX:AdaptiveSizePolicyWeight=90 -Dsun.zip.disableMemoryMapping=true -Xmx2G -Xms100m -Xlog:disable -javaagent:c:\Users\faiza\.vscode\extensions\redhat.java-1.54.0-win32-x64\lombok\lombok-1.18.39-4050.jar -XX:+HeapDumpOnOutOfMemoryError -XX:HeapDumpPath=c:\Users\faiza\AppData\Roaming\Code\User\workspaceStorage\c6bd0dbef03191339f53de9f05c0f471\redhat.java -Daether.dependencyCollector.impl=bf 
java_command: c:\Users\faiza\.vscode\extensions\redhat.java-1.54.0-win32-x64\server\plugins\org.eclipse.equinox.launcher_1.7.100.v20251111-0406.jar -configuration c:\Users\faiza\AppData\Roaming\Code\User\globalStorage\redhat.java\1.54.0\config_win -data c:\Users\faiza\AppData\Roaming\Code\User\workspaceStorage\c6bd0dbef03191339f53de9f05c0f471\redhat.java\jdt_ws --pipe=\\.\pipe\lsp-d7da73fd3ff451092ecaf472a97fdd54-sock
java_class_path (initial): c:\Users\faiza\.vscode\extensions\redhat.java-1.54.0-win32-x64\server\plugins\org.eclipse.equinox.launcher_1.7.100.v20251111-0406.jar
Launcher Type: SUN_STANDARD

[Global flags]
    uintx AdaptiveSizePolicyWeight                 = 90                                        {product} {command line}
     intx CICompilerCount                          = 12                                        {product} {ergonomic}
    uintx GCTimeRatio                              = 4                                         {product} {command line}
     bool HeapDumpOnOutOfMemoryError               = true                                   {manageable} {command line}
    ccstr HeapDumpPath                             = c:\Users\faiza\AppData\Roaming\Code\User\workspaceStorage\c6bd0dbef03191339f53de9f05c0f471\redhat.java         {manageable} {command line}
   size_t InitialHeapSize                          = 104857600                                 {product} {command line}
   size_t MaxHeapSize                              = 2147483648                                {product} {command line}
   size_t MaxNewSize                               = 715653120                                 {product} {ergonomic}
   size_t MinHeapDeltaBytes                        = 524288                                    {product} {ergonomic}
   size_t MinHeapSize                              = 104857600                                 {product} {command line}
   size_t NewSize                                  = 34603008                                  {product} {ergonomic}
    uintx NonNMethodCodeHeapSize                   = 7602480                                {pd product} {ergonomic}
    uintx NonProfiledCodeHeapSize                  = 122027880                              {pd product} {ergonomic}
   size_t OldSize                                  = 70254592                                  {product} {ergonomic}
    uintx ProfiledCodeHeapSize                     = 122027880                              {pd product} {ergonomic}
    uintx ReservedCodeCacheSize                    = 251658240                              {pd product} {ergonomic}
     bool SegmentedCodeCache                       = true                                      {product} {ergonomic}
   size_t SoftMaxHeapSize                          = 2147483648                             {manageable} {ergonomic}
     bool UseCompressedOops                        = true                           {product lp64_product} {ergonomic}
     bool UseLargePagesIndividualAllocation        = false                                  {pd product} {ergonomic}
     bool UseParallelGC                            = true                                      {product} {command line}

Logging:
Log output configuration:
 #0: stdout all=off uptime,level,tags foldmultilines=false
 #1: stderr all=off uptime,level,tags foldmultilines=false

Release file:
JAVA_VERSION="21.0.10" 
MODULES="java.base java.compiler java.datatransfer java.xml java.prefs java.desktop java.instrument java.logging java.management java.security.sasl java.naming java.rmi java.management.rmi java.net.http java.scripting java.security.jgss java.transaction.xa java.sql java.sql.rowset java.xml.crypto java.se java.smartcardio jdk.accessibility jdk.internal.jvmstat jdk.attach jdk.charsets jdk.internal.opt jdk.zipfs jdk.compiler jdk.crypto.ec jdk.crypto.cryptoki jdk.crypto.mscapi jdk.dynalink jdk.internal.ed jdk.editpad jdk.hotspot.agent jdk.httpserver jdk.internal.le jdk.internal.vm.ci jdk.internal.vm.compiler jdk.internal.vm.compiler.management jdk.jartool jdk.javadoc jdk.jcmd jdk.management jdk.management.agent jdk.jconsole jdk.jdeps jdk.jdwp.agent jdk.jdi jdk.jfr jdk.jshell jdk.jsobject jdk.jstatd jdk.localedata jdk.management.jfr jdk.naming.dns jdk.naming.rmi jdk.net jdk.nio.mapmode jdk.random jdk.sctp jdk.security.auth jdk.security.jgss jdk.unsupported jdk.unsupported.desktop jdk.xml.dom" 

Environment Variables:
JAVA_HOME=C:\Program Files\Java\jdk-22
PATH=C:\Users\faiza\AppData\Local\Programs\Python\Python313\Scripts\;C:\Users\faiza\AppData\Local\Programs\Python\Python313\;C:\Program Files\Common Files\Oracle\Java\javapath;C:\Program Files\Java\jdk-22\bin;%USERPROFILE%\AppData\Local\Muse Hub\lib;C:\Program Files\nodejs\;C:\ProgramData\chocolatey\bin;C:\Program Files\Git\cmd;C:\Users\faiza\AppData\Local\Python\pythoncore-3.11-64\Scripts;;C:\Program Files\NVIDIA Corporation\NVIDIA App\NvDLISR;C:\Program Files\NVIDIA Corporation\NVIDIA NvDLISR;C:\Program Files\Docker\Docker\resources\bin;C:\Program Files\MySQL\MySQL Shell 8.0\bin\;C:\Users\faiza\AppData\Local\Programs\Python\Python312\Scripts\;C:\Users\faiza\AppData\Local\Programs\Python\Python312\;C:\Users\faiza\AppData\Local\Microsoft\WindowsApps;C:\Users\faiza\AppData\Local\Programs\Microsoft VS Code\bin;C:\Users\faiza\AppData\Local\Muse Hub\lib;C:\Program Files\Java\jdk-24\bin;C:\Users\faiza\AppData\Roaming\npm;C:\Windows\System32;C:\Users\Faizan\AppData\Local\Programs\Python\Python310\Scripts;C:\Users\faiza\AppData\Local\Python\bin
USERNAME=faiza
OS=Windows_NT
PROCESSOR_IDENTIFIER=AMD64 Family 25 Model 68 Stepping 1, AuthenticAMD
TMP=C:\Users\faiza\AppData\Local\Temp
TEMP=C:\Users\faiza\AppData\Local\Temp




Periodic native trim disabled

---------------  S Y S T E M  ---------------

OS:
 Windows 11 , 64 bit Build 26100 (10.0.26100.8521)
OS uptime: 0 days 1:47 hours
Hyper-V role detected

CPU: total 16 (initial active 16) (16 cores per cpu, 2 threads per core) family 25 model 68 stepping 1 microcode 0xa404107, cx8, cmov, fxsr, ht, mmx, 3dnowpref, sse, sse2, sse3, ssse3, sse4a, sse4.1, sse4.2, popcnt, lzcnt, tsc, tscinvbit, avx, avx2, aes, erms, clmul, bmi1, bmi2, adx, sha, fma, vzeroupper, clflush, clflushopt, hv, rdtscp, rdpid, fsrm, f16c, cet_ss
Processor Information for processor 0
  Max Mhz: 3201, Current Mhz: 1989, Mhz Limit: 3201
Processor Information for processor 1
  Max Mhz: 3201, Current Mhz: 1989, Mhz Limit: 3201
Processor Information for processor 2
  Max Mhz: 3201, Current Mhz: 2508, Mhz Limit: 3201
Processor Information for processor 3
  Max Mhz: 3201, Current Mhz: 1989, Mhz Limit: 3201
Processor Information for processor 4
  Max Mhz: 3201, Current Mhz: 1989, Mhz Limit: 3201
Processor Information for processor 5
  Max Mhz: 3201, Current Mhz: 2508, Mhz Limit: 3201
Processor Information for processor 6
  Max Mhz: 3201, Current Mhz: 2508, Mhz Limit: 3201
Processor Information for processor 7
  Max Mhz: 3201, Current Mhz: 1989, Mhz Limit: 3201
Processor Information for processor 8
  Max Mhz: 3201, Current Mhz: 2508, Mhz Limit: 3201
Processor Information for processor 9
  Max Mhz: 3201, Current Mhz: 1989, Mhz Limit: 3201
Processor Information for processor 10
  Max Mhz: 3201, Current Mhz: 1989, Mhz Limit: 3201
Processor Information for processor 11
  Max Mhz: 3201, Current Mhz: 1989, Mhz Limit: 3201
Processor Information for processor 12
  Max Mhz: 3201, Current Mhz: 1989, Mhz Limit: 3201
Processor Information for processor 13
  Max Mhz: 3201, Current Mhz: 2508, Mhz Limit: 3201
Processor Information for processor 14
  Max Mhz: 3201, Current Mhz: 2508, Mhz Limit: 3201
Processor Information for processor 15
  Max Mhz: 3201, Current Mhz: 1989, Mhz Limit: 3201

Memory: 4k page, system-wide physical 15557M (1557M free)
TotalPageFile size 31941M (AvailPageFile size 109M)
current process WorkingSet (physical memory assigned to process): 33M, peak: 413M
current process commit charge ("private bytes"): 440M, peak: 499M

vm_info: OpenJDK 64-Bit Server VM (21.0.10+7-LTS) for windows-amd64 JRE (21.0.10+7-LTS), built on 2026-01-20T00:00:00Z by "admin" with MS VC++ 17.12 (VS2022)

END.
