#
# There is insufficient memory for the Java Runtime Environment to continue.
# Native memory allocation (malloc) failed to allocate 1125136 bytes. Error detail: Chunk::new
# Possible reasons:
#   The system is out of physical RAM or swap space
#   This process is running with CompressedOops enabled, and the Java Heap may be blocking the growth of the native heap
# Possible solutions:
#   Reduce memory load on the system
#   Increase physical memory or swap space
#   Check if swap backing store is full
#   Decrease Java heap size (-Xmx/-Xms)
#   Decrease number of Java threads
#   Decrease Java thread stack sizes (-Xss)
#   Set larger code cache with -XX:ReservedCodeCacheSize=
#   JVM is running with Unscaled Compressed Oops mode in which the Java heap is
#     placed in the first 4GB address space. The Java Heap base address is the
#     maximum limit for the native heap growth. Please use -XX:HeapBaseMinAddress
#     to set the Java Heap base and to place the Java Heap above 4GB virtual address.
# This output file may be truncated or incomplete.
#
#  Out of Memory Error (arena.cpp:168), pid=25884, tid=28484
#
# JRE version: OpenJDK Runtime Environment Temurin-21.0.11+10 (21.0.11+10) (build 21.0.11+10-LTS)
# Java VM: OpenJDK 64-Bit Server VM Temurin-21.0.11+10 (21.0.11+10-LTS, mixed mode, sharing, tiered, compressed oops, compressed class ptrs, parallel gc, windows-amd64)
# No core dump will be written. Minidumps are not enabled by default on client versions of Windows
#

---------------  S U M M A R Y ------------

Command Line: --add-modules=ALL-SYSTEM --add-opens=java.base/java.util=ALL-UNNAMED --add-opens=java.base/java.lang=ALL-UNNAMED --add-opens=java.base/sun.nio.fs=ALL-UNNAMED -Declipse.application=org.eclipse.jdt.ls.core.id1 -Dosgi.bundles.defaultStartLevel=4 -Declipse.product=org.eclipse.jdt.ls.core.product -Djava.import.generatesMetadataFilesAtProjectRoot=false -DDetectVMInstallationsJob.disabled=true -Dfile.encoding=utf8 -XX:+UseParallelGC -XX:GCTimeRatio=4 -XX:AdaptiveSizePolicyWeight=90 -Dsun.zip.disableMemoryMapping=true -Xmx2G -Xms100m -Xlog:disable -javaagent:c:\Users\faiza\.vscode\extensions\redhat.java-1.55.0-win32-x64\lombok\lombok-1.18.39-4050.jar -XX:+HeapDumpOnOutOfMemoryError -XX:HeapDumpPath=c:\Users\faiza\AppData\Roaming\Code\User\workspaceStorage\fe63ccb26401fa08d51125fd93fd19e4\redhat.java -Daether.dependencyCollector.impl=bf c:\Users\faiza\.vscode\extensions\redhat.java-1.55.0-win32-x64\server\plugins\org.eclipse.equinox.launcher_1.7.200.v20260619-2039.jar -configuration c:\Users\faiza\AppData\Roaming\Code\User\globalStorage\redhat.java\1.55.0\config_win -data c:\Users\faiza\AppData\Roaming\Code\User\workspaceStorage\fe63ccb26401fa08d51125fd93fd19e4\redhat.java\jdt_ws --pipe=\\.\pipe\lsp-d1497746cac4faedf1b5845d15dceb05-sock

Host: AMD Ryzen 7 6800H with Radeon Graphics         , 16 cores, 13G,  Windows 11 , 64 bit Build 26100 (10.0.26100.8737)
Time: Thu Jul 23 15:16:44 2026 India Standard Time elapsed time: 17.655744 seconds (0d 0h 0m 17s)

---------------  T H R E A D  ---------------

Current thread (0x000002b17d97f820):  JavaThread "C2 CompilerThread1" daemon [_thread_in_native, id=28484, stack(0x000000b40ee00000,0x000000b40ef00000) (1024K)]


Current CompileTask:
C2:17655 8709 % !   4       org.eclipse.jdt.internal.compiler.classfmt.ClassFileReader::<init> @ 81 (1968 bytes)

Stack: [0x000000b40ee00000,0x000000b40ef00000]
Native frames: (J=compiled Java code, j=interpreted, Vv=VM code, C=native code)
V  [jvm.dll+0x6d7e19]
V  [jvm.dll+0x8b5096]
V  [jvm.dll+0x8b764e]
V  [jvm.dll+0x8b7d33]
V  [jvm.dll+0x284596]
V  [jvm.dll+0xc685d]
V  [jvm.dll+0xc6da1]
V  [jvm.dll+0x3bed31]
V  [jvm.dll+0x1e4149]
V  [jvm.dll+0x24c853]
V  [jvm.dll+0x24bce0]
V  [jvm.dll+0x1cb4ae]
V  [jvm.dll+0x25baad]
V  [jvm.dll+0x25a03a]
V  [jvm.dll+0x3f868e]
V  [jvm.dll+0x85fb0d]
V  [jvm.dll+0x6d664d]
C  [ucrtbase.dll+0x2cd30]
C  [KERNEL32.DLL+0x2e957]
C  [ntdll.dll+0xaad6c]


---------------  P R O C E S S  ---------------

Threads class SMR info:
_java_thread_list=0x000002b1458e2ea0, length=83, elements={
0x000002b163b9cff0, 0x000002b163b4cd00, 0x000002b163c432a0, 0x000002b163c44190,
0x000002b163c46d00, 0x000002b163c47760, 0x000002b163c481c0, 0x000002b163c49000,
0x000002b17b919150, 0x000002b17b9fd410, 0x000002b17b9ff640, 0x000002b17baed500,
0x000002b17d2b67c0, 0x000002b17d904300, 0x000002b17da83aa0, 0x000002b17db4fc10,
0x000002b17db50280, 0x000002b17e2bd760, 0x000002b17e4c8490, 0x000002b17e1bec10,
0x000002b17dd33530, 0x000002b17dd30dd0, 0x000002b17dd32180, 0x000002b17d97f820,
0x000002b17f58dd50, 0x000002b17d5fa960, 0x000002b17dd33bc0, 0x000002b17dd34250,
0x000002b17dd31460, 0x000002b17dd32810, 0x000002b17dd32ea0, 0x000002b145b2c700,
0x000002b145b2acc0, 0x000002b145b2cd90, 0x000002b145b2b350, 0x000002b145b2d420,
0x000002b145b2b9e0, 0x000002b145b2dab0, 0x000002b145b2c070, 0x000002b145b2a630,
0x000002b145b2f4f0, 0x000002b145b2e7d0, 0x000002b145b2ee60, 0x000002b145b30f30,
0x000002b145b315c0, 0x000002b145b2e140, 0x000002b145b30210, 0x000002b145b31c50,
0x000002b145b2fb80, 0x000002b145132d80, 0x000002b1451319d0, 0x000002b145133aa0,
0x000002b145130cb0, 0x000002b1451326f0, 0x000002b17f224b30, 0x000002b17f223780,
0x000002b17f2244a0, 0x000002b17f225850, 0x000002b17f225ee0, 0x000002b17f222a60,
0x000002b17f226570, 0x000002b17f2230f0, 0x000002b17f22a080, 0x000002b17f2299f0,
0x000002b17f226c00, 0x000002b17f227920, 0x000002b17f227290, 0x000002b17f227fb0,
0x000002b17f228640, 0x000002b17f229360, 0x000002b145131340, 0x000002b17f6d1780,
0x000002b17f6d2b30, 0x000002b17f6d4570, 0x000002b17f6d3ee0, 0x000002b17f6d5290,
0x000002b17f6d4c00, 0x000002b17f6d1e10, 0x000002b17f6d5920, 0x000002b17f6d24a0,
0x000002b17f6d31c0, 0x000002b17f6d3850, 0x000002b17f6d7360
}

Java Threads: ( => current thread )
  0x000002b163b9cff0 JavaThread "main"                              [_thread_blocked, id=25716, stack(0x000000b40c800000,0x000000b40c900000) (1024K)]
  0x000002b163b4cd00 JavaThread "Reference Handler"          daemon [_thread_blocked, id=25024, stack(0x000000b40cc00000,0x000000b40cd00000) (1024K)]
  0x000002b163c432a0 JavaThread "Finalizer"                  daemon [_thread_blocked, id=24420, stack(0x000000b40cd00000,0x000000b40ce00000) (1024K)]
  0x000002b163c44190 JavaThread "Signal Dispatcher"          daemon [_thread_blocked, id=26188, stack(0x000000b40ce00000,0x000000b40cf00000) (1024K)]
  0x000002b163c46d00 JavaThread "Attach Listener"            daemon [_thread_blocked, id=22132, stack(0x000000b40cf00000,0x000000b40d000000) (1024K)]
  0x000002b163c47760 JavaThread "Service Thread"             daemon [_thread_blocked, id=23864, stack(0x000000b40d000000,0x000000b40d100000) (1024K)]
  0x000002b163c481c0 JavaThread "Monitor Deflation Thread"   daemon [_thread_blocked, id=860, stack(0x000000b40d100000,0x000000b40d200000) (1024K)]
  0x000002b163c49000 JavaThread "C2 CompilerThread0"         daemon [_thread_in_native, id=25608, stack(0x000000b40d200000,0x000000b40d300000) (1024K)]
  0x000002b17b919150 JavaThread "C1 CompilerThread0"         daemon [_thread_in_native, id=25596, stack(0x000000b40d300000,0x000000b40d400000) (1024K)]
  0x000002b17b9fd410 JavaThread "C1 CompilerThread1"         daemon [_thread_in_native, id=21884, stack(0x000000b40d400000,0x000000b40d500000) (1024K)]
  0x000002b17b9ff640 JavaThread "C1 CompilerThread2"         daemon [_thread_in_vm, id=26972, stack(0x000000b40d500000,0x000000b40d600000) (1024K)]
  0x000002b17baed500 JavaThread "Common-Cleaner"             daemon [_thread_blocked, id=12948, stack(0x000000b40d600000,0x000000b40d700000) (1024K)]
  0x000002b17d2b67c0 JavaThread "Notification Thread"        daemon [_thread_blocked, id=28356, stack(0x000000b40d800000,0x000000b40d900000) (1024K)]
  0x000002b17d904300 JavaThread "Active Thread: Equinox Container: 5f7f015a-7a81-4fb3-ab57-285c5686db41"        [_thread_blocked, id=28420, stack(0x000000b40df00000,0x000000b40e000000) (1024K)]
  0x000002b17da83aa0 JavaThread "Refresh Thread: Equinox Container: 5f7f015a-7a81-4fb3-ab57-285c5686db41" daemon [_thread_blocked, id=9608, stack(0x000000b40e100000,0x000000b40e200000) (1024K)]
  0x000002b17db4fc10 JavaThread "Framework Event Dispatcher: Equinox Container: 5f7f015a-7a81-4fb3-ab57-285c5686db41" daemon [_thread_blocked, id=22956, stack(0x000000b40e200000,0x000000b40e300000) (1024K)]
  0x000002b17db50280 JavaThread "Start Level: Equinox Container: 5f7f015a-7a81-4fb3-ab57-285c5686db41" daemon [_thread_blocked, id=28660, stack(0x000000b40e300000,0x000000b40e400000) (1024K)]
  0x000002b17e2bd760 JavaThread "Bundle File Closer"         daemon [_thread_blocked, id=28536, stack(0x000000b40e800000,0x000000b40e900000) (1024K)]
  0x000002b17e4c8490 JavaThread "SCR Component Actor"        daemon [_thread_blocked, id=27836, stack(0x000000b40d700000,0x000000b40d800000) (1024K)]
  0x000002b17e1bec10 JavaThread "Worker-JM"                         [_thread_blocked, id=22532, stack(0x000000b40ea00000,0x000000b40eb00000) (1024K)]
  0x000002b17dd33530 JavaThread "JNA Cleaner"                daemon [_thread_blocked, id=28304, stack(0x000000b40e400000,0x000000b40e500000) (1024K)]
  0x000002b17dd30dd0 JavaThread "Worker-0"                          [_thread_blocked, id=28316, stack(0x000000b40ec00000,0x000000b40ed00000) (1024K)]
  0x000002b17dd32180 JavaThread "Worker-1: Building"                [_thread_in_vm, id=28300, stack(0x000000b40ed00000,0x000000b40ee00000) (1024K)]
=>0x000002b17d97f820 JavaThread "C2 CompilerThread1"         daemon [_thread_in_native, id=28484, stack(0x000000b40ee00000,0x000000b40ef00000) (1024K)]
  0x000002b17f58dd50 JavaThread "C1 CompilerThread3"         daemon [_thread_in_native, id=28580, stack(0x000000b40ef00000,0x000000b40f000000) (1024K)]
  0x000002b17d5fa960 JavaThread "C2 CompilerThread2"         daemon [_thread_in_native, id=28608, stack(0x000000b40f000000,0x000000b40f100000) (1024K)]
  0x000002b17dd33bc0 JavaThread "Java indexing"              daemon [_thread_blocked, id=27404, stack(0x000000b40f100000,0x000000b40f200000) (1024K)]
  0x000002b17dd34250 JavaThread "Worker-2: Initialize workspace"        [_thread_blocked, id=28392, stack(0x000000b40f200000,0x000000b40f300000) (1024K)]
  0x000002b17dd31460 JavaThread "Worker-3: Publish Diagnostics"        [_thread_in_Java, id=27744, stack(0x000000b40f300000,0x000000b40f400000) (1024K)]
  0x000002b17dd32810 JavaThread "Worker-4"                          [_thread_blocked, id=28340, stack(0x000000b40f600000,0x000000b40f700000) (1024K)]
  0x000002b17dd32ea0 JavaThread "Worker-5"                          [_thread_blocked, id=28352, stack(0x000000b40f700000,0x000000b40f800000) (1024K)]
  0x000002b145b2c700 JavaThread "Thread-1"                   daemon [_thread_in_native, id=12088, stack(0x000000b40f800000,0x000000b40f900000) (1024K)]
  0x000002b145b2acc0 JavaThread "Thread-2"                   daemon [_thread_in_native, id=26028, stack(0x000000b40f900000,0x000000b40fa00000) (1024K)]
  0x000002b145b2cd90 JavaThread "Thread-3"                   daemon [_thread_in_native, id=27372, stack(0x000000b40fa00000,0x000000b40fb00000) (1024K)]
  0x000002b145b2b350 JavaThread "Thread-4"                   daemon [_thread_in_native, id=27368, stack(0x000000b40fb00000,0x000000b40fc00000) (1024K)]
  0x000002b145b2d420 JavaThread "Thread-5"                   daemon [_thread_in_native, id=25668, stack(0x000000b40fc00000,0x000000b40fd00000) (1024K)]
  0x000002b145b2b9e0 JavaThread "Thread-6"                   daemon [_thread_in_native, id=2508, stack(0x000000b40fd00000,0x000000b40fe00000) (1024K)]
  0x000002b145b2dab0 JavaThread "Thread-7"                   daemon [_thread_in_native, id=23928, stack(0x000000b40fe00000,0x000000b40ff00000) (1024K)]
  0x000002b145b2c070 JavaThread "Thread-8"                   daemon [_thread_in_native, id=24376, stack(0x000000b40ff00000,0x000000b410000000) (1024K)]
  0x000002b145b2a630 JavaThread "Thread-9"                   daemon [_thread_in_native, id=25756, stack(0x000000b410000000,0x000000b410100000) (1024K)]
  0x000002b145b2f4f0 JavaThread "Thread-10"                  daemon [_thread_in_native, id=24712, stack(0x000000b410100000,0x000000b410200000) (1024K)]
  0x000002b145b2e7d0 JavaThread "Thread-11"                  daemon [_thread_in_native, id=26724, stack(0x000000b410200000,0x000000b410300000) (1024K)]
  0x000002b145b2ee60 JavaThread "Thread-12"                  daemon [_thread_in_native, id=27172, stack(0x000000b410300000,0x000000b410400000) (1024K)]
  0x000002b145b30f30 JavaThread "Thread-13"                  daemon [_thread_in_native, id=5008, stack(0x000000b410400000,0x000000b410500000) (1024K)]
  0x000002b145b315c0 JavaThread "Thread-14"                  daemon [_thread_in_native, id=21344, stack(0x000000b410500000,0x000000b410600000) (1024K)]
  0x000002b145b2e140 JavaThread "Thread-15"                  daemon [_thread_in_native, id=27680, stack(0x000000b410600000,0x000000b410700000) (1024K)]
  0x000002b145b30210 JavaThread "Thread-16"                  daemon [_thread_in_native, id=11028, stack(0x000000b410700000,0x000000b410800000) (1024K)]
  0x000002b145b31c50 JavaThread "Thread-17"                  daemon [_thread_in_native, id=28036, stack(0x000000b410800000,0x000000b410900000) (1024K)]
  0x000002b145b2fb80 JavaThread "pool-2-thread-1"                   [_thread_blocked, id=27492, stack(0x000000b410900000,0x000000b410a00000) (1024K)]
  0x000002b145132d80 JavaThread "WorkspaceEventsHandler"            [_thread_blocked, id=28028, stack(0x000000b410a00000,0x000000b410b00000) (1024K)]
  0x000002b1451319d0 JavaThread "pool-1-thread-1"                   [_thread_in_native, id=28024, stack(0x000000b410b00000,0x000000b410c00000) (1024K)]
  0x000002b145133aa0 JavaThread "PatternSearchJob-worker-1"  daemon [_thread_blocked, id=27840, stack(0x000000b410c00000,0x000000b410d00000) (1024K)]
  0x000002b145130cb0 JavaThread "PatternSearchJob-worker-2"  daemon [_thread_blocked, id=15080, stack(0x000000b410d00000,0x000000b410e00000) (1024K)]
  0x000002b1451326f0 JavaThread "PatternSearchJob-worker-3"  daemon [_thread_blocked, id=28052, stack(0x000000b410e00000,0x000000b410f00000) (1024K)]
  0x000002b17f224b30 JavaThread "ForkJoinPool.commonPool-worker-1" daemon [_thread_blocked, id=28620, stack(0x000000b410f00000,0x000000b411000000) (1024K)]
  0x000002b17f223780 JavaThread "ForkJoinPool.commonPool-worker-2" daemon [_thread_blocked, id=28312, stack(0x000000b411000000,0x000000b411100000) (1024K)]
  0x000002b17f2244a0 JavaThread "ForkJoinPool.commonPool-worker-3" daemon [_thread_blocked, id=26720, stack(0x000000b411100000,0x000000b411200000) (1024K)]
  0x000002b17f225850 JavaThread "ForkJoinPool.commonPool-worker-4" daemon [_thread_blocked, id=25096, stack(0x000000b411200000,0x000000b411300000) (1024K)]
  0x000002b17f225ee0 JavaThread "ForkJoinPool.commonPool-worker-5" daemon [_thread_blocked, id=28596, stack(0x000000b411300000,0x000000b411400000) (1024K)]
  0x000002b17f222a60 JavaThread "ForkJoinPool.commonPool-worker-6" daemon [_thread_blocked, id=28544, stack(0x000000b411400000,0x000000b411500000) (1024K)]
  0x000002b17f226570 JavaThread "ForkJoinPool.commonPool-worker-7" daemon [_thread_blocked, id=16100, stack(0x000000b411500000,0x000000b411600000) (1024K)]
  0x000002b17f2230f0 JavaThread "ForkJoinPool.commonPool-worker-8" daemon [_thread_blocked, id=21804, stack(0x000000b411600000,0x000000b411700000) (1024K)]
  0x000002b17f22a080 JavaThread "ForkJoinPool.commonPool-worker-9" daemon [_thread_blocked, id=27632, stack(0x000000b411700000,0x000000b411800000) (1024K)]
  0x000002b17f2299f0 JavaThread "ForkJoinPool.commonPool-worker-10" daemon [_thread_blocked, id=28564, stack(0x000000b411800000,0x000000b411900000) (1024K)]
  0x000002b17f226c00 JavaThread "ForkJoinPool.commonPool-worker-11" daemon [_thread_blocked, id=28528, stack(0x000000b411900000,0x000000b411a00000) (1024K)]
  0x000002b17f227920 JavaThread "ForkJoinPool.commonPool-worker-12" daemon [_thread_blocked, id=22336, stack(0x000000b411a00000,0x000000b411b00000) (1024K)]
  0x000002b17f227290 JavaThread "ForkJoinPool.commonPool-worker-13" daemon [_thread_blocked, id=23344, stack(0x000000b411b00000,0x000000b411c00000) (1024K)]
  0x000002b17f227fb0 JavaThread "ForkJoinPool.commonPool-worker-14" daemon [_thread_blocked, id=26044, stack(0x000000b411c00000,0x000000b411d00000) (1024K)]
  0x000002b17f228640 JavaThread "ForkJoinPool.commonPool-worker-15" daemon [_thread_blocked, id=26840, stack(0x000000b411d00000,0x000000b411e00000) (1024K)]
  0x000002b17f229360 JavaThread "Compiler Source File Reader" daemon [_thread_blocked, id=26872, stack(0x000000b411e00000,0x000000b411f00000) (1024K)]
  0x000002b145131340 JavaThread "Compiler Source File Reader" daemon [_thread_blocked, id=27088, stack(0x000000b411f00000,0x000000b412000000) (1024K)]
  0x000002b17f6d1780 JavaThread "Compiler Source File Reader" daemon [_thread_blocked, id=18984, stack(0x000000b412000000,0x000000b412100000) (1024K)]
  0x000002b17f6d2b30 JavaThread "Compiler Source File Reader" daemon [_thread_blocked, id=26152, stack(0x000000b412100000,0x000000b412200000) (1024K)]
  0x000002b17f6d4570 JavaThread "Compiler Source File Reader" daemon [_thread_blocked, id=24908, stack(0x000000b412200000,0x000000b412300000) (1024K)]
  0x000002b17f6d3ee0 JavaThread "Compiler Source File Reader" daemon [_thread_blocked, id=23096, stack(0x000000b412300000,0x000000b412400000) (1024K)]
  0x000002b17f6d5290 JavaThread "Compiler Source File Reader" daemon [_thread_blocked, id=25284, stack(0x000000b412400000,0x000000b412500000) (1024K)]
  0x000002b17f6d4c00 JavaThread "Compiler Source File Reader" daemon [_thread_blocked, id=22244, stack(0x000000b412500000,0x000000b412600000) (1024K)]
  0x000002b17f6d1e10 JavaThread "Compiler Source File Reader" daemon [_thread_blocked, id=24888, stack(0x000000b412600000,0x000000b412700000) (1024K)]
  0x000002b17f6d5920 JavaThread "Compiler Source File Reader" daemon [_thread_blocked, id=28404, stack(0x000000b412700000,0x000000b412800000) (1024K)]
  0x000002b17f6d24a0 JavaThread "Compiler Source File Reader" daemon [_thread_blocked, id=28412, stack(0x000000b412800000,0x000000b412900000) (1024K)]
  0x000002b17f6d31c0 JavaThread "Compiler Source File Reader" daemon [_thread_blocked, id=27200, stack(0x000000b412900000,0x000000b412a00000) (1024K)]
  0x000002b17f6d3850 JavaThread "Compiler Source File Reader" daemon [_thread_blocked, id=26992, stack(0x000000b412a00000,0x000000b412b00000) (1024K)]
  0x000002b17f6d7360 JavaThread "Compiler Source File Reader" daemon [_thread_blocked, id=9988, stack(0x000000b412b00000,0x000000b412c00000) (1024K)]
Total: 83

Other Threads:
  0x000002b163c3f800 VMThread "VM Thread"                           [id=27552, stack(0x000000b40cb00000,0x000000b40cc00000) (1024K)]
  0x000002b163a2ca00 WatcherThread "VM Periodic Task Thread"        [id=25528, stack(0x000000b40ca00000,0x000000b40cb00000) (1024K)]
  0x000002b163bbb360 WorkerThread "GC Thread#0"                     [id=28444, stack(0x000000b40c900000,0x000000b40ca00000) (1024K)]
  0x000002b17d811890 WorkerThread "GC Thread#1"                     [id=28272, stack(0x000000b40d900000,0x000000b40da00000) (1024K)]
  0x000002b17d834310 WorkerThread "GC Thread#2"                     [id=28276, stack(0x000000b40da00000,0x000000b40db00000) (1024K)]
  0x000002b17d84e160 WorkerThread "GC Thread#3"                     [id=27740, stack(0x000000b40db00000,0x000000b40dc00000) (1024K)]
  0x000002b17d30b860 WorkerThread "GC Thread#4"                     [id=27860, stack(0x000000b40dc00000,0x000000b40dd00000) (1024K)]
  0x000002b17d30bc10 WorkerThread "GC Thread#5"                     [id=27868, stack(0x000000b40dd00000,0x000000b40de00000) (1024K)]
  0x000002b17d30bfc0 WorkerThread "GC Thread#6"                     [id=28572, stack(0x000000b40de00000,0x000000b40df00000) (1024K)]
  0x000002b17db61180 WorkerThread "GC Thread#7"                     [id=28520, stack(0x000000b40e000000,0x000000b40e100000) (1024K)]
  0x000002b17ddff070 WorkerThread "GC Thread#8"                     [id=27652, stack(0x000000b40e500000,0x000000b40e600000) (1024K)]
  0x000002b17de52680 WorkerThread "GC Thread#9"                     [id=22288, stack(0x000000b40e600000,0x000000b40e700000) (1024K)]
  0x000002b17dcd8630 WorkerThread "GC Thread#10"                    [id=14476, stack(0x000000b40e700000,0x000000b40e800000) (1024K)]
  0x000002b17dfe1b00 WorkerThread "GC Thread#11"                    [id=24880, stack(0x000000b40e900000,0x000000b40ea00000) (1024K)]
  0x000002b17dfe13a0 WorkerThread "GC Thread#12"                    [id=26804, stack(0x000000b40eb00000,0x000000b40ec00000) (1024K)]
Total: 15

Threads with active compile tasks:
C2 CompilerThread0  17731 8278       4       org.eclipse.jdt.internal.compiler.lookup.BinaryTypeBinding::createMethod (1666 bytes)
C2 CompilerThread1  17731 8709 % !   4       org.eclipse.jdt.internal.compiler.classfmt.ClassFileReader::<init> @ 81 (1968 bytes)
C2 CompilerThread2  17731 9127       4       org.eclipse.core.runtime.Path::computeSegments (163 bytes)
Total: 3

VM state: not at safepoint (normal execution)

VM Mutex/Monitor currently owned by a thread: None

Heap address: 0x0000000080000000, size: 2048 MB, Compressed Oops mode: 32-bit

CDS archive(s) mapped at: [0x000002b100000000-0x000002b100ba0000-0x000002b100ba0000), size 12189696, SharedBaseAddress: 0x000002b100000000, ArchiveRelocationMode: 1.
Compressed class space mapped at: 0x000002b101000000-0x000002b141000000, reserved size: 1073741824
Narrow klass base: 0x000002b100000000, Narrow klass shift: 0, Narrow klass range: 0x100000000

GC Precious Log:
 CardTable entry size: 512
 CPUs: 16 total, 16 available
 Memory: 14021M
 Large Page Support: Disabled
 NUMA Support: Disabled
 Compressed Oops: Enabled (32-bit)
 Alignments: Space 512K, Generation 512K, Heap 2M
 Heap Min Capacity: 100M
 Heap Initial Capacity: 100M
 Heap Max Capacity: 2G
 Pre-touch: Disabled
 Parallel Workers: 13

Heap:
 PSYoungGen      total 23040K, used 4417K [0x00000000d5580000, 0x00000000d6e00000, 0x0000000100000000)
  eden space 20992K, 12% used [0x00000000d5580000,0x00000000d58013b0,0x00000000d6a00000)
  from space 2048K, 91% used [0x00000000d6a00000,0x00000000d6bd4030,0x00000000d6c00000)
  to   space 2048K, 0% used [0x00000000d6c00000,0x00000000d6c00000,0x00000000d6e00000)
 ParOldGen       total 68608K, used 44349K [0x0000000080000000, 0x0000000084300000, 0x00000000d5580000)
  object space 68608K, 64% used [0x0000000080000000,0x0000000082b4f578,0x0000000084300000)
 Metaspace       used 61564K, committed 62912K, reserved 1114112K
  class space    used 6596K, committed 7232K, reserved 1048576K

Card table byte_map: [0x000002b163540000,0x000002b163950000] _byte_map_base: 0x000002b163140000

Marking Bits: (ParMarkBitMap*) 0x00007fff1b514460
 Begin Bits: [0x000002b176050000, 0x000002b178050000)
 End Bits:   [0x000002b178050000, 0x000002b17a050000)

Polling page: 0x000002b1617e0000

Metaspace:

Usage:
  Non-class:     53.68 MB used.
      Class:      6.44 MB used.
       Both:     60.12 MB used.

Virtual space:
  Non-class space:       64.00 MB reserved,      54.38 MB ( 85%) committed,  1 nodes.
      Class space:        1.00 GB reserved,       7.06 MB ( <1%) committed,  1 nodes.
             Both:        1.06 GB reserved,      61.44 MB (  6%) committed. 

Chunk freelists:
   Non-Class:  9.20 MB
       Class:  8.91 MB
        Both:  18.11 MB

MaxMetaspaceSize: unlimited
CompressedClassSpaceSize: 1.00 GB
Initial GC threshold: 21.00 MB
Current GC threshold: 97.31 MB
CDS: on
 - commit_granule_bytes: 65536.
 - commit_granule_words: 8192.
 - virtual_space_node_default_size: 8388608.
 - enlarge_chunks_in_place: 1.
 - use_allocation_guard: 0.


Internal statistics:

num_allocs_failed_limit: 9.
num_arena_births: 1008.
num_arena_deaths: 38.
num_vsnodes_births: 2.
num_vsnodes_deaths: 0.
num_space_committed: 983.
num_space_uncommitted: 0.
num_chunks_returned_to_freelist: 55.
num_chunks_taken_from_freelist: 3868.
num_chunk_merges: 13.
num_chunk_splits: 2387.
num_chunks_enlarged: 1398.
num_inconsistent_stats: 0.

CodeHeap 'non-profiled nmethods': size=119168Kb used=4609Kb max_used=4609Kb free=114558Kb
 bounds [0x000002b16e940000, 0x000002b16edd0000, 0x000002b175da0000]
CodeHeap 'profiled nmethods': size=119104Kb used=18981Kb max_used=18981Kb free=100122Kb
 bounds [0x000002b166da0000, 0x000002b168030000, 0x000002b16e1f0000]
CodeHeap 'non-nmethods': size=7488Kb used=3131Kb max_used=3184Kb free=4356Kb
 bounds [0x000002b16e1f0000, 0x000002b16e510000, 0x000002b16e940000]
CodeCache: size=245760Kb, used=26721Kb, max_used=26774Kb, free=219036Kb
 total_blobs=9242, nmethods=8486, adapters=658, full_count=0
Compilation: enabled, stopped_count=0, restarted_count=0

Compilation events (20 events):
Event: 16.555 Thread 0x000002b17d5fa960 9066       4       org.eclipse.jdt.internal.compiler.util.HashtableOfObject::putUnsafely (78 bytes)
Event: 16.555 Thread 0x000002b17b9fd410 9081       3       org.eclipse.jdt.internal.compiler.parser.Scanner::scanNumber (1293 bytes)
Event: 16.555 Thread 0x000002b17b919150 nmethod 9080 0x000002b167f7d710 code [0x000002b167f7d8c0, 0x000002b167f7da40]
Event: 16.555 Thread 0x000002b17b919150 9082       3       org.eclipse.core.internal.content.ContentType::hashCode (8 bytes)
Event: 16.556 Thread 0x000002b17b919150 nmethod 9082 0x000002b167f7db10 code [0x000002b167f7dcc0, 0x000002b167f7de00]
Event: 16.559 Thread 0x000002b17b919150 9083       1       org.eclipse.jdt.internal.compiler.ast.AbstractMethodDeclaration::isConstructor (2 bytes)
Event: 16.560 Thread 0x000002b17b919150 nmethod 9083 0x000002b16ea86090 code [0x000002b16ea86220, 0x000002b16ea862e8]
Event: 16.560 Thread 0x000002b17b919150 9084       3       org.eclipse.core.internal.filesystem.local.LocalFile::toURI (23 bytes)
Event: 16.560 Thread 0x000002b17b919150 nmethod 9084 0x000002b167f7df10 code [0x000002b167f7e0e0, 0x000002b167f7e440]
Event: 16.561 Thread 0x000002b17d5fa960 nmethod 9066 0x000002b16eab4e90 code [0x000002b16eab5080, 0x000002b16eab5590]
Event: 16.561 Thread 0x000002b17d5fa960 8946       4       sun.nio.fs.WindowsPath::hashCode (52 bytes)
Event: 16.562 Thread 0x000002b17b919150 9085       3       org.eclipse.jdt.internal.compiler.parser.Parser::consumeToken (2260 bytes)
Event: 16.562 Thread 0x000002b17b9fd410 nmethod 9081 0x000002b167f7e610 code [0x000002b167f7f040, 0x000002b167f842a0]
Event: 16.566 Thread 0x000002b17b9ff640 9086   !   3       org.eclipse.jdt.internal.compiler.parser.Scanner::getNextToken0 (3068 bytes)
Event: 16.569 Thread 0x000002b17f58dd50 9087       3       java.net.URI::normalizedHash (84 bytes)
Event: 16.569 Thread 0x000002b17d5fa960 nmethod 8946 0x000002b16ea85790 code [0x000002b16ea85960, 0x000002b16ea85c78]
Event: 16.569 Thread 0x000002b17d5fa960 8891       4       org.eclipse.jdt.internal.compiler.util.HashtableOfObjectToInt::get (59 bytes)
Event: 16.569 Thread 0x000002b17b9fd410 9088   !   3       org.eclipse.jdt.internal.compiler.parser.Scanner::getNextChar (140 bytes)
Event: 16.570 Thread 0x000002b17b9fd410 nmethod 9088 0x000002b167f85990 code [0x000002b167f85b80, 0x000002b167f860d0]
Event: 16.571 Thread 0x000002b17f58dd50 nmethod 9087 0x000002b167f86290 code [0x000002b167f86520, 0x000002b167f87280]

GC Heap History (20 events):
Event: 12.506 GC heap before
{Heap before GC invocations=28 (full 2):
 PSYoungGen      total 24064K, used 23648K [0x00000000d5580000, 0x00000000d6f80000, 0x0000000100000000)
  eden space 21504K, 100% used [0x00000000d5580000,0x00000000d6a80000,0x00000000d6a80000)
  from space 2560K, 83% used [0x00000000d6a80000,0x00000000d6c98010,0x00000000d6d00000)
  to   space 2560K, 0% used [0x00000000d6d00000,0x00000000d6d00000,0x00000000d6f80000)
 ParOldGen       total 68608K, used 34440K [0x0000000080000000, 0x0000000084300000, 0x00000000d5580000)
  object space 68608K, 50% used [0x0000000080000000,0x00000000821a23e8,0x0000000084300000)
 Metaspace       used 48035K, committed 49216K, reserved 1114112K
  class space    used 5215K, committed 5760K, reserved 1048576K
}
Event: 12.511 GC heap after
{Heap after GC invocations=28 (full 2):
 PSYoungGen      total 24064K, used 2264K [0x00000000d5580000, 0x00000000d6f80000, 0x0000000100000000)
  eden space 21504K, 0% used [0x00000000d5580000,0x00000000d5580000,0x00000000d6a80000)
  from space 2560K, 88% used [0x00000000d6d00000,0x00000000d6f36200,0x00000000d6f80000)
  to   space 2560K, 0% used [0x00000000d6a80000,0x00000000d6a80000,0x00000000d6d00000)
 ParOldGen       total 68608K, used 36432K [0x0000000080000000, 0x0000000084300000, 0x00000000d5580000)
  object space 68608K, 53% used [0x0000000080000000,0x00000000823943f8,0x0000000084300000)
 Metaspace       used 48035K, committed 49216K, reserved 1114112K
  class space    used 5215K, committed 5760K, reserved 1048576K
}
Event: 13.062 GC heap before
{Heap before GC invocations=29 (full 2):
 PSYoungGen      total 24064K, used 23768K [0x00000000d5580000, 0x00000000d6f80000, 0x0000000100000000)
  eden space 21504K, 100% used [0x00000000d5580000,0x00000000d6a80000,0x00000000d6a80000)
  from space 2560K, 88% used [0x00000000d6d00000,0x00000000d6f36200,0x00000000d6f80000)
  to   space 2560K, 0% used [0x00000000d6a80000,0x00000000d6a80000,0x00000000d6d00000)
 ParOldGen       total 68608K, used 36432K [0x0000000080000000, 0x0000000084300000, 0x00000000d5580000)
  object space 68608K, 53% used [0x0000000080000000,0x00000000823943f8,0x0000000084300000)
 Metaspace       used 50276K, committed 51456K, reserved 1114112K
  class space    used 5456K, committed 6016K, reserved 1048576K
}
Event: 13.067 GC heap after
{Heap after GC invocations=29 (full 2):
 PSYoungGen      total 24064K, used 2528K [0x00000000d5580000, 0x00000000d7580000, 0x0000000100000000)
  eden space 21504K, 0% used [0x00000000d5580000,0x00000000d5580000,0x00000000d6a80000)
  from space 2560K, 98% used [0x00000000d6a80000,0x00000000d6cf82e8,0x00000000d6d00000)
  to   space 5632K, 0% used [0x00000000d7000000,0x00000000d7000000,0x00000000d7580000)
 ParOldGen       total 68608K, used 38841K [0x0000000080000000, 0x0000000084300000, 0x00000000d5580000)
  object space 68608K, 56% used [0x0000000080000000,0x00000000825ee5f8,0x0000000084300000)
 Metaspace       used 50276K, committed 51456K, reserved 1114112K
  class space    used 5456K, committed 6016K, reserved 1048576K
}
Event: 13.786 GC heap before
{Heap before GC invocations=30 (full 2):
 PSYoungGen      total 24064K, used 24032K [0x00000000d5580000, 0x00000000d7580000, 0x0000000100000000)
  eden space 21504K, 100% used [0x00000000d5580000,0x00000000d6a80000,0x00000000d6a80000)
  from space 2560K, 98% used [0x00000000d6a80000,0x00000000d6cf82e8,0x00000000d6d00000)
  to   space 5632K, 0% used [0x00000000d7000000,0x00000000d7000000,0x00000000d7580000)
 ParOldGen       total 68608K, used 38841K [0x0000000080000000, 0x0000000084300000, 0x00000000d5580000)
  object space 68608K, 56% used [0x0000000080000000,0x00000000825ee5f8,0x0000000084300000)
 Metaspace       used 51339K, committed 52544K, reserved 1114112K
  class space    used 5575K, committed 6144K, reserved 1048576K
}
Event: 13.790 GC heap after
{Heap after GC invocations=30 (full 2):
 PSYoungGen      total 22016K, used 512K [0x00000000d5580000, 0x00000000d7080000, 0x0000000100000000)
  eden space 21504K, 0% used [0x00000000d5580000,0x00000000d5580000,0x00000000d6a80000)
  from space 512K, 100% used [0x00000000d7000000,0x00000000d7080000,0x00000000d7080000)
  to   space 2560K, 0% used [0x00000000d6b80000,0x00000000d6b80000,0x00000000d6e00000)
 ParOldGen       total 68608K, used 41297K [0x0000000080000000, 0x0000000084300000, 0x00000000d5580000)
  object space 68608K, 60% used [0x0000000080000000,0x0000000082854690,0x0000000084300000)
 Metaspace       used 51339K, committed 52544K, reserved 1114112K
  class space    used 5575K, committed 6144K, reserved 1048576K
}
Event: 14.184 GC heap before
{Heap before GC invocations=31 (full 2):
 PSYoungGen      total 22016K, used 22016K [0x00000000d5580000, 0x00000000d7080000, 0x0000000100000000)
  eden space 21504K, 100% used [0x00000000d5580000,0x00000000d6a80000,0x00000000d6a80000)
  from space 512K, 100% used [0x00000000d7000000,0x00000000d7080000,0x00000000d7080000)
  to   space 2560K, 0% used [0x00000000d6b80000,0x00000000d6b80000,0x00000000d6e00000)
 ParOldGen       total 68608K, used 41297K [0x0000000080000000, 0x0000000084300000, 0x00000000d5580000)
  object space 68608K, 60% used [0x0000000080000000,0x0000000082854690,0x0000000084300000)
 Metaspace       used 51959K, committed 53184K, reserved 1114112K
  class space    used 5624K, committed 6208K, reserved 1048576K
}
Event: 14.188 GC heap after
{Heap after GC invocations=31 (full 2):
 PSYoungGen      total 24064K, used 1677K [0x00000000d5580000, 0x00000000d7080000, 0x0000000100000000)
  eden space 21504K, 0% used [0x00000000d5580000,0x00000000d5580000,0x00000000d6a80000)
  from space 2560K, 65% used [0x00000000d6b80000,0x00000000d6d23568,0x00000000d6e00000)
  to   space 2048K, 0% used [0x00000000d6e80000,0x00000000d6e80000,0x00000000d7080000)
 ParOldGen       total 68608K, used 41625K [0x0000000080000000, 0x0000000084300000, 0x00000000d5580000)
  object space 68608K, 60% used [0x0000000080000000,0x00000000828a6690,0x0000000084300000)
 Metaspace       used 51959K, committed 53184K, reserved 1114112K
  class space    used 5624K, committed 6208K, reserved 1048576K
}
Event: 14.341 GC heap before
{Heap before GC invocations=32 (full 2):
 PSYoungGen      total 24064K, used 23181K [0x00000000d5580000, 0x00000000d7080000, 0x0000000100000000)
  eden space 21504K, 100% used [0x00000000d5580000,0x00000000d6a80000,0x00000000d6a80000)
  from space 2560K, 65% used [0x00000000d6b80000,0x00000000d6d23568,0x00000000d6e00000)
  to   space 2048K, 0% used [0x00000000d6e80000,0x00000000d6e80000,0x00000000d7080000)
 ParOldGen       total 68608K, used 41625K [0x0000000080000000, 0x0000000084300000, 0x00000000d5580000)
  object space 68608K, 60% used [0x0000000080000000,0x00000000828a6690,0x0000000084300000)
 Metaspace       used 52483K, committed 53696K, reserved 1114112K
  class space    used 5667K, committed 6208K, reserved 1048576K
}
Event: 14.342 GC heap after
{Heap after GC invocations=32 (full 2):
 PSYoungGen      total 22016K, used 384K [0x00000000d5580000, 0x00000000d6f00000, 0x0000000100000000)
  eden space 21504K, 0% used [0x00000000d5580000,0x00000000d5580000,0x00000000d6a80000)
  from space 512K, 75% used [0x00000000d6e80000,0x00000000d6ee0000,0x00000000d6f00000)
  to   space 1024K, 0% used [0x00000000d6d00000,0x00000000d6d00000,0x00000000d6e00000)
 ParOldGen       total 68608K, used 41793K [0x0000000080000000, 0x0000000084300000, 0x00000000d5580000)
  object space 68608K, 60% used [0x0000000080000000,0x00000000828d0690,0x0000000084300000)
 Metaspace       used 52483K, committed 53696K, reserved 1114112K
  class space    used 5667K, committed 6208K, reserved 1048576K
}
Event: 14.685 GC heap before
{Heap before GC invocations=33 (full 2):
 PSYoungGen      total 22016K, used 21887K [0x00000000d5580000, 0x00000000d6f00000, 0x0000000100000000)
  eden space 21504K, 99% used [0x00000000d5580000,0x00000000d6a7fff8,0x00000000d6a80000)
  from space 512K, 75% used [0x00000000d6e80000,0x00000000d6ee0000,0x00000000d6f00000)
  to   space 1024K, 0% used [0x00000000d6d00000,0x00000000d6d00000,0x00000000d6e00000)
 ParOldGen       total 68608K, used 41793K [0x0000000080000000, 0x0000000084300000, 0x00000000d5580000)
  object space 68608K, 60% used [0x0000000080000000,0x00000000828d0690,0x0000000084300000)
 Metaspace       used 54097K, committed 55360K, reserved 1114112K
  class space    used 5870K, committed 6400K, reserved 1048576K
}
Event: 14.687 GC heap after
{Heap after GC invocations=33 (full 2):
 PSYoungGen      total 22528K, used 995K [0x00000000d5580000, 0x00000000d6f00000, 0x0000000100000000)
  eden space 21504K, 0% used [0x00000000d5580000,0x00000000d5580000,0x00000000d6a80000)
  from space 1024K, 97% used [0x00000000d6d00000,0x00000000d6df8ed8,0x00000000d6e00000)
  to   space 1024K, 0% used [0x00000000d6e00000,0x00000000d6e00000,0x00000000d6f00000)
 ParOldGen       total 68608K, used 42491K [0x0000000080000000, 0x0000000084300000, 0x00000000d5580000)
  object space 68608K, 61% used [0x0000000080000000,0x000000008297ecb0,0x0000000084300000)
 Metaspace       used 54097K, committed 55360K, reserved 1114112K
  class space    used 5870K, committed 6400K, reserved 1048576K
}
Event: 15.396 GC heap before
{Heap before GC invocations=34 (full 2):
 PSYoungGen      total 22528K, used 22499K [0x00000000d5580000, 0x00000000d6f00000, 0x0000000100000000)
  eden space 21504K, 100% used [0x00000000d5580000,0x00000000d6a80000,0x00000000d6a80000)
  from space 1024K, 97% used [0x00000000d6d00000,0x00000000d6df8ed8,0x00000000d6e00000)
  to   space 1024K, 0% used [0x00000000d6e00000,0x00000000d6e00000,0x00000000d6f00000)
 ParOldGen       total 68608K, used 42491K [0x0000000080000000, 0x0000000084300000, 0x00000000d5580000)
  object space 68608K, 61% used [0x0000000080000000,0x000000008297ecb0,0x0000000084300000)
 Metaspace       used 57179K, committed 58496K, reserved 1114112K
  class space    used 6142K, committed 6720K, reserved 1048576K
}
Event: 15.400 GC heap after
{Heap after GC invocations=34 (full 2):
 PSYoungGen      total 22528K, used 1009K [0x00000000d5580000, 0x00000000d7080000, 0x0000000100000000)
  eden space 21504K, 0% used [0x00000000d5580000,0x00000000d5580000,0x00000000d6a80000)
  from space 1024K, 98% used [0x00000000d6e00000,0x00000000d6efc5b0,0x00000000d6f00000)
  to   space 3072K, 0% used [0x00000000d6a80000,0x00000000d6a80000,0x00000000d6d80000)
 ParOldGen       total 68608K, used 44201K [0x0000000080000000, 0x0000000084300000, 0x00000000d5580000)
  object space 68608K, 64% used [0x0000000080000000,0x0000000082b2a580,0x0000000084300000)
 Metaspace       used 57179K, committed 58496K, reserved 1114112K
  class space    used 6142K, committed 6720K, reserved 1048576K
}
Event: 15.910 GC heap before
{Heap before GC invocations=35 (full 2):
 PSYoungGen      total 22528K, used 21338K [0x00000000d5580000, 0x00000000d7080000, 0x0000000100000000)
  eden space 21504K, 94% used [0x00000000d5580000,0x00000000d695a250,0x00000000d6a80000)
  from space 1024K, 98% used [0x00000000d6e00000,0x00000000d6efc5b0,0x00000000d6f00000)
  to   space 3072K, 0% used [0x00000000d6a80000,0x00000000d6a80000,0x00000000d6d80000)
 ParOldGen       total 68608K, used 44201K [0x0000000080000000, 0x0000000084300000, 0x00000000d5580000)
  object space 68608K, 64% used [0x0000000080000000,0x0000000082b2a580,0x0000000084300000)
 Metaspace       used 58419K, committed 59776K, reserved 1114112K
  class space    used 6255K, committed 6912K, reserved 1048576K
}
Event: 15.912 GC heap after
{Heap after GC invocations=35 (full 2):
 PSYoungGen      total 23040K, used 1450K [0x00000000d5580000, 0x00000000d6e80000, 0x0000000100000000)
  eden space 21504K, 0% used [0x00000000d5580000,0x00000000d5580000,0x00000000d6a80000)
  from space 1536K, 94% used [0x00000000d6a80000,0x00000000d6bea810,0x00000000d6c00000)
  to   space 2048K, 0% used [0x00000000d6c80000,0x00000000d6c80000,0x00000000d6e80000)
 ParOldGen       total 68608K, used 45211K [0x0000000080000000, 0x0000000084300000, 0x00000000d5580000)
  object space 68608K, 65% used [0x0000000080000000,0x0000000082c26cd8,0x0000000084300000)
 Metaspace       used 58419K, committed 59776K, reserved 1114112K
  class space    used 6255K, committed 6912K, reserved 1048576K
}
Event: 15.912 GC heap before
{Heap before GC invocations=36 (full 3):
 PSYoungGen      total 23040K, used 1450K [0x00000000d5580000, 0x00000000d6e80000, 0x0000000100000000)
  eden space 21504K, 0% used [0x00000000d5580000,0x00000000d5580000,0x00000000d6a80000)
  from space 1536K, 94% used [0x00000000d6a80000,0x00000000d6bea810,0x00000000d6c00000)
  to   space 2048K, 0% used [0x00000000d6c80000,0x00000000d6c80000,0x00000000d6e80000)
 ParOldGen       total 68608K, used 45211K [0x0000000080000000, 0x0000000084300000, 0x00000000d5580000)
  object space 68608K, 65% used [0x0000000080000000,0x0000000082c26cd8,0x0000000084300000)
 Metaspace       used 58419K, committed 59776K, reserved 1114112K
  class space    used 6255K, committed 6912K, reserved 1048576K
}
Event: 16.034 GC heap after
{Heap after GC invocations=36 (full 3):
 PSYoungGen      total 23040K, used 0K [0x00000000d5580000, 0x00000000d6e80000, 0x0000000100000000)
  eden space 21504K, 0% used [0x00000000d5580000,0x00000000d5580000,0x00000000d6a80000)
  from space 1536K, 0% used [0x00000000d6a80000,0x00000000d6a80000,0x00000000d6c00000)
  to   space 2048K, 0% used [0x00000000d6c80000,0x00000000d6c80000,0x00000000d6e80000)
 ParOldGen       total 68608K, used 42749K [0x0000000080000000, 0x0000000084300000, 0x00000000d5580000)
  object space 68608K, 62% used [0x0000000080000000,0x00000000829bf590,0x0000000084300000)
 Metaspace       used 58419K, committed 59776K, reserved 1114112K
  class space    used 6255K, committed 6912K, reserved 1048576K
}
Event: 16.407 GC heap before
{Heap before GC invocations=37 (full 3):
 PSYoungGen      total 23040K, used 21496K [0x00000000d5580000, 0x00000000d6e80000, 0x0000000100000000)
  eden space 21504K, 99% used [0x00000000d5580000,0x00000000d6a7e0c0,0x00000000d6a80000)
  from space 1536K, 0% used [0x00000000d6a80000,0x00000000d6a80000,0x00000000d6c00000)
  to   space 2048K, 0% used [0x00000000d6c80000,0x00000000d6c80000,0x00000000d6e80000)
 ParOldGen       total 68608K, used 42749K [0x0000000080000000, 0x0000000084300000, 0x00000000d5580000)
  object space 68608K, 62% used [0x0000000080000000,0x00000000829bf590,0x0000000084300000)
 Metaspace       used 60261K, committed 61568K, reserved 1114112K
  class space    used 6480K, committed 7104K, reserved 1048576K
}
Event: 16.410 GC heap after
{Heap after GC invocations=37 (full 3):
 PSYoungGen      total 23040K, used 2019K [0x00000000d5580000, 0x00000000d6f80000, 0x0000000100000000)
  eden space 20992K, 0% used [0x00000000d5580000,0x00000000d5580000,0x00000000d6a00000)
  from space 2048K, 98% used [0x00000000d6c80000,0x00000000d6e78e20,0x00000000d6e80000)
  to   space 2560K, 0% used [0x00000000d6a00000,0x00000000d6a00000,0x00000000d6c80000)
 ParOldGen       total 68608K, used 42885K [0x0000000080000000, 0x0000000084300000, 0x00000000d5580000)
  object space 68608K, 62% used [0x0000000080000000,0x00000000829e15a0,0x0000000084300000)
 Metaspace       used 60261K, committed 61568K, reserved 1114112K
  class space    used 6480K, committed 7104K, reserved 1048576K
}

Dll operation events (10 events):
Event: 0.033 Loaded shared library c:\Users\faiza\.vscode\extensions\redhat.java-1.55.0-win32-x64\jre\21.0.11-win32-x86_64\bin\java.dll
Event: 0.153 Loaded shared library c:\Users\faiza\.vscode\extensions\redhat.java-1.55.0-win32-x64\jre\21.0.11-win32-x86_64\bin\zip.dll
Event: 0.193 Loaded shared library C:\Users\faiza\.vscode\extensions\redhat.java-1.55.0-win32-x64\jre\21.0.11-win32-x86_64\bin\instrument.dll
Event: 0.207 Loaded shared library C:\Users\faiza\.vscode\extensions\redhat.java-1.55.0-win32-x64\jre\21.0.11-win32-x86_64\bin\net.dll
Event: 0.213 Loaded shared library C:\Users\faiza\.vscode\extensions\redhat.java-1.55.0-win32-x64\jre\21.0.11-win32-x86_64\bin\nio.dll
Event: 0.220 Loaded shared library C:\Users\faiza\.vscode\extensions\redhat.java-1.55.0-win32-x64\jre\21.0.11-win32-x86_64\bin\zip.dll
Event: 0.253 Loaded shared library C:\Users\faiza\.vscode\extensions\redhat.java-1.55.0-win32-x64\jre\21.0.11-win32-x86_64\bin\jimage.dll
Event: 0.389 Loaded shared library c:\Users\faiza\.vscode\extensions\redhat.java-1.55.0-win32-x64\jre\21.0.11-win32-x86_64\bin\verify.dll
Event: 2.107 Loaded shared library C:\Users\faiza\AppData\Roaming\Code\User\globalStorage\redhat.java\1.55.0\config_win\org.eclipse.equinox.launcher\org.eclipse.equinox.launcher.win32.win32.x86_64_1.3.100.v20260613-0559\eclipse_11924.dll
Event: 6.094 Loaded shared library C:\Users\faiza\AppData\Local\Temp\jna-97193653\jna11532612902671341687.dll

Deoptimization events (20 events):
Event: 16.459 Thread 0x000002b1451319d0 Uncommon trap: trap_request=0xffffffde fr.pc=0x000002b16eabc3ac relative=0x0000000000002acc
Event: 16.459 Thread 0x000002b1451319d0 Uncommon trap: reason=class_check action=maybe_recompile pc=0x000002b16eabc3ac method=org.eclipse.jdt.internal.compiler.lookup.LookupEnvironment.getTypeFromSignature([CIIZLorg/eclipse/jdt/internal/compiler/lookup/TypeBinding;[[[CLorg/eclipse/jdt/internal/
Event: 16.459 Thread 0x000002b1451319d0 DEOPT PACKING pc=0x000002b16eabc3ac sp=0x000000b410bfd2b0
Event: 16.459 Thread 0x000002b1451319d0 DEOPT UNPACKING pc=0x000002b16e243aa2 sp=0x000000b410bfd268 mode 2
Event: 16.462 Thread 0x000002b17dd32180 Uncommon trap: trap_request=0xffffff45 fr.pc=0x000002b16ed29208 relative=0x0000000000003868
Event: 16.462 Thread 0x000002b17dd32180 Uncommon trap: reason=unstable_if action=reinterpret pc=0x000002b16ed29208 method=org.lombokweb.asm.ClassReader.readMethod(Lorg/lombokweb/asm/ClassVisitor;Lorg/lombokweb/asm/Context;I)I @ 1045 c2
Event: 16.462 Thread 0x000002b17dd32180 DEOPT PACKING pc=0x000002b16ed29208 sp=0x000000b40edfa860
Event: 16.462 Thread 0x000002b17dd32180 DEOPT UNPACKING pc=0x000002b16e243aa2 sp=0x000000b40edfa848 mode 2
Event: 16.501 Thread 0x000002b1451319d0 Uncommon trap: trap_request=0xffffff45 fr.pc=0x000002b16eaf0a34 relative=0x0000000000000254
Event: 16.501 Thread 0x000002b1451319d0 Uncommon trap: reason=unstable_if action=reinterpret pc=0x000002b16eaf0a34 method=org.eclipse.jdt.core.compiler.CharOperation.equals([C[CZ)Z @ 1 c2
Event: 16.502 Thread 0x000002b1451319d0 DEOPT PACKING pc=0x000002b16eaf0a34 sp=0x000000b410bfe130
Event: 16.502 Thread 0x000002b1451319d0 DEOPT UNPACKING pc=0x000002b16e243aa2 sp=0x000000b410bfe0d8 mode 2
Event: 16.506 Thread 0x000002b1451319d0 Uncommon trap: trap_request=0xffffff45 fr.pc=0x000002b16eda3078 relative=0x0000000000000a98
Event: 16.506 Thread 0x000002b1451319d0 Uncommon trap: reason=unstable_if action=reinterpret pc=0x000002b16eda3078 method=org.eclipse.jdt.core.compiler.CharOperation.splitOn(C[C)[[C @ 12 c2
Event: 16.506 Thread 0x000002b1451319d0 DEOPT PACKING pc=0x000002b16eda3078 sp=0x000000b410bfe170
Event: 16.506 Thread 0x000002b1451319d0 DEOPT UNPACKING pc=0x000002b16e243aa2 sp=0x000000b410bfe140 mode 2
Event: 16.557 Thread 0x000002b17dd32180 Uncommon trap: trap_request=0xffffff45 fr.pc=0x000002b16ed7cb88 relative=0x0000000000000d08
Event: 16.557 Thread 0x000002b17dd32180 Uncommon trap: reason=unstable_if action=reinterpret pc=0x000002b16ed7cb88 method=org.eclipse.jdt.core.compiler.CharOperation.splitOn(C[CII)[[C @ 19 c2
Event: 16.557 Thread 0x000002b17dd32180 DEOPT PACKING pc=0x000002b16ed7cb88 sp=0x000000b40edfe180
Event: 16.557 Thread 0x000002b17dd32180 DEOPT UNPACKING pc=0x000002b16e243aa2 sp=0x000000b40edfe148 mode 2

Classes loaded (20 events):
Event: 14.925 Loading class java/nio/charset/CharacterCodingException
Event: 14.925 Loading class java/nio/charset/CharacterCodingException done
Event: 14.925 Loading class java/io/SequenceInputStream
Event: 14.925 Loading class java/io/SequenceInputStream done
Event: 14.977 Loading class java/util/WeakHashMap$KeyIterator
Event: 14.977 Loading class java/util/WeakHashMap$KeyIterator done
Event: 15.091 Loading class java/util/stream/ReduceOps$4
Event: 15.092 Loading class java/util/stream/ReduceOps$4 done
Event: 15.092 Loading class java/util/stream/ReduceOps$4ReducingSink
Event: 15.092 Loading class java/util/stream/ReduceOps$4ReducingSink done
Event: 16.224 Loading class java/util/stream/ReduceOps$5
Event: 16.224 Loading class java/util/stream/ReduceOps$5 done
Event: 16.225 Loading class java/util/stream/ReduceOps$CountingSink$OfRef
Event: 16.225 Loading class java/util/stream/ReduceOps$CountingSink
Event: 16.225 Loading class java/util/stream/ReduceOps$CountingSink done
Event: 16.225 Loading class java/util/stream/ReduceOps$CountingSink$OfRef done
Event: 16.260 Loading class javax/xml/transform/TransformerConfigurationException
Event: 16.260 Loading class javax/xml/transform/TransformerConfigurationException done
Event: 16.307 Loading class java/util/LinkedList$LLSpliterator
Event: 16.308 Loading class java/util/LinkedList$LLSpliterator done

Classes unloaded (19 events):
Event: 7.039 Thread 0x000002b163c3f800 Unloading class 0x000002b1011a4c00 'java/lang/invoke/LambdaForm$MH+0x000002b1011a4c00'
Event: 7.039 Thread 0x000002b163c3f800 Unloading class 0x000002b1011a4800 'java/lang/invoke/LambdaForm$MH+0x000002b1011a4800'
Event: 7.039 Thread 0x000002b163c3f800 Unloading class 0x000002b1011a4400 'java/lang/invoke/LambdaForm$MH+0x000002b1011a4400'
Event: 7.039 Thread 0x000002b163c3f800 Unloading class 0x000002b1011a4000 'java/lang/invoke/LambdaForm$MH+0x000002b1011a4000'
Event: 7.039 Thread 0x000002b163c3f800 Unloading class 0x000002b1011a3c00 'java/lang/invoke/LambdaForm$BMH+0x000002b1011a3c00'
Event: 7.039 Thread 0x000002b163c3f800 Unloading class 0x000002b1011a3800 'java/lang/invoke/LambdaForm$DMH+0x000002b1011a3800'
Event: 7.039 Thread 0x000002b163c3f800 Unloading class 0x000002b1011a2400 'java/lang/invoke/LambdaForm$DMH+0x000002b1011a2400'
Event: 8.769 Thread 0x000002b163c3f800 Unloading class 0x000002b10132a400 'java/lang/invoke/LambdaForm$MH+0x000002b10132a400'
Event: 8.769 Thread 0x000002b163c3f800 Unloading class 0x000002b101329800 'java/lang/invoke/LambdaForm$MH+0x000002b101329800'
Event: 8.769 Thread 0x000002b163c3f800 Unloading class 0x000002b101329000 'java/lang/invoke/LambdaForm$MH+0x000002b101329000'
Event: 8.769 Thread 0x000002b163c3f800 Unloading class 0x000002b101328800 'java/lang/invoke/LambdaForm$MH+0x000002b101328800'
Event: 8.769 Thread 0x000002b163c3f800 Unloading class 0x000002b101328400 'java/lang/invoke/LambdaForm$DMH+0x000002b101328400'
Event: 8.769 Thread 0x000002b163c3f800 Unloading class 0x000002b101327800 'java/lang/invoke/LambdaForm$MH+0x000002b101327800'
Event: 8.769 Thread 0x000002b163c3f800 Unloading class 0x000002b101324000 'java/lang/invoke/LambdaForm$MH+0x000002b101324000'
Event: 8.769 Thread 0x000002b163c3f800 Unloading class 0x000002b101323400 'java/lang/invoke/LambdaForm$MH+0x000002b101323400'
Event: 8.769 Thread 0x000002b163c3f800 Unloading class 0x000002b101322c00 'java/lang/invoke/LambdaForm$MH+0x000002b101322c00'
Event: 8.769 Thread 0x000002b163c3f800 Unloading class 0x000002b101322400 'java/lang/invoke/LambdaForm$MH+0x000002b101322400'
Event: 8.769 Thread 0x000002b163c3f800 Unloading class 0x000002b101322000 'java/lang/invoke/LambdaForm$MH+0x000002b101322000'
Event: 8.769 Thread 0x000002b163c3f800 Unloading class 0x000002b101321400 'java/lang/invoke/LambdaForm$MH+0x000002b101321400'

Classes redefined (0 events):
No events

Internal exceptions (20 events):
Event: 16.160 Thread 0x000002b1451319d0 Exception <a 'sun/nio/fs/WindowsException'{0x00000000d5a39c60}> (0x00000000d5a39c60) 
thrown [s\src\hotspot\share\prims\jni.cpp, line 520]
Event: 16.184 Thread 0x000002b1451319d0 Exception <a 'sun/nio/fs/WindowsException'{0x00000000d5b62d78}> (0x00000000d5b62d78) 
thrown [s\src\hotspot\share\prims\jni.cpp, line 520]
Event: 16.184 Thread 0x000002b1451319d0 Exception <a 'sun/nio/fs/WindowsException'{0x00000000d5b63880}> (0x00000000d5b63880) 
thrown [s\src\hotspot\share\prims\jni.cpp, line 520]
Event: 16.185 Thread 0x000002b1451319d0 Exception <a 'sun/nio/fs/WindowsException'{0x00000000d5b6cd00}> (0x00000000d5b6cd00) 
thrown [s\src\hotspot\share\prims\jni.cpp, line 520]
Event: 16.185 Thread 0x000002b1451319d0 Exception <a 'sun/nio/fs/WindowsException'{0x00000000d5b6d5e0}> (0x00000000d5b6d5e0) 
thrown [s\src\hotspot\share\prims\jni.cpp, line 520]
Event: 16.185 Thread 0x000002b1451319d0 Exception <a 'sun/nio/fs/WindowsException'{0x00000000d5b70d20}> (0x00000000d5b70d20) 
thrown [s\src\hotspot\share\prims\jni.cpp, line 520]
Event: 16.186 Thread 0x000002b1451319d0 Exception <a 'sun/nio/fs/WindowsException'{0x00000000d5b71620}> (0x00000000d5b71620) 
thrown [s\src\hotspot\share\prims\jni.cpp, line 520]
Event: 16.188 Thread 0x000002b1451319d0 Exception <a 'sun/nio/fs/WindowsException'{0x00000000d5b864d8}> (0x00000000d5b864d8) 
thrown [s\src\hotspot\share\prims\jni.cpp, line 520]
Event: 16.188 Thread 0x000002b1451319d0 Exception <a 'sun/nio/fs/WindowsException'{0x00000000d5b86b08}> (0x00000000d5b86b08) 
thrown [s\src\hotspot\share\prims\jni.cpp, line 520]
Event: 16.189 Thread 0x000002b1451319d0 Exception <a 'sun/nio/fs/WindowsException'{0x00000000d5b87690}> (0x00000000d5b87690) 
thrown [s\src\hotspot\share\prims\jni.cpp, line 520]
Event: 16.189 Thread 0x000002b1451319d0 Exception <a 'sun/nio/fs/WindowsException'{0x00000000d5b87cc0}> (0x00000000d5b87cc0) 
thrown [s\src\hotspot\share\prims\jni.cpp, line 520]
Event: 16.221 Thread 0x000002b1451319d0 Exception <a 'java/lang/IncompatibleClassChangeError'{0x00000000d5c5ed68}: Found class java.lang.Object, but interface was expected> (0x00000000d5c5ed68) 
thrown [s\src\hotspot\share\interpreter\linkResolver.cpp, line 840]
Event: 16.243 Thread 0x000002b17f225850 Exception <a 'java/lang/NoSuchMethodError'{0x00000000d5e6e0c0}: 'java.lang.Object java.lang.invoke.DirectMethodHandle$Holder.invokeSpecial(java.lang.Object, java.lang.Object, java.lang.Object, java.lang.Object, int, java.lang.Object, java.lang.Object)'> (0x00000000d5e6e0c0) 
thrown [s\src\hotspot\share\interpreter\linkResolver.cpp, line 773]
Event: 16.298 Thread 0x000002b1451319d0 Exception <a 'java/lang/IncompatibleClassChangeError'{0x00000000d6198260}: Found class java.lang.Object, but interface was expected> (0x00000000d6198260) 
thrown [s\src\hotspot\share\interpreter\linkResolver.cpp, line 840]
Event: 16.313 Thread 0x000002b1451319d0 Exception <a 'java/lang/IncompatibleClassChangeError'{0x00000000d6301e00}: Found class java.lang.Object, but interface was expected> (0x00000000d6301e00) 
thrown [s\src\hotspot\share\interpreter\linkResolver.cpp, line 840]
Event: 16.353 Thread 0x000002b1451319d0 Exception <a 'java/lang/NoSuchMethodError'{0x00000000d66398e8}: 'java.lang.Object java.lang.invoke.DirectMethodHandle$Holder.newInvokeSpecial(java.lang.Object, java.lang.Object, java.lang.Object, java.lang.Object, java.lang.Object, java.lang.Object, java.lang.Object)'> (0x00000000d66398e8) 
thrown [s\src\hotspot\share\interpreter\linkResolver.cpp, line 773]
Event: 16.427 Thread 0x000002b17dd32180 Exception <a 'java/io/FileNotFoundException'{0x00000000d5752ba0}> (0x00000000d5752ba0) 
thrown [s\src\hotspot\share\prims\jni.cpp, line 520]
Event: 16.428 Thread 0x000002b17dd32180 Exception <a 'java/io/FileNotFoundException'{0x00000000d5753e68}> (0x00000000d5753e68) 
thrown [s\src\hotspot\share\prims\jni.cpp, line 520]
Event: 16.428 Thread 0x000002b17dd32180 Exception <a 'java/io/FileNotFoundException'{0x00000000d57938e0}> (0x00000000d57938e0) 
thrown [s\src\hotspot\share\prims\jni.cpp, line 520]
Event: 16.446 Thread 0x000002b1451319d0 Exception <a 'java/lang/ArrayIndexOutOfBoundsException'{0x00000000d58356b0}: Index 137 out of bounds for length 137> (0x00000000d58356b0) 
thrown [s\src\hotspot\share\interpreter\interpreterRuntime.cpp, line 439]

ZGC Phase Switch (0 events):
No events

VM Operations (20 events):
Event: 16.096 Executing non-safepoint VM operation: HandshakeAllThreads (Deoptimize) done
Event: 16.310 Executing non-safepoint VM operation: HandshakeAllThreads (Deoptimize)
Event: 16.379 Executing non-safepoint VM operation: HandshakeAllThreads (Deoptimize) done
Event: 16.382 Executing non-safepoint VM operation: HandshakeAllThreads (Deoptimize)
Event: 16.383 Executing non-safepoint VM operation: HandshakeAllThreads (Deoptimize) done
Event: 16.392 Executing non-safepoint VM operation: HandshakeAllThreads (Deoptimize)
Event: 16.393 Executing non-safepoint VM operation: HandshakeAllThreads (Deoptimize) done
Event: 16.400 Executing non-safepoint VM operation: HandshakeAllThreads (Deoptimize)
Event: 16.401 Executing non-safepoint VM operation: HandshakeAllThreads (Deoptimize) done
Event: 16.403 Executing non-safepoint VM operation: HandshakeAllThreads (Deoptimize)
Event: 16.406 Executing non-safepoint VM operation: HandshakeAllThreads (Deoptimize) done
Event: 16.406 Executing safepoint VM operation: ParallelGCFailedAllocation (Allocation Failure)
Event: 16.410 Executing safepoint VM operation: ParallelGCFailedAllocation (Allocation Failure) done
Event: 16.427 Executing non-safepoint VM operation: HandshakeAllThreads (Deoptimize)
Event: 16.429 Executing non-safepoint VM operation: HandshakeAllThreads (Deoptimize) done
Event: 16.434 Executing non-safepoint VM operation: HandshakeAllThreads (Deoptimize)
Event: 16.436 Executing non-safepoint VM operation: HandshakeAllThreads (Deoptimize) done
Event: 16.439 Executing non-safepoint VM operation: HandshakeAllThreads (Deoptimize)
Event: 16.439 Executing non-safepoint VM operation: HandshakeAllThreads (Deoptimize) done
Event: 17.440 Executing safepoint VM operation: Cleanup

Memory protections (0 events):
No events

Nmethod flushes (20 events):
Event: 15.964 Thread 0x000002b163c3f800 flushing  nmethod 0x000002b167613310
Event: 15.964 Thread 0x000002b163c3f800 flushing  nmethod 0x000002b167632110
Event: 15.964 Thread 0x000002b163c3f800 flushing osr nmethod 0x000002b167639390
Event: 15.964 Thread 0x000002b163c3f800 flushing osr nmethod 0x000002b16763bd10
Event: 15.964 Thread 0x000002b163c3f800 flushing osr nmethod 0x000002b167670710
Event: 15.964 Thread 0x000002b163c3f800 flushing  nmethod 0x000002b16768d210
Event: 15.964 Thread 0x000002b163c3f800 flushing  nmethod 0x000002b16768fa90
Event: 15.964 Thread 0x000002b163c3f800 flushing  nmethod 0x000002b167692f90
Event: 15.964 Thread 0x000002b163c3f800 flushing  nmethod 0x000002b1676a8690
Event: 15.964 Thread 0x000002b163c3f800 flushing  nmethod 0x000002b1676c1a90
Event: 15.964 Thread 0x000002b163c3f800 flushing  nmethod 0x000002b1676d9010
Event: 15.964 Thread 0x000002b163c3f800 flushing  nmethod 0x000002b1676d9f90
Event: 15.964 Thread 0x000002b163c3f800 flushing  nmethod 0x000002b1676da590
Event: 15.964 Thread 0x000002b163c3f800 flushing  nmethod 0x000002b1676da910
Event: 15.964 Thread 0x000002b163c3f800 flushing  nmethod 0x000002b1676df810
Event: 15.964 Thread 0x000002b163c3f800 flushing  nmethod 0x000002b1676e9790
Event: 15.964 Thread 0x000002b163c3f800 flushing  nmethod 0x000002b1676eec10
Event: 15.964 Thread 0x000002b163c3f800 flushing  nmethod 0x000002b16770f210
Event: 15.964 Thread 0x000002b163c3f800 flushing  nmethod 0x000002b16772b290
Event: 15.964 Thread 0x000002b163c3f800 flushing  nmethod 0x000002b167734610

Events (20 events):
Event: 14.534 Thread 0x000002b17f22a080 Thread added: 0x000002b17f2299f0
Event: 14.535 Thread 0x000002b17f2299f0 Thread added: 0x000002b17f226c00
Event: 14.537 Thread 0x000002b17f226c00 Thread added: 0x000002b17f227920
Event: 14.539 Thread 0x000002b17f227920 Thread added: 0x000002b17f227290
Event: 14.540 Thread 0x000002b17f227290 Thread added: 0x000002b17f227fb0
Event: 14.541 Thread 0x000002b17f227fb0 Thread added: 0x000002b17f228640
Event: 16.549 Thread 0x000002b17dd32180 Thread added: 0x000002b17f229360
Event: 16.549 Thread 0x000002b17dd32180 Thread added: 0x000002b145131340
Event: 16.549 Thread 0x000002b17dd32180 Thread added: 0x000002b17f6d1780
Event: 16.550 Thread 0x000002b17dd32180 Thread added: 0x000002b17f6d2b30
Event: 16.550 Thread 0x000002b17dd32180 Thread added: 0x000002b17f6d4570
Event: 16.550 Thread 0x000002b17dd32180 Thread added: 0x000002b17f6d3ee0
Event: 16.550 Thread 0x000002b17f6d4570 Thread added: 0x000002b17f6d5290
Event: 16.551 Thread 0x000002b17f229360 Thread added: 0x000002b17f6d4c00
Event: 16.551 Thread 0x000002b17f6d3ee0 Thread added: 0x000002b17f6d1e10
Event: 16.551 Thread 0x000002b17dd32180 Thread added: 0x000002b17f6d5920
Event: 16.551 Thread 0x000002b17f6d4c00 Thread added: 0x000002b17f6d24a0
Event: 16.552 Thread 0x000002b17f6d5920 Thread added: 0x000002b17f6d31c0
Event: 16.552 Thread 0x000002b17f6d24a0 Thread added: 0x000002b17f6d3850
Event: 16.552 Thread 0x000002b17f6d2b30 Thread added: 0x000002b17f6d7360


Dynamic libraries:
0x00007ff68b590000 - 0x00007ff68b59e000 	c:\Users\faiza\.vscode\extensions\redhat.java-1.55.0-win32-x64\jre\21.0.11-win32-x86_64\bin\java.exe
0x00007fffadf00000 - 0x00007fffae166000 	C:\WINDOWS\SYSTEM32\ntdll.dll
0x00007fffabe00000 - 0x00007fffabec9000 	C:\WINDOWS\System32\KERNEL32.DLL
0x00007fffab760000 - 0x00007fffabb60000 	C:\WINDOWS\System32\KERNELBASE.dll
0x00007fffab150000 - 0x00007fffab29c000 	C:\WINDOWS\System32\ucrtbase.dll
0x00007fff75ec0000 - 0x00007fff75ede000 	c:\Users\faiza\.vscode\extensions\redhat.java-1.55.0-win32-x64\jre\21.0.11-win32-x86_64\bin\VCRUNTIME140.dll
0x00007fff783f0000 - 0x00007fff78408000 	c:\Users\faiza\.vscode\extensions\redhat.java-1.55.0-win32-x64\jre\21.0.11-win32-x86_64\bin\jli.dll
0x00007fffabfd0000 - 0x00007fffac197000 	C:\WINDOWS\System32\USER32.dll
0x00007fffab120000 - 0x00007fffab147000 	C:\WINDOWS\System32\win32u.dll
0x00007fff86ca0000 - 0x00007fff86f32000 	C:\WINDOWS\WinSxS\amd64_microsoft.windows.common-controls_6595b64144ccf1df_6.0.26100.8737_none_3e092eaee333b772\COMCTL32.dll
0x00007fffac950000 - 0x00007fffac9f9000 	C:\WINDOWS\System32\msvcrt.dll
0x00007fffad390000 - 0x00007fffad3bb000 	C:\WINDOWS\System32\GDI32.dll
0x00007fffab2b0000 - 0x00007fffab3d9000 	C:\WINDOWS\System32\gdi32full.dll
0x00007fffab6b0000 - 0x00007fffab753000 	C:\WINDOWS\System32\msvcp_win.dll
0x00007fffacb60000 - 0x00007fffacb92000 	C:\WINDOWS\System32\IMM32.DLL
0x00007fff9dac0000 - 0x00007fff9dacc000 	c:\Users\faiza\.vscode\extensions\redhat.java-1.55.0-win32-x64\jre\21.0.11-win32-x86_64\bin\vcruntime140_1.dll
0x00007fff64b30000 - 0x00007fff64bbd000 	c:\Users\faiza\.vscode\extensions\redhat.java-1.55.0-win32-x64\jre\21.0.11-win32-x86_64\bin\msvcp140.dll
0x00007fff1a850000 - 0x00007fff1b5f2000 	c:\Users\faiza\.vscode\extensions\redhat.java-1.55.0-win32-x64\jre\21.0.11-win32-x86_64\bin\server\jvm.dll
0x00007fffacc00000 - 0x00007fffaccb7000 	C:\WINDOWS\System32\ADVAPI32.dll
0x00007fffabd50000 - 0x00007fffabdfa000 	C:\WINDOWS\System32\sechost.dll
0x00007fffabc30000 - 0x00007fffabd48000 	C:\WINDOWS\System32\RPCRT4.dll
0x00007fffaddc0000 - 0x00007fffade40000 	C:\WINDOWS\System32\WS2_32.dll
0x00007fffaafa0000 - 0x00007fffaaffe000 	C:\WINDOWS\SYSTEM32\POWRPROF.dll
0x00007fff95160000 - 0x00007fff95196000 	C:\WINDOWS\SYSTEM32\WINMM.dll
0x00007fff99b80000 - 0x00007fff99b8b000 	C:\WINDOWS\SYSTEM32\VERSION.dll
0x00007fffaaf80000 - 0x00007fffaaf94000 	C:\WINDOWS\SYSTEM32\UMPDC.dll
0x00007fffa9dd0000 - 0x00007fffa9deb000 	C:\WINDOWS\SYSTEM32\kernel.appcore.dll
0x00007fff9d980000 - 0x00007fff9d98a000 	c:\Users\faiza\.vscode\extensions\redhat.java-1.55.0-win32-x64\jre\21.0.11-win32-x86_64\bin\jimage.dll
0x00007fffa8720000 - 0x00007fffa8962000 	C:\WINDOWS\SYSTEM32\DBGHELP.DLL
0x00007fffac1f0000 - 0x00007fffac573000 	C:\WINDOWS\System32\combase.dll
0x00007fffaca00000 - 0x00007fffacad9000 	C:\WINDOWS\System32\OLEAUT32.dll
0x00007fff83ae0000 - 0x00007fff83b1b000 	C:\WINDOWS\SYSTEM32\dbgcore.DLL
0x00007fffab3e0000 - 0x00007fffab48c000 	C:\WINDOWS\System32\bcryptPrimitives.dll
0x00007fff99fe0000 - 0x00007fff99fef000 	c:\Users\faiza\.vscode\extensions\redhat.java-1.55.0-win32-x64\jre\21.0.11-win32-x86_64\bin\instrument.dll
0x00007fff75ea0000 - 0x00007fff75ec0000 	c:\Users\faiza\.vscode\extensions\redhat.java-1.55.0-win32-x64\jre\21.0.11-win32-x86_64\bin\java.dll
0x00007fffad5a0000 - 0x00007fffadd32000 	C:\WINDOWS\System32\SHELL32.dll
0x00007fffa8b80000 - 0x00007fffa9412000 	C:\WINDOWS\SYSTEM32\windows.storage.dll
0x00007fffabed0000 - 0x00007fffabfc7000 	C:\WINDOWS\System32\SHCORE.dll
0x00007fffadd50000 - 0x00007fffaddb7000 	C:\WINDOWS\System32\shlwapi.dll
0x00007fffab040000 - 0x00007fffab069000 	C:\WINDOWS\SYSTEM32\profapi.dll
0x00007fff75480000 - 0x00007fff75498000 	c:\Users\faiza\.vscode\extensions\redhat.java-1.55.0-win32-x64\jre\21.0.11-win32-x86_64\bin\zip.dll
0x00007fff99f90000 - 0x00007fff99fa0000 	C:\Users\faiza\.vscode\extensions\redhat.java-1.55.0-win32-x64\jre\21.0.11-win32-x86_64\bin\net.dll
0x00007fffa4420000 - 0x00007fffa4549000 	C:\WINDOWS\SYSTEM32\WINHTTP.dll
0x00007fffaa390000 - 0x00007fffaa3fc000 	C:\WINDOWS\system32\mswsock.dll
0x00007fff751f0000 - 0x00007fff75206000 	C:\Users\faiza\.vscode\extensions\redhat.java-1.55.0-win32-x64\jre\21.0.11-win32-x86_64\bin\nio.dll
0x00007fff99d50000 - 0x00007fff99d60000 	c:\Users\faiza\.vscode\extensions\redhat.java-1.55.0-win32-x64\jre\21.0.11-win32-x86_64\bin\verify.dll
0x00007fff71220000 - 0x00007fff71265000 	C:\Users\faiza\AppData\Roaming\Code\User\globalStorage\redhat.java\1.55.0\config_win\org.eclipse.equinox.launcher\org.eclipse.equinox.launcher.win32.win32.x86_64_1.3.100.v20260613-0559\eclipse_11924.dll
0x00007fffac620000 - 0x00007fffac7b9000 	C:\WINDOWS\System32\ole32.dll
0x00007fffaa6b0000 - 0x00007fffaa6cb000 	C:\WINDOWS\SYSTEM32\CRYPTSP.dll
0x00007fffa9d30000 - 0x00007fffa9d69000 	C:\WINDOWS\system32\rsaenh.dll
0x00007fffaa470000 - 0x00007fffaa4a2000 	C:\WINDOWS\SYSTEM32\USERENV.dll
0x00007fffab010000 - 0x00007fffab03a000 	C:\WINDOWS\SYSTEM32\bcrypt.dll
0x00007fffaa6d0000 - 0x00007fffaa6dc000 	C:\WINDOWS\SYSTEM32\CRYPTBASE.dll
0x00007fffa9770000 - 0x00007fffa97a3000 	C:\WINDOWS\SYSTEM32\IPHLPAPI.DLL
0x00007fffac580000 - 0x00007fffac58a000 	C:\WINDOWS\System32\NSI.dll
0x00007fff254e0000 - 0x00007fff25529000 	C:\Users\faiza\AppData\Local\Temp\jna-97193653\jna11532612902671341687.dll
0x00007fffadd40000 - 0x00007fffadd48000 	C:\WINDOWS\System32\PSAPI.DLL
0x00007fffa45a0000 - 0x00007fffa45bd000 	C:\WINDOWS\SYSTEM32\dhcpcsvc6.DLL
0x00007fffa4570000 - 0x00007fffa4595000 	C:\WINDOWS\SYSTEM32\dhcpcsvc.DLL

JVMTI agents:
c:\Users\faiza\.vscode\extensions\redhat.java-1.55.0-win32-x64\lombok\lombok-1.18.39-4050.jar path:c:\Users\faiza\.vscode\extensions\redhat.java-1.55.0-win32-x64\jre\21.0.11-win32-x86_64\bin\instrument.dll, loaded, initialized, instrumentlib options:none

dbghelp: loaded successfully - version: 4.0.5 - missing functions: none
symbol engine: initialized successfully - sym options: 0x614 - pdb path: .;c:\Users\faiza\.vscode\extensions\redhat.java-1.55.0-win32-x64\jre\21.0.11-win32-x86_64\bin;C:\WINDOWS\SYSTEM32;C:\WINDOWS\WinSxS\amd64_microsoft.windows.common-controls_6595b64144ccf1df_6.0.26100.8737_none_3e092eaee333b772;c:\Users\faiza\.vscode\extensions\redhat.java-1.55.0-win32-x64\jre\21.0.11-win32-x86_64\bin\server;C:\Users\faiza\AppData\Roaming\Code\User\globalStorage\redhat.java\1.55.0\config_win\org.eclipse.equinox.launcher\org.eclipse.equinox.launcher.win32.win32.x86_64_1.3.100.v20260613-0559;C:\Users\faiza\AppData\Local\Temp\jna-97193653

VM Arguments:
jvm_args: --add-modules=ALL-SYSTEM --add-opens=java.base/java.util=ALL-UNNAMED --add-opens=java.base/java.lang=ALL-UNNAMED --add-opens=java.base/sun.nio.fs=ALL-UNNAMED -Declipse.application=org.eclipse.jdt.ls.core.id1 -Dosgi.bundles.defaultStartLevel=4 -Declipse.product=org.eclipse.jdt.ls.core.product -Djava.import.generatesMetadataFilesAtProjectRoot=false -DDetectVMInstallationsJob.disabled=true -Dfile.encoding=utf8 -XX:+UseParallelGC -XX:GCTimeRatio=4 -XX:AdaptiveSizePolicyWeight=90 -Dsun.zip.disableMemoryMapping=true -Xmx2G -Xms100m -Xlog:disable -javaagent:c:\Users\faiza\.vscode\extensions\redhat.java-1.55.0-win32-x64\lombok\lombok-1.18.39-4050.jar -XX:+HeapDumpOnOutOfMemoryError -XX:HeapDumpPath=c:\Users\faiza\AppData\Roaming\Code\User\workspaceStorage\fe63ccb26401fa08d51125fd93fd19e4\redhat.java -Daether.dependencyCollector.impl=bf 
java_command: c:\Users\faiza\.vscode\extensions\redhat.java-1.55.0-win32-x64\server\plugins\org.eclipse.equinox.launcher_1.7.200.v20260619-2039.jar -configuration c:\Users\faiza\AppData\Roaming\Code\User\globalStorage\redhat.java\1.55.0\config_win -data c:\Users\faiza\AppData\Roaming\Code\User\workspaceStorage\fe63ccb26401fa08d51125fd93fd19e4\redhat.java\jdt_ws --pipe=\\.\pipe\lsp-d1497746cac4faedf1b5845d15dceb05-sock
java_class_path (initial): c:\Users\faiza\.vscode\extensions\redhat.java-1.55.0-win32-x64\server\plugins\org.eclipse.equinox.launcher_1.7.200.v20260619-2039.jar
Launcher Type: SUN_STANDARD

[Global flags]
    uintx AdaptiveSizePolicyWeight                 = 90                                        {product} {command line}
     intx CICompilerCount                          = 12                                        {product} {ergonomic}
    uintx GCTimeRatio                              = 4                                         {product} {command line}
     bool HeapDumpOnOutOfMemoryError               = true                                   {manageable} {command line}
    ccstr HeapDumpPath                             = c:\Users\faiza\AppData\Roaming\Code\User\workspaceStorage\fe63ccb26401fa08d51125fd93fd19e4\redhat.java         {manageable} {command line}
   size_t InitialHeapSize                          = 104857600                                 {product} {command line}
   size_t MaxHeapSize                              = 2147483648                                {product} {command line}
   size_t MaxNewSize                               = 715653120                                 {product} {ergonomic}
   size_t MinHeapDeltaBytes                        = 524288                                    {product} {ergonomic}
   size_t MinHeapSize                              = 104857600                                 {product} {command line}
   size_t NewSize                                  = 34603008                                  {product} {ergonomic}
    uintx NonNMethodCodeHeapSize                   = 7602480                                {pd product} {ergonomic}
    uintx NonProfiledCodeHeapSize                  = 122027880                              {pd product} {ergonomic}
   size_t OldSize                                  = 70254592                                  {product} {ergonomic}
    uintx ProfiledCodeHeapSize                     = 122027880                              {pd product} {ergonomic}
    uintx ReservedCodeCacheSize                    = 251658240                              {pd product} {ergonomic}
     bool SegmentedCodeCache                       = true                                      {product} {ergonomic}
   size_t SoftMaxHeapSize                          = 2147483648                             {manageable} {ergonomic}
     bool UseCompressedOops                        = true                           {product lp64_product} {ergonomic}
     bool UseLargePagesIndividualAllocation        = false                                  {pd product} {ergonomic}
     bool UseParallelGC                            = true                                      {product} {command line}

Logging:
Log output configuration:
 #0: stdout all=off uptime,level,tags foldmultilines=false
 #1: stderr all=off uptime,level,tags foldmultilines=false

Release file:
JAVA_VERSION="21.0.11" 
MODULES="java.base java.compiler java.datatransfer java.xml java.prefs java.desktop java.instrument java.logging java.management java.security.sasl java.naming java.rmi java.management.rmi java.net.http java.scripting java.security.jgss java.transaction.xa java.sql java.sql.rowset java.xml.crypto java.se java.smartcardio jdk.accessibility jdk.internal.jvmstat jdk.attach jdk.charsets jdk.internal.opt jdk.zipfs jdk.compiler jdk.crypto.ec jdk.crypto.cryptoki jdk.crypto.mscapi jdk.dynalink jdk.internal.ed jdk.editpad jdk.hotspot.agent jdk.httpserver jdk.internal.le jdk.internal.vm.ci jdk.internal.vm.compiler jdk.internal.vm.compiler.management jdk.jartool jdk.javadoc jdk.jcmd jdk.management jdk.management.agent jdk.jconsole jdk.jdeps jdk.jdwp.agent jdk.jdi jdk.jfr jdk.jshell jdk.jsobject jdk.jstatd jdk.localedata jdk.management.jfr jdk.naming.dns jdk.naming.rmi jdk.net jdk.nio.mapmode jdk.random jdk.sctp jdk.security.auth jdk.security.jgss jdk.unsupported jdk.unsupported.desktop jdk.xml.dom" 

Environment Variables:
JAVA_HOME=C:\Program Files\Java\jdk-22
PATH=C:\Users\faiza\AppData\Local\Programs\Python\Python313\Scripts\;C:\Users\faiza\AppData\Local\Programs\Python\Python313\;C:\Program Files\Java\jdk-22\bin;%USERPROFILE%\AppData\Local\Muse Hub\lib;C:\Program Files\nodejs\;C:\ProgramData\chocolatey\bin;C:\Program Files\Git\cmd;C:\Users\faiza\AppData\Local\Python\pythoncore-3.11-64\Scripts;C:\Program Files\NVIDIA Corporation\NVIDIA App\NvDLISR;C:\Program Files\NVIDIA Corporation\NVIDIA NvDLISR;C:\Program Files\Docker\Docker\resources\bin;C:\Program Files\MySQL\MySQL Shell 8.0\bin\;C:\Users\faiza\AppData\Local\Programs\Python\Python312\Scripts\;C:\Users\faiza\AppData\Local\Programs\Python\Python312\;C:\Users\faiza\AppData\Local\Microsoft\WindowsApps;C:\Users\faiza\AppData\Local\Programs\Microsoft VS Code\bin;C:\Users\faiza\AppData\Local\Muse Hub\lib;C:\Program Files\Java\jdk-24\bin;C:\Users\faiza\AppData\Roaming\npm;C:\Windows\System32;C:\Users\Faizan\AppData\Local\Programs\Python\Python310\Scripts;C:\Users\faiza\AppData\Local\Python\bin
USERNAME=faiza
OS=Windows_NT
PROCESSOR_IDENTIFIER=AMD64 Family 25 Model 68 Stepping 1, AuthenticAMD
TMP=C:\Users\faiza\AppData\Local\Temp
TEMP=C:\Users\faiza\AppData\Local\Temp




Periodic native trim disabled

---------------  S Y S T E M  ---------------

OS:
 Windows 11 , 64 bit Build 26100 (10.0.26100.8737)
OS uptime: 0 days 2:33 hours
Hyper-V role detected

CPU: total 16 (initial active 16) (16 cores per cpu, 2 threads per core) family 25 model 68 stepping 1 microcode 0xa404107, cx8, cmov, fxsr, ht, mmx, 3dnowpref, sse, sse2, sse3, ssse3, sse4a, sse4.1, sse4.2, popcnt, lzcnt, tsc, tscinvbit, avx, avx2, aes, erms, clmul, bmi1, bmi2, adx, sha, fma, vzeroupper, clflush, clflushopt, hv, rdtscp, rdpid, fsrm, f16c, cet_ss
Processor Information for the first 16 processors :
  Max Mhz: 3201, Current Mhz: 1989, Mhz Limit: 3201

Memory: 4k page, system-wide physical 14021M (331M free)
TotalPageFile size 30405M (AvailPageFile size 0M)
current process WorkingSet (physical memory assigned to process): 292M, peak: 292M
current process commit charge ("private bytes"): 402M, peak: 403M

vm_info: OpenJDK 64-Bit Server VM (21.0.11+10-LTS) for windows-amd64 JRE (21.0.11+10-LTS), built on 2026-04-21T00:00:00Z by "admin" with MS VC++ 17.12 (VS2022)

END.
