#
# There is insufficient memory for the Java Runtime Environment to continue.
# Native memory allocation (malloc) failed to allocate 555792 bytes. Error detail: Chunk::new
# Possible reasons:
#   The system is out of physical RAM or swap space
#   This process is running with CompressedOops enabled, and the Java Heap may be blocking the growth of the native heap
# Possible solutions:
#   Reduce memory load on the system
#   Increase physical memory or swap space
#   Check if swap backing store is full
#   Decrease Java heap size (-Xmx/-Xms)
#   Decrease number of Java threads
#   Decrease Java thread stack sizes (-Xss)
#   Set larger code cache with -XX:ReservedCodeCacheSize=
#   JVM is running with Unscaled Compressed Oops mode in which the Java heap is
#     placed in the first 4GB address space. The Java Heap base address is the
#     maximum limit for the native heap growth. Please use -XX:HeapBaseMinAddress
#     to set the Java Heap base and to place the Java Heap above 4GB virtual address.
# This output file may be truncated or incomplete.
#
#  Out of Memory Error (arena.cpp:168), pid=18076, tid=3316
#
# JRE version: OpenJDK Runtime Environment Temurin-21.0.12.1+1 (21.0.12.1+1) (build 21.0.12.1+1-LTS)
# Java VM: OpenJDK 64-Bit Server VM Temurin-21.0.12.1+1 (21.0.12.1+1-LTS, mixed mode, sharing, tiered, compressed oops, compressed class ptrs, parallel gc, windows-amd64)
# No core dump will be written. Minidumps are not enabled by default on client versions of Windows
#

---------------  S U M M A R Y ------------

Command Line: --add-modules=ALL-SYSTEM --add-opens=java.base/java.util=ALL-UNNAMED --add-opens=java.base/java.lang=ALL-UNNAMED --add-opens=java.base/sun.nio.fs=ALL-UNNAMED -Declipse.application=org.eclipse.jdt.ls.core.id1 -Dosgi.bundles.defaultStartLevel=4 -Declipse.product=org.eclipse.jdt.ls.core.product -Djava.import.generatesMetadataFilesAtProjectRoot=false -Dm2e.project.cache.size=50 -DDetectVMInstallationsJob.disabled=true -Dfile.encoding=utf8 -XX:+UseParallelGC -XX:GCTimeRatio=4 -XX:AdaptiveSizePolicyWeight=90 -Dsun.zip.disableMemoryMapping=true -Xmx2G -Xms100m -Xlog:disable -javaagent:c:\Users\faiza\.vscode\extensions\redhat.java-1.56.0-win32-x64\lombok\lombok-1.18.39-4050.jar c:\Users\faiza\.vscode\extensions\redhat.java-1.56.0-win32-x64\server\plugins\org.eclipse.equinox.launcher_1.8.0.v20260804-1928.jar -configuration c:\Users\faiza\AppData\Roaming\Code\User\globalStorage\redhat.java\1.56.0\config_ss_win -data c:\Users\faiza\AppData\Roaming\Code\User\workspaceStorage\80ae579b394a377a46ab1f56e55835f9\redhat.java\ss_ws --pipe=\\.\pipe\lsp-269c8a3521fba01092c0d7e157cf883d-sock

Host: AMD Ryzen 7 6800H with Radeon Graphics         , 16 cores, 13G,  Windows 11 , 64 bit Build 26100 (10.0.26100.9168)
Time: Tue Sep 15 22:48:01 2026 India Standard Time elapsed time: 53.519957 seconds (0d 0h 0m 53s)

---------------  T H R E A D  ---------------

Current thread (0x000001b43b0ddb90):  JavaThread "C2 CompilerThread0" daemon [_thread_in_native, id=3316, stack(0x0000007168600000,0x0000007168700000) (1024K)]


Current CompileTask:
C2:53520 6116   !   4       org.eclipse.osgi.internal.loader.classpath.ClasspathManager::defineClass (636 bytes)

Stack: [0x0000007168600000,0x0000007168700000]
Native frames: (J=compiled Java code, j=interpreted, Vv=VM code, C=native code)
V  [jvm.dll+0x6d83e9]
V  [jvm.dll+0x8b5736]
V  [jvm.dll+0x8b7cee]
V  [jvm.dll+0x8b83d3]
V  [jvm.dll+0x284596]
V  [jvm.dll+0xc685d]
V  [jvm.dll+0xc6da1]
V  [jvm.dll+0x1422bf]
V  [jvm.dll+0x666c03]
V  [jvm.dll+0x66510b]
V  [jvm.dll+0x24c57b]
V  [jvm.dll+0x24bce0]
V  [jvm.dll+0x1cb4ae]
V  [jvm.dll+0x25baad]
V  [jvm.dll+0x25a03a]
V  [jvm.dll+0x3f8aae]
V  [jvm.dll+0x8600cd]
V  [jvm.dll+0x6d6c1d]
C  [ucrtbase.dll+0x2cd30]
C  [KERNEL32.DLL+0x2ccb7]
C  [ntdll.dll+0xaad6c]


---------------  P R O C E S S  ---------------

Threads class SMR info:
_java_thread_list=0x000001b49bd621b0, length=50, elements={
0x000001b43b01d7e0, 0x000001b43afce6e0, 0x000001b43b0c58f0, 0x000001b43b0c9360,
0x000001b43b0ca170, 0x000001b43b0ccf90, 0x000001b43b0d1c20, 0x000001b43b0ddb90,
0x000001b493e63aa0, 0x000001b494093e10, 0x000001b4957413c0, 0x000001b49a00a0b0,
0x000001b49a2d2d80, 0x000001b495d9b870, 0x000001b49a1a3290, 0x000001b49585de50,
0x000001b4941af400, 0x000001b495d6bbe0, 0x000001b495d66d80, 0x000001b495d67410,
0x000001b495d66060, 0x000001b495d666f0, 0x000001b49aa9cb70, 0x000001b49aa9d200,
0x000001b49aa9df20, 0x000001b49aa9be50, 0x000001b49aa9e5b0, 0x000001b49aa9c4e0,
0x000001b49aa9ec40, 0x000001b49aa9b7c0, 0x000001b49aa9d890, 0x000001b49aaa1a30,
0x000001b49aaa0d10, 0x000001b49aaa13a0, 0x000001b49aaa20c0, 0x000001b49aaa2750,
0x000001b49aa9f960, 0x000001b49aa9f2d0, 0x000001b49aaa2de0, 0x000001b49aa9fff0,
0x000001b49aaa0680, 0x000001b49c20b780, 0x000001b49c20aa60, 0x000001b49c209d40,
0x000001b49c20b0f0, 0x000001b49c20be10, 0x000001b49c20a3d0, 0x000001b49c20cb30,
0x000001b49c2096b0, 0x000001b493fa8490
}

Java Threads: ( => current thread )
  0x000001b43b01d7e0 JavaThread "main"                              [_thread_blocked, id=14536, stack(0x0000007167c00000,0x0000007167d00000) (1024K)]
  0x000001b43afce6e0 JavaThread "Reference Handler"          daemon [_thread_blocked, id=22392, stack(0x0000007168000000,0x0000007168100000) (1024K)]
  0x000001b43b0c58f0 JavaThread "Finalizer"                  daemon [_thread_blocked, id=10096, stack(0x0000007168100000,0x0000007168200000) (1024K)]
  0x000001b43b0c9360 JavaThread "Signal Dispatcher"          daemon [_thread_blocked, id=10152, stack(0x0000007168200000,0x0000007168300000) (1024K)]
  0x000001b43b0ca170 JavaThread "Attach Listener"            daemon [_thread_blocked, id=35108, stack(0x0000007168300000,0x0000007168400000) (1024K)]
  0x000001b43b0ccf90 JavaThread "Service Thread"             daemon [_thread_blocked, id=28404, stack(0x0000007168400000,0x0000007168500000) (1024K)]
  0x000001b43b0d1c20 JavaThread "Monitor Deflation Thread"   daemon [_thread_blocked, id=10540, stack(0x0000007168500000,0x0000007168600000) (1024K)]
=>0x000001b43b0ddb90 JavaThread "C2 CompilerThread0"         daemon [_thread_in_native, id=3316, stack(0x0000007168600000,0x0000007168700000) (1024K)]
  0x000001b493e63aa0 JavaThread "C1 CompilerThread0"         daemon [_thread_blocked, id=33148, stack(0x0000007168700000,0x0000007168800000) (1024K)]
  0x000001b494093e10 JavaThread "Common-Cleaner"             daemon [_thread_blocked, id=24768, stack(0x0000007168a00000,0x0000007168b00000) (1024K)]
  0x000001b4957413c0 JavaThread "Notification Thread"        daemon [_thread_blocked, id=18340, stack(0x0000007168b00000,0x0000007168c00000) (1024K)]
  0x000001b49a00a0b0 JavaThread "Active Thread: Equinox Container: e8fd7500-c7cd-4eaf-9839-097cd6cdb8c9"        [_thread_blocked, id=16060, stack(0x0000007169300000,0x0000007169400000) (1024K)]
  0x000001b49a2d2d80 JavaThread "Framework Event Dispatcher: Equinox Container: e8fd7500-c7cd-4eaf-9839-097cd6cdb8c9" daemon [_thread_blocked, id=30048, stack(0x0000007168900000,0x0000007168a00000) (1024K)]
  0x000001b495d9b870 JavaThread "Start Level: Equinox Container: e8fd7500-c7cd-4eaf-9839-097cd6cdb8c9" daemon [_thread_blocked, id=13940, stack(0x0000007168c00000,0x0000007168d00000) (1024K)]
  0x000001b49a1a3290 JavaThread "SCR Component Actor"        daemon [_thread_blocked, id=38432, stack(0x0000007169400000,0x0000007169500000) (1024K)]
  0x000001b49585de50 JavaThread "Worker-JM"                         [_thread_blocked, id=40416, stack(0x0000007169600000,0x0000007169700000) (1024K)]
  0x000001b4941af400 JavaThread "JNA Cleaner"                daemon [_thread_blocked, id=33592, stack(0x0000007169900000,0x0000007169a00000) (1024K)]
  0x000001b495d6bbe0 JavaThread "Worker-0: Building"                [_thread_in_vm, id=28448, stack(0x0000007169a00000,0x0000007169b00000) (1024K)]
  0x000001b495d66d80 JavaThread "Worker-1"                          [_thread_blocked, id=14400, stack(0x0000007169b00000,0x0000007169c00000) (1024K)]
  0x000001b495d67410 JavaThread "Thread-1"                   daemon [_thread_in_native, id=6044, stack(0x000000716a100000,0x000000716a200000) (1024K)]
  0x000001b495d66060 JavaThread "Thread-2"                   daemon [_thread_in_native, id=27220, stack(0x000000716a200000,0x000000716a300000) (1024K)]
  0x000001b495d666f0 JavaThread "Thread-3"                   daemon [_thread_in_native, id=37964, stack(0x000000716a300000,0x000000716a400000) (1024K)]
  0x000001b49aa9cb70 JavaThread "Thread-4"                   daemon [_thread_in_native, id=36248, stack(0x000000716a400000,0x000000716a500000) (1024K)]
  0x000001b49aa9d200 JavaThread "Thread-5"                   daemon [_thread_in_native, id=27924, stack(0x000000716a500000,0x000000716a600000) (1024K)]
  0x000001b49aa9df20 JavaThread "Thread-6"                   daemon [_thread_in_native, id=16136, stack(0x000000716a600000,0x000000716a700000) (1024K)]
  0x000001b49aa9be50 JavaThread "Thread-7"                   daemon [_thread_in_native, id=13744, stack(0x000000716a700000,0x000000716a800000) (1024K)]
  0x000001b49aa9e5b0 JavaThread "Thread-8"                   daemon [_thread_in_native, id=39008, stack(0x000000716a800000,0x000000716a900000) (1024K)]
  0x000001b49aa9c4e0 JavaThread "Thread-9"                   daemon [_thread_in_native, id=20792, stack(0x000000716a900000,0x000000716aa00000) (1024K)]
  0x000001b49aa9ec40 JavaThread "Thread-10"                  daemon [_thread_in_native, id=21384, stack(0x000000716aa00000,0x000000716ab00000) (1024K)]
  0x000001b49aa9b7c0 JavaThread "Thread-11"                  daemon [_thread_in_native, id=17244, stack(0x000000716ab00000,0x000000716ac00000) (1024K)]
  0x000001b49aa9d890 JavaThread "Thread-12"                  daemon [_thread_in_native, id=2356, stack(0x000000716ac00000,0x000000716ad00000) (1024K)]
  0x000001b49aaa1a30 JavaThread "Thread-13"                  daemon [_thread_in_native, id=40496, stack(0x000000716ad00000,0x000000716ae00000) (1024K)]
  0x000001b49aaa0d10 JavaThread "Thread-14"                  daemon [_thread_in_native, id=18296, stack(0x000000716ae00000,0x000000716af00000) (1024K)]
  0x000001b49aaa13a0 JavaThread "Thread-15"                  daemon [_thread_in_native, id=8776, stack(0x000000716af00000,0x000000716b000000) (1024K)]
  0x000001b49aaa20c0 JavaThread "Thread-16"                  daemon [_thread_in_native, id=17516, stack(0x000000716b000000,0x000000716b100000) (1024K)]
  0x000001b49aaa2750 JavaThread "Thread-17"                  daemon [_thread_in_native, id=35408, stack(0x000000716b100000,0x000000716b200000) (1024K)]
  0x000001b49aa9f960 JavaThread "pool-2-thread-1"                   [_thread_blocked, id=7292, stack(0x000000716b200000,0x000000716b300000) (1024K)]
  0x000001b49aa9f2d0 JavaThread "Worker-2"                          [_thread_blocked, id=11396, stack(0x000000716b300000,0x000000716b400000) (1024K)]
  0x000001b49aaa2de0 JavaThread "Worker-3"                          [_thread_blocked, id=20192, stack(0x000000716b400000,0x000000716b500000) (1024K)]
  0x000001b49aa9fff0 JavaThread "WorkspaceEventsHandler"            [_thread_blocked, id=27952, stack(0x000000716b500000,0x000000716b600000) (1024K)]
  0x000001b49aaa0680 JavaThread "pool-1-thread-1"                   [_thread_blocked, id=22268, stack(0x000000716b600000,0x000000716b700000) (1024K)]
  0x000001b49c20b780 JavaThread "ForkJoinPool.commonPool-worker-1" daemon [_thread_blocked, id=30272, stack(0x000000716b700000,0x000000716b800000) (1024K)]
  0x000001b49c20aa60 JavaThread "ForkJoinPool.commonPool-worker-2" daemon [_thread_blocked, id=35168, stack(0x000000716b800000,0x000000716b900000) (1024K)]
  0x000001b49c209d40 JavaThread "ForkJoinPool.commonPool-worker-3" daemon [_thread_blocked, id=3324, stack(0x000000716bc00000,0x000000716bd00000) (1024K)]
  0x000001b49c20b0f0 JavaThread "ForkJoinPool.commonPool-worker-4" daemon [_thread_blocked, id=18280, stack(0x000000716bd00000,0x000000716be00000) (1024K)]
  0x000001b49c20be10 JavaThread "ForkJoinPool.commonPool-worker-5" daemon [_thread_blocked, id=3784, stack(0x000000716be00000,0x000000716bf00000) (1024K)]
  0x000001b49c20a3d0 JavaThread "ForkJoinPool.commonPool-worker-6" daemon [_thread_blocked, id=24356, stack(0x000000716bf00000,0x000000716c000000) (1024K)]
  0x000001b49c20cb30 JavaThread "Compiler Source File Reader" daemon [_thread_blocked, id=2080, stack(0x0000007169500000,0x0000007169600000) (1024K)]
  0x000001b49c2096b0 JavaThread "Compiler Processing Task"   daemon [_thread_blocked, id=7448, stack(0x000000716b900000,0x000000716ba00000) (1024K)]
  0x000001b493fa8490 JavaThread "C1 CompilerThread1"         daemon [_thread_blocked, id=35964, stack(0x000000716ba00000,0x000000716bb00000) (1024K)]
Total: 50

Other Threads:
  0x000001b43afb4870 VMThread "VM Thread"                           [id=31976, stack(0x0000007167f00000,0x0000007168000000) (1024K)]
  0x000001b43aeaca00 WatcherThread "VM Periodic Task Thread"        [id=27512, stack(0x0000007167e00000,0x0000007167f00000) (1024K)]
  0x000001b43b03bdc0 WorkerThread "GC Thread#0"                     [id=26152, stack(0x0000007167d00000,0x0000007167e00000) (1024K)]
  0x000001b495cdc490 WorkerThread "GC Thread#1"                     [id=10124, stack(0x0000007168d00000,0x0000007168e00000) (1024K)]
  0x000001b495cdc840 WorkerThread "GC Thread#2"                     [id=14980, stack(0x0000007168e00000,0x0000007168f00000) (1024K)]
  0x000001b495cdcbf0 WorkerThread "GC Thread#3"                     [id=39928, stack(0x0000007168f00000,0x0000007169000000) (1024K)]
  0x000001b495cdcfa0 WorkerThread "GC Thread#4"                     [id=2296, stack(0x0000007169000000,0x0000007169100000) (1024K)]
  0x000001b495bd7050 WorkerThread "GC Thread#5"                     [id=17292, stack(0x0000007169100000,0x0000007169200000) (1024K)]
  0x000001b495bd7400 WorkerThread "GC Thread#6"                     [id=18628, stack(0x0000007169200000,0x0000007169300000) (1024K)]
  0x000001b495f27a00 WorkerThread "GC Thread#7"                     [id=3048, stack(0x0000007168800000,0x0000007168900000) (1024K)]
  0x000001b4958941f0 WorkerThread "GC Thread#8"                     [id=36048, stack(0x0000007169700000,0x0000007169800000) (1024K)]
  0x000001b495854670 WorkerThread "GC Thread#9"                     [id=35640, stack(0x0000007169800000,0x0000007169900000) (1024K)]
  0x000001b4957ff760 WorkerThread "GC Thread#10"                    [id=6456, stack(0x0000007169c00000,0x0000007169d00000) (1024K)]
  0x000001b49a4c5610 WorkerThread "GC Thread#11"                    [id=9772, stack(0x0000007169d00000,0x0000007169e00000) (1024K)]
  0x000001b49a4c59c0 WorkerThread "GC Thread#12"                    [id=13460, stack(0x0000007169e00000,0x0000007169f00000) (1024K)]
Total: 15

Threads with active compile tasks:
C2 CompilerThread0  53580 6116   !   4       org.eclipse.osgi.internal.loader.classpath.ClasspathManager::defineClass (636 bytes)
Total: 1

VM state: not at safepoint (normal execution)

VM Mutex/Monitor currently owned by a thread: None

Heap address: 0x0000000080000000, size: 2048 MB, Compressed Oops mode: 32-bit

CDS archive(s) mapped at: [0x000001b452000000-0x000001b452ba0000-0x000001b452ba0000), size 12189696, SharedBaseAddress: 0x000001b452000000, ArchiveRelocationMode: 1.
Compressed class space mapped at: 0x000001b453000000-0x000001b493000000, reserved size: 1073741824
Narrow klass base: 0x000001b452000000, Narrow klass shift: 0, Narrow klass range: 0x100000000

GC Precious Log:
 CardTable entry size: 512
 CPUs: 16 total, 16 available
 Memory: 14021M
 Large Page Support: Disabled
 NUMA Support: Disabled
 Compressed Oops: Enabled (32-bit)
 Alignments: Space 512K, Generation 512K, Heap 2M
 Heap Min Capacity: 100M
 Heap Initial Capacity: 100M
 Heap Max Capacity: 2G
 Pre-touch: Disabled
 Parallel Workers: 13

Heap:
 PSYoungGen      total 22528K, used 4951K [0x00000000d5580000, 0x00000000d6e00000, 0x0000000100000000)
  eden space 19968K, 14% used [0x00000000d5580000,0x00000000d5858210,0x00000000d6900000)
  from space 2560K, 79% used [0x00000000d6b80000,0x00000000d6d7dd08,0x00000000d6e00000)
  to   space 2560K, 0% used [0x00000000d6900000,0x00000000d6900000,0x00000000d6b80000)
 ParOldGen       total 68608K, used 31706K [0x0000000080000000, 0x0000000084300000, 0x00000000d5580000)
  object space 68608K, 46% used [0x0000000080000000,0x0000000081ef6a68,0x0000000084300000)
 Metaspace       used 43991K, committed 45120K, reserved 1114112K
  class space    used 4425K, committed 4928K, reserved 1048576K

Card table byte_map: [0x000001b43a9c0000,0x000001b43add0000] _byte_map_base: 0x000001b43a5c0000

Marking Bits: (ParMarkBitMap*) 0x00007ffe4b0f44a0
 Begin Bits: [0x000001b44d4d0000, 0x000001b44f4d0000)
 End Bits:   [0x000001b44f4d0000, 0x000001b4514d0000)

Polling page: 0x000001b438e60000

Metaspace:

Usage:
  Non-class:     38.64 MB used.
      Class:      4.32 MB used.
       Both:     42.96 MB used.

Virtual space:
  Non-class space:       64.00 MB reserved,      39.25 MB ( 61%) committed,  1 nodes.
      Class space:        1.00 GB reserved,       4.81 MB ( <1%) committed,  1 nodes.
             Both:        1.06 GB reserved,      44.06 MB (  4%) committed. 

Chunk freelists:
   Non-Class:  8.08 MB
       Class:  11.25 MB
        Both:  19.33 MB

MaxMetaspaceSize: unlimited
CompressedClassSpaceSize: 1.00 GB
Initial GC threshold: 21.00 MB
Current GC threshold: 58.38 MB
CDS: on
 - commit_granule_bytes: 65536.
 - commit_granule_words: 8192.
 - virtual_space_node_default_size: 8388608.
 - enlarge_chunks_in_place: 1.
 - use_allocation_guard: 0.


Internal statistics:

num_allocs_failed_limit: 6.
num_arena_births: 930.
num_arena_deaths: 96.
num_vsnodes_births: 2.
num_vsnodes_deaths: 0.
num_space_committed: 705.
num_space_uncommitted: 0.
num_chunks_returned_to_freelist: 130.
num_chunks_taken_from_freelist: 2929.
num_chunk_merges: 39.
num_chunk_splits: 1774.
num_chunks_enlarged: 1037.
num_inconsistent_stats: 0.

CodeHeap 'non-profiled nmethods': size=119168Kb used=2938Kb max_used=2938Kb free=116229Kb
 bounds [0x000001b445dc0000, 0x000001b4460a0000, 0x000001b44d220000]
CodeHeap 'profiled nmethods': size=119104Kb used=12853Kb max_used=12853Kb free=106250Kb
 bounds [0x000001b43e220000, 0x000001b43eeb0000, 0x000001b445670000]
CodeHeap 'non-nmethods': size=7488Kb used=1963Kb max_used=3135Kb free=5524Kb
 bounds [0x000001b445670000, 0x000001b4459d0000, 0x000001b445dc0000]
CodeCache: size=245760Kb, used=17754Kb, max_used=18926Kb, free=228003Kb
 total_blobs=6584, nmethods=5871, adapters=618, full_count=0
Compilation: enabled, stopped_count=0, restarted_count=0

Compilation events (20 events):
Event: 51.514 Thread 0x000001b493fa8490 nmethod 6231 0x000001b43ee97990 code [0x000001b43ee97b60, 0x000001b43ee97df0]
Event: 51.514 Thread 0x000001b493e63aa0 6234       3       org.eclipse.jdt.internal.compiler.lookup.ReferenceBinding::getMemberType (21 bytes)
Event: 51.514 Thread 0x000001b493fa8490 6235       3       org.eclipse.jdt.internal.compiler.lookup.SourceTypeBinding::memberTypes (109 bytes)
Event: 51.514 Thread 0x000001b493e63aa0 nmethod 6234 0x000001b43ee97e90 code [0x000001b43ee98060, 0x000001b43ee98300]
Event: 51.514 Thread 0x000001b493e63aa0 6237       1       org.eclipse.jdt.internal.compiler.lookup.ProblemReferenceBinding::closestMatch (5 bytes)
Event: 51.514 Thread 0x000001b493e63aa0 nmethod 6237 0x000001b44609de90 code [0x000001b44609e020, 0x000001b44609e0e8]
Event: 51.515 Thread 0x000001b493fa8490 nmethod 6235 0x000001b43ee98410 code [0x000001b43ee98640, 0x000001b43ee98f38]
Event: 51.516 Thread 0x000001b493fa8490 6242       3       org.eclipse.jdt.internal.compiler.util.SoftClassCache$ClassBytes::<init> (10 bytes)
Event: 51.517 Thread 0x000001b493fa8490 nmethod 6242 0x000001b43ee99290 code [0x000001b43ee99440, 0x000001b43ee995c8]
Event: 51.517 Thread 0x000001b493fa8490 6243       3       java.util.HashSet::<init> (18 bytes)
Event: 51.517 Thread 0x000001b493fa8490 nmethod 6243 0x000001b43ee99690 code [0x000001b43ee99860, 0x000001b43ee99bb8]
Event: 51.517 Thread 0x000001b493fa8490 6245       3       java.util.LinkedHashMap$LinkedKeyIterator::<init> (7 bytes)
Event: 51.517 Thread 0x000001b493fa8490 nmethod 6245 0x000001b43ee99d90 code [0x000001b43ee99f40, 0x000001b43ee9a078]
Event: 51.517 Thread 0x000001b493fa8490 6246       3       java.util.LinkedHashMap$LinkedKeySet::iterator (16 bytes)
Event: 51.518 Thread 0x000001b493fa8490 nmethod 6246 0x000001b43ee9a110 code [0x000001b43ee9a2c0, 0x000001b43ee9a4d8]
Event: 51.518 Thread 0x000001b493fa8490 6247       3       java.util.Arrays::binarySearch (17 bytes)
Event: 51.518 Thread 0x000001b493fa8490 nmethod 6247 0x000001b43ee9a610 code [0x000001b43ee9a7c0, 0x000001b43ee9a950]
Event: 51.518 Thread 0x000001b493fa8490 6248       3       org.eclipse.jdt.internal.compiler.env.IModuleAwareNameEnvironment$LookupStrategy::get (37 bytes)
Event: 51.518 Thread 0x000001b493fa8490 nmethod 6248 0x000001b43ee9aa90 code [0x000001b43ee9ac60, 0x000001b43ee9aea0]
Event: 51.518 Thread 0x000001b493fa8490 6250       3       org.eclipse.jdt.internal.compiler.lookup.Scope::findMemberType (723 bytes)

GC Heap History (20 events):
Event: 22.321 GC heap before
{Heap before GC invocations=17 (full 1):
 PSYoungGen      total 23040K, used 22656K [0x00000000d5580000, 0x00000000d6f80000, 0x0000000100000000)
  eden space 20480K, 100% used [0x00000000d5580000,0x00000000d6980000,0x00000000d6980000)
  from space 2560K, 85% used [0x00000000d6980000,0x00000000d6ba0010,0x00000000d6c00000)
  to   space 3072K, 0% used [0x00000000d6c80000,0x00000000d6c80000,0x00000000d6f80000)
 ParOldGen       total 68608K, used 24464K [0x0000000080000000, 0x0000000084300000, 0x00000000d5580000)
  object space 68608K, 35% used [0x0000000080000000,0x00000000817e41d8,0x0000000084300000)
 Metaspace       used 33034K, committed 34048K, reserved 1114112K
  class space    used 3339K, committed 3776K, reserved 1048576K
}
Event: 22.325 GC heap after
{Heap after GC invocations=17 (full 1):
 PSYoungGen      total 22528K, used 1976K [0x00000000d5580000, 0x00000000d6e80000, 0x0000000100000000)
  eden space 20480K, 0% used [0x00000000d5580000,0x00000000d5580000,0x00000000d6980000)
  from space 2048K, 96% used [0x00000000d6c80000,0x00000000d6e6e200,0x00000000d6e80000)
  to   space 2560K, 0% used [0x00000000d6980000,0x00000000d6980000,0x00000000d6c00000)
 ParOldGen       total 68608K, used 26480K [0x0000000080000000, 0x0000000084300000, 0x00000000d5580000)
  object space 68608K, 38% used [0x0000000080000000,0x00000000819dc1e8,0x0000000084300000)
 Metaspace       used 33034K, committed 34048K, reserved 1114112K
  class space    used 3339K, committed 3776K, reserved 1048576K
}
Event: 22.588 GC heap before
{Heap before GC invocations=18 (full 1):
 PSYoungGen      total 22528K, used 22456K [0x00000000d5580000, 0x00000000d6e80000, 0x0000000100000000)
  eden space 20480K, 100% used [0x00000000d5580000,0x00000000d6980000,0x00000000d6980000)
  from space 2048K, 96% used [0x00000000d6c80000,0x00000000d6e6e200,0x00000000d6e80000)
  to   space 2560K, 0% used [0x00000000d6980000,0x00000000d6980000,0x00000000d6c00000)
 ParOldGen       total 68608K, used 26480K [0x0000000080000000, 0x0000000084300000, 0x00000000d5580000)
  object space 68608K, 38% used [0x0000000080000000,0x00000000819dc1e8,0x0000000084300000)
 Metaspace       used 33816K, committed 34816K, reserved 1114112K
  class space    used 3457K, committed 3904K, reserved 1048576K
}
Event: 22.591 GC heap after
{Heap after GC invocations=18 (full 1):
 PSYoungGen      total 22528K, used 1600K [0x00000000d5580000, 0x00000000d6d80000, 0x0000000100000000)
  eden space 20480K, 0% used [0x00000000d5580000,0x00000000d5580000,0x00000000d6980000)
  from space 2048K, 78% used [0x00000000d6980000,0x00000000d6b10000,0x00000000d6b80000)
  to   space 2048K, 0% used [0x00000000d6b80000,0x00000000d6b80000,0x00000000d6d80000)
 ParOldGen       total 68608K, used 28304K [0x0000000080000000, 0x0000000084300000, 0x00000000d5580000)
  object space 68608K, 41% used [0x0000000080000000,0x0000000081ba43e8,0x0000000084300000)
 Metaspace       used 33816K, committed 34816K, reserved 1114112K
  class space    used 3457K, committed 3904K, reserved 1048576K
}
Event: 22.915 GC heap before
{Heap before GC invocations=19 (full 1):
 PSYoungGen      total 22528K, used 7801K [0x00000000d5580000, 0x00000000d6d80000, 0x0000000100000000)
  eden space 20480K, 30% used [0x00000000d5580000,0x00000000d5b8e4c0,0x00000000d6980000)
  from space 2048K, 78% used [0x00000000d6980000,0x00000000d6b10000,0x00000000d6b80000)
  to   space 2048K, 0% used [0x00000000d6b80000,0x00000000d6b80000,0x00000000d6d80000)
 ParOldGen       total 68608K, used 28304K [0x0000000080000000, 0x0000000084300000, 0x00000000d5580000)
  object space 68608K, 41% used [0x0000000080000000,0x0000000081ba43e8,0x0000000084300000)
 Metaspace       used 34897K, committed 35840K, reserved 1114112K
  class space    used 3562K, committed 3968K, reserved 1048576K
}
Event: 22.917 GC heap after
{Heap after GC invocations=19 (full 1):
 PSYoungGen      total 21504K, used 696K [0x00000000d5580000, 0x00000000d6c80000, 0x0000000100000000)
  eden space 20480K, 0% used [0x00000000d5580000,0x00000000d5580000,0x00000000d6980000)
  from space 1024K, 68% used [0x00000000d6b80000,0x00000000d6c2e2e8,0x00000000d6c80000)
  to   space 1536K, 0% used [0x00000000d6980000,0x00000000d6980000,0x00000000d6b00000)
 ParOldGen       total 68608K, used 29684K [0x0000000080000000, 0x0000000084300000, 0x00000000d5580000)
  object space 68608K, 43% used [0x0000000080000000,0x0000000081cfd320,0x0000000084300000)
 Metaspace       used 34897K, committed 35840K, reserved 1114112K
  class space    used 3562K, committed 3968K, reserved 1048576K
}
Event: 22.917 GC heap before
{Heap before GC invocations=20 (full 2):
 PSYoungGen      total 21504K, used 696K [0x00000000d5580000, 0x00000000d6c80000, 0x0000000100000000)
  eden space 20480K, 0% used [0x00000000d5580000,0x00000000d5580000,0x00000000d6980000)
  from space 1024K, 68% used [0x00000000d6b80000,0x00000000d6c2e2e8,0x00000000d6c80000)
  to   space 1536K, 0% used [0x00000000d6980000,0x00000000d6980000,0x00000000d6b00000)
 ParOldGen       total 68608K, used 29684K [0x0000000080000000, 0x0000000084300000, 0x00000000d5580000)
  object space 68608K, 43% used [0x0000000080000000,0x0000000081cfd320,0x0000000084300000)
 Metaspace       used 34897K, committed 35840K, reserved 1114112K
  class space    used 3562K, committed 3968K, reserved 1048576K
}
Event: 23.007 GC heap after
{Heap after GC invocations=20 (full 2):
 PSYoungGen      total 21504K, used 0K [0x00000000d5580000, 0x00000000d6c80000, 0x0000000100000000)
  eden space 20480K, 0% used [0x00000000d5580000,0x00000000d5580000,0x00000000d6980000)
  from space 1024K, 0% used [0x00000000d6b80000,0x00000000d6b80000,0x00000000d6c80000)
  to   space 1536K, 0% used [0x00000000d6980000,0x00000000d6980000,0x00000000d6b00000)
 ParOldGen       total 68608K, used 28331K [0x0000000080000000, 0x0000000084300000, 0x00000000d5580000)
  object space 68608K, 41% used [0x0000000080000000,0x0000000081baae58,0x0000000084300000)
 Metaspace       used 34825K, committed 35840K, reserved 1114112K
  class space    used 3542K, committed 3968K, reserved 1048576K
}
Event: 23.981 GC heap before
{Heap before GC invocations=21 (full 2):
 PSYoungGen      total 21504K, used 20480K [0x00000000d5580000, 0x00000000d6c80000, 0x0000000100000000)
  eden space 20480K, 100% used [0x00000000d5580000,0x00000000d6980000,0x00000000d6980000)
  from space 1024K, 0% used [0x00000000d6b80000,0x00000000d6b80000,0x00000000d6c80000)
  to   space 1536K, 0% used [0x00000000d6980000,0x00000000d6980000,0x00000000d6b00000)
 ParOldGen       total 68608K, used 28331K [0x0000000080000000, 0x0000000084300000, 0x00000000d5580000)
  object space 68608K, 41% used [0x0000000080000000,0x0000000081baae58,0x0000000084300000)
 Metaspace       used 35861K, committed 36864K, reserved 1114112K
  class space    used 3669K, committed 4096K, reserved 1048576K
}
Event: 23.983 GC heap after
{Heap after GC invocations=21 (full 2):
 PSYoungGen      total 22016K, used 512K [0x00000000d5580000, 0x00000000d6c00000, 0x0000000100000000)
  eden space 20480K, 0% used [0x00000000d5580000,0x00000000d5580000,0x00000000d6980000)
  from space 1536K, 33% used [0x00000000d6980000,0x00000000d6a00000,0x00000000d6b00000)
  to   space 1024K, 0% used [0x00000000d6b00000,0x00000000d6b00000,0x00000000d6c00000)
 ParOldGen       total 68608K, used 28339K [0x0000000080000000, 0x0000000084300000, 0x00000000d5580000)
  object space 68608K, 41% used [0x0000000080000000,0x0000000081bace58,0x0000000084300000)
 Metaspace       used 35861K, committed 36864K, reserved 1114112K
  class space    used 3669K, committed 4096K, reserved 1048576K
}
Event: 24.509 GC heap before
{Heap before GC invocations=22 (full 2):
 PSYoungGen      total 22016K, used 20939K [0x00000000d5580000, 0x00000000d6c00000, 0x0000000100000000)
  eden space 20480K, 99% used [0x00000000d5580000,0x00000000d6972c00,0x00000000d6980000)
  from space 1536K, 33% used [0x00000000d6980000,0x00000000d6a00000,0x00000000d6b00000)
  to   space 1024K, 0% used [0x00000000d6b00000,0x00000000d6b00000,0x00000000d6c00000)
 ParOldGen       total 68608K, used 28339K [0x0000000080000000, 0x0000000084300000, 0x00000000d5580000)
  object space 68608K, 41% used [0x0000000080000000,0x0000000081bace58,0x0000000084300000)
 Metaspace       used 37091K, committed 38080K, reserved 1114112K
  class space    used 3772K, committed 4224K, reserved 1048576K
}
Event: 24.512 GC heap after
{Heap after GC invocations=22 (full 2):
 PSYoungGen      total 20992K, used 1007K [0x00000000d5580000, 0x00000000d6d80000, 0x0000000100000000)
  eden space 19968K, 0% used [0x00000000d5580000,0x00000000d5580000,0x00000000d6900000)
  from space 1024K, 98% used [0x00000000d6b00000,0x00000000d6bfbfb8,0x00000000d6c00000)
  to   space 2048K, 0% used [0x00000000d6900000,0x00000000d6900000,0x00000000d6b00000)
 ParOldGen       total 68608K, used 29058K [0x0000000080000000, 0x0000000084300000, 0x00000000d5580000)
  object space 68608K, 42% used [0x0000000080000000,0x0000000081c60990,0x0000000084300000)
 Metaspace       used 37091K, committed 38080K, reserved 1114112K
  class space    used 3772K, committed 4224K, reserved 1048576K
}
Event: 24.642 GC heap before
{Heap before GC invocations=23 (full 2):
 PSYoungGen      total 20992K, used 20975K [0x00000000d5580000, 0x00000000d6d80000, 0x0000000100000000)
  eden space 19968K, 100% used [0x00000000d5580000,0x00000000d6900000,0x00000000d6900000)
  from space 1024K, 98% used [0x00000000d6b00000,0x00000000d6bfbfb8,0x00000000d6c00000)
  to   space 2048K, 0% used [0x00000000d6900000,0x00000000d6900000,0x00000000d6b00000)
 ParOldGen       total 68608K, used 29058K [0x0000000080000000, 0x0000000084300000, 0x00000000d5580000)
  object space 68608K, 42% used [0x0000000080000000,0x0000000081c60990,0x0000000084300000)
 Metaspace       used 37103K, committed 38144K, reserved 1114112K
  class space    used 3772K, committed 4224K, reserved 1048576K
}
Event: 24.644 GC heap after
{Heap after GC invocations=23 (full 2):
 PSYoungGen      total 20992K, used 777K [0x00000000d5580000, 0x00000000d6c00000, 0x0000000100000000)
  eden space 19968K, 0% used [0x00000000d5580000,0x00000000d5580000,0x00000000d6900000)
  from space 1024K, 75% used [0x00000000d6900000,0x00000000d69c2740,0x00000000d6a00000)
  to   space 1536K, 0% used [0x00000000d6a80000,0x00000000d6a80000,0x00000000d6c00000)
 ParOldGen       total 68608K, used 29577K [0x0000000080000000, 0x0000000084300000, 0x00000000d5580000)
  object space 68608K, 43% used [0x0000000080000000,0x0000000081ce24c8,0x0000000084300000)
 Metaspace       used 37103K, committed 38144K, reserved 1114112K
  class space    used 3772K, committed 4224K, reserved 1048576K
}
Event: 25.242 GC heap before
{Heap before GC invocations=24 (full 2):
 PSYoungGen      total 20992K, used 20745K [0x00000000d5580000, 0x00000000d6c00000, 0x0000000100000000)
  eden space 19968K, 100% used [0x00000000d5580000,0x00000000d6900000,0x00000000d6900000)
  from space 1024K, 75% used [0x00000000d6900000,0x00000000d69c2740,0x00000000d6a00000)
  to   space 1536K, 0% used [0x00000000d6a80000,0x00000000d6a80000,0x00000000d6c00000)
 ParOldGen       total 68608K, used 29577K [0x0000000080000000, 0x0000000084300000, 0x00000000d5580000)
  object space 68608K, 43% used [0x0000000080000000,0x0000000081ce24c8,0x0000000084300000)
 Metaspace       used 39152K, committed 40064K, reserved 1114112K
  class space    used 3961K, committed 4352K, reserved 1048576K
}
Event: 25.245 GC heap after
{Heap after GC invocations=24 (full 2):
 PSYoungGen      total 20992K, used 768K [0x00000000d5580000, 0x00000000d6b80000, 0x0000000100000000)
  eden space 19968K, 0% used [0x00000000d5580000,0x00000000d5580000,0x00000000d6900000)
  from space 1024K, 75% used [0x00000000d6a80000,0x00000000d6b40000,0x00000000d6b80000)
  to   space 1024K, 0% used [0x00000000d6900000,0x00000000d6900000,0x00000000d6a00000)
 ParOldGen       total 68608K, used 29601K [0x0000000080000000, 0x0000000084300000, 0x00000000d5580000)
  object space 68608K, 43% used [0x0000000080000000,0x0000000081ce84c8,0x0000000084300000)
 Metaspace       used 39152K, committed 40064K, reserved 1114112K
  class space    used 3961K, committed 4352K, reserved 1048576K
}
Event: 26.352 GC heap before
{Heap before GC invocations=25 (full 2):
 PSYoungGen      total 20992K, used 20736K [0x00000000d5580000, 0x00000000d6b80000, 0x0000000100000000)
  eden space 19968K, 100% used [0x00000000d5580000,0x00000000d6900000,0x00000000d6900000)
  from space 1024K, 75% used [0x00000000d6a80000,0x00000000d6b40000,0x00000000d6b80000)
  to   space 1024K, 0% used [0x00000000d6900000,0x00000000d6900000,0x00000000d6a00000)
 ParOldGen       total 68608K, used 29601K [0x0000000080000000, 0x0000000084300000, 0x00000000d5580000)
  object space 68608K, 43% used [0x0000000080000000,0x0000000081ce84c8,0x0000000084300000)
 Metaspace       used 41552K, committed 42624K, reserved 1114112K
  class space    used 4188K, committed 4608K, reserved 1048576K
}
Event: 26.356 GC heap after
{Heap after GC invocations=25 (full 2):
 PSYoungGen      total 20992K, used 1008K [0x00000000d5580000, 0x00000000d6e00000, 0x0000000100000000)
  eden space 19968K, 0% used [0x00000000d5580000,0x00000000d5580000,0x00000000d6900000)
  from space 1024K, 98% used [0x00000000d6900000,0x00000000d69fc3e8,0x00000000d6a00000)
  to   space 2560K, 0% used [0x00000000d6b80000,0x00000000d6b80000,0x00000000d6e00000)
 ParOldGen       total 68608K, used 30627K [0x0000000080000000, 0x0000000084300000, 0x00000000d5580000)
  object space 68608K, 44% used [0x0000000080000000,0x0000000081de8ca8,0x0000000084300000)
 Metaspace       used 41552K, committed 42624K, reserved 1114112K
  class space    used 4188K, committed 4608K, reserved 1048576K
}
Event: 51.473 GC heap before
{Heap before GC invocations=26 (full 2):
 PSYoungGen      total 20992K, used 20976K [0x00000000d5580000, 0x00000000d6e00000, 0x0000000100000000)
  eden space 19968K, 100% used [0x00000000d5580000,0x00000000d6900000,0x00000000d6900000)
  from space 1024K, 98% used [0x00000000d6900000,0x00000000d69fc3e8,0x00000000d6a00000)
  to   space 2560K, 0% used [0x00000000d6b80000,0x00000000d6b80000,0x00000000d6e00000)
 ParOldGen       total 68608K, used 30627K [0x0000000080000000, 0x0000000084300000, 0x00000000d5580000)
  object space 68608K, 44% used [0x0000000080000000,0x0000000081de8ca8,0x0000000084300000)
 Metaspace       used 43876K, committed 45056K, reserved 1114112K
  class space    used 4420K, committed 4928K, reserved 1048576K
}
Event: 51.477 GC heap after
{Heap after GC invocations=26 (full 2):
 PSYoungGen      total 22528K, used 2039K [0x00000000d5580000, 0x00000000d6e00000, 0x0000000100000000)
  eden space 19968K, 0% used [0x00000000d5580000,0x00000000d5580000,0x00000000d6900000)
  from space 2560K, 79% used [0x00000000d6b80000,0x00000000d6d7dd08,0x00000000d6e00000)
  to   space 2560K, 0% used [0x00000000d6900000,0x00000000d6900000,0x00000000d6b80000)
 ParOldGen       total 68608K, used 31706K [0x0000000080000000, 0x0000000084300000, 0x00000000d5580000)
  object space 68608K, 46% used [0x0000000080000000,0x0000000081ef6a68,0x0000000084300000)
 Metaspace       used 43876K, committed 45056K, reserved 1114112K
  class space    used 4420K, committed 4928K, reserved 1048576K
}

Dll operation events (20 events):
Event: 0.279 Attempting to load shared library c:\Users\faiza\.vscode\extensions\redhat.java-1.56.0-win32-x64\jre\21.0.12.1-win32-x86_64\bin\java.dll
Event: 0.279 Loaded shared library c:\Users\faiza\.vscode\extensions\redhat.java-1.56.0-win32-x64\jre\21.0.12.1-win32-x86_64\bin\java.dll
Event: 0.466 Attempting to load shared library c:\Users\faiza\.vscode\extensions\redhat.java-1.56.0-win32-x64\jre\21.0.12.1-win32-x86_64\bin\zip.dll
Event: 0.466 Loaded shared library c:\Users\faiza\.vscode\extensions\redhat.java-1.56.0-win32-x64\jre\21.0.12.1-win32-x86_64\bin\zip.dll
Event: 0.530 Attempting to load shared library C:\Users\faiza\.vscode\extensions\redhat.java-1.56.0-win32-x64\jre\21.0.12.1-win32-x86_64\bin\instrument.dll
Event: 0.530 Loaded shared library C:\Users\faiza\.vscode\extensions\redhat.java-1.56.0-win32-x64\jre\21.0.12.1-win32-x86_64\bin\instrument.dll
Event: 0.553 Attempting to load shared library C:\Users\faiza\.vscode\extensions\redhat.java-1.56.0-win32-x64\jre\21.0.12.1-win32-x86_64\bin\net.dll
Event: 0.887 Loaded shared library C:\Users\faiza\.vscode\extensions\redhat.java-1.56.0-win32-x64\jre\21.0.12.1-win32-x86_64\bin\net.dll
Event: 0.912 Attempting to load shared library C:\Users\faiza\.vscode\extensions\redhat.java-1.56.0-win32-x64\jre\21.0.12.1-win32-x86_64\bin\nio.dll
Event: 1.060 Loaded shared library C:\Users\faiza\.vscode\extensions\redhat.java-1.56.0-win32-x64\jre\21.0.12.1-win32-x86_64\bin\nio.dll
Event: 1.102 Attempting to load shared library C:\Users\faiza\.vscode\extensions\redhat.java-1.56.0-win32-x64\jre\21.0.12.1-win32-x86_64\bin\zip.dll
Event: 1.102 Loaded shared library C:\Users\faiza\.vscode\extensions\redhat.java-1.56.0-win32-x64\jre\21.0.12.1-win32-x86_64\bin\zip.dll
Event: 1.198 Attempting to load shared library C:\Users\faiza\.vscode\extensions\redhat.java-1.56.0-win32-x64\jre\21.0.12.1-win32-x86_64\bin\jimage.dll
Event: 1.198 Loaded shared library C:\Users\faiza\.vscode\extensions\redhat.java-1.56.0-win32-x64\jre\21.0.12.1-win32-x86_64\bin\jimage.dll
Event: 1.597 Attempting to load shared library c:\Users\faiza\.vscode\extensions\redhat.java-1.56.0-win32-x64\jre\21.0.12.1-win32-x86_64\bin\verify.dll
Event: 1.722 Loaded shared library c:\Users\faiza\.vscode\extensions\redhat.java-1.56.0-win32-x64\jre\21.0.12.1-win32-x86_64\bin\verify.dll
Event: 15.419 Attempting to load shared library C:\Users\faiza\AppData\Roaming\Code\User\globalStorage\redhat.java\1.56.0\config_ss_win\org.eclipse.equinox.launcher\org.eclipse.equinox.launcher.win32.win32.x86_64_1.3.100.v20260804-1928\eclipse_11924.dll
Event: 15.558 Loaded shared library C:\Users\faiza\AppData\Roaming\Code\User\globalStorage\redhat.java\1.56.0\config_ss_win\org.eclipse.equinox.launcher\org.eclipse.equinox.launcher.win32.win32.x86_64_1.3.100.v20260804-1928\eclipse_11924.dll
Event: 17.477 Attempting to load shared library C:\Users\faiza\AppData\Local\Temp\jna-97193653\jna2649560537145597308.dll
Event: 17.601 Loaded shared library C:\Users\faiza\AppData\Local\Temp\jna-97193653\jna2649560537145597308.dll

Deoptimization events (20 events):
Event: 51.441 Thread 0x000001b495d6bbe0 Uncommon trap: trap_request=0xffffffc6 fr.pc=0x000001b446045d44 relative=0x0000000000000644
Event: 51.441 Thread 0x000001b495d6bbe0 Uncommon trap: reason=bimorphic_or_optimized_type_check action=maybe_recompile pc=0x000001b446045d44 method=org.eclipse.jdt.internal.compiler.parser.Parser.consumeRule(I)V @ 4186 c2
Event: 51.441 Thread 0x000001b495d6bbe0 DEOPT PACKING pc=0x000001b446045d44 sp=0x0000007169afe600
Event: 51.441 Thread 0x000001b495d6bbe0 DEOPT UNPACKING pc=0x000001b4456c3aa2 sp=0x0000007169afe590 mode 2
Event: 51.448 Thread 0x000001b495d6bbe0 Uncommon trap: trap_request=0xffffff45 fr.pc=0x000001b44605e688 relative=0x0000000000000d08
Event: 51.448 Thread 0x000001b495d6bbe0 Uncommon trap: reason=unstable_if action=reinterpret pc=0x000001b44605e688 method=org.eclipse.jdt.core.compiler.CharOperation.splitOn(C[CII)[[C @ 19 c2
Event: 51.448 Thread 0x000001b495d6bbe0 DEOPT PACKING pc=0x000001b44605e688 sp=0x0000007169afe6c0
Event: 51.448 Thread 0x000001b495d6bbe0 DEOPT UNPACKING pc=0x000001b4456c3aa2 sp=0x0000007169afe688 mode 2
Event: 51.454 Thread 0x000001b495d6bbe0 Uncommon trap: trap_request=0xffffff45 fr.pc=0x000001b445f6d024 relative=0x0000000000000344
Event: 51.454 Thread 0x000001b495d6bbe0 Uncommon trap: reason=unstable_if action=reinterpret pc=0x000001b445f6d024 method=jdk.internal.jimage.ImageStringsReader.stringFromByteBufferMatches(Ljava/nio/ByteBuffer;ILjava/lang/String;I)I @ 59 c2
Event: 51.454 Thread 0x000001b495d6bbe0 DEOPT PACKING pc=0x000001b445f6d024 sp=0x0000007169afd690
Event: 51.454 Thread 0x000001b495d6bbe0 DEOPT UNPACKING pc=0x000001b4456c3aa2 sp=0x0000007169afd608 mode 2
Event: 51.454 Thread 0x000001b495d6bbe0 Uncommon trap: trap_request=0xffffff45 fr.pc=0x000001b445ed75d8 relative=0x0000000000000858
Event: 51.454 Thread 0x000001b495d6bbe0 Uncommon trap: reason=unstable_if action=reinterpret pc=0x000001b445ed75d8 method=jdk.internal.jrtfs.JrtFileSystem.checkNode(Ljdk/internal/jrtfs/JrtPath;)Ljdk/internal/jimage/ImageReader$Node; @ 16 c2
Event: 51.454 Thread 0x000001b495d6bbe0 DEOPT PACKING pc=0x000001b445ed75d8 sp=0x0000007169afda30
Event: 51.454 Thread 0x000001b495d6bbe0 DEOPT UNPACKING pc=0x000001b4456c3aa2 sp=0x0000007169afda40 mode 2
Event: 51.486 Thread 0x000001b49c2096b0 Uncommon trap: trap_request=0xffffffcc fr.pc=0x000001b446084a44 relative=0x0000000000005a44
Event: 51.486 Thread 0x000001b49c2096b0 Uncommon trap: reason=intrinsic_or_type_checked_inlining action=make_not_entrant pc=0x000001b446084a44 method=java.util.ArrayList.toArray([Ljava/lang/Object;)[Ljava/lang/Object; @ 36 c2
Event: 51.486 Thread 0x000001b49c2096b0 DEOPT PACKING pc=0x000001b446084a44 sp=0x000000716b9fdbd0
Event: 51.486 Thread 0x000001b49c2096b0 DEOPT UNPACKING pc=0x000001b4456c3aa2 sp=0x000000716b9fdb30 mode 2

Classes loaded (20 events):
Event: 26.083 Loading class java/util/stream/ReduceOps$4ReducingSink
Event: 26.083 Loading class java/util/stream/ReduceOps$4ReducingSink done
Event: 50.850 Loading class java/util/stream/DistinctOps
Event: 50.851 Loading class java/util/stream/DistinctOps done
Event: 50.851 Loading class java/util/stream/DistinctOps$1
Event: 50.851 Loading class java/util/stream/DistinctOps$1 done
Event: 50.852 Loading class java/util/stream/DistinctOps$1$2
Event: 50.853 Loading class java/util/stream/DistinctOps$1$2 done
Event: 50.881 Loading class java/util/AbstractList$RandomAccessSubList
Event: 50.881 Loading class java/util/AbstractList$SubList
Event: 50.882 Loading class java/util/AbstractList$SubList done
Event: 50.882 Loading class java/util/AbstractList$RandomAccessSubList done
Event: 50.883 Loading class java/util/AbstractList$SubList$1
Event: 50.883 Loading class java/util/AbstractList$SubList$1 done
Event: 51.139 Loading class java/util/zip/CheckedInputStream
Event: 51.140 Loading class java/util/zip/CheckedInputStream done
Event: 51.457 Loading class java/nio/file/Files$2
Event: 51.458 Loading class java/nio/file/Files$2 done
Event: 51.465 Loading class java/util/concurrent/ArrayBlockingQueue
Event: 51.467 Loading class java/util/concurrent/ArrayBlockingQueue done

Classes unloaded (20 events):
Event: 22.936 Thread 0x000001b43afb4870 Unloading class 0x000001b45339e000 'java/lang/invoke/LambdaForm$MH+0x000001b45339e000'
Event: 22.936 Thread 0x000001b43afb4870 Unloading class 0x000001b45339dc00 'java/lang/invoke/LambdaForm$MH+0x000001b45339dc00'
Event: 22.936 Thread 0x000001b43afb4870 Unloading class 0x000001b45339a400 'java/lang/invoke/LambdaForm$MH+0x000001b45339a400'
Event: 22.936 Thread 0x000001b43afb4870 Unloading class 0x000001b45339a000 'java/lang/invoke/LambdaForm$MH+0x000001b45339a000'
Event: 22.936 Thread 0x000001b43afb4870 Unloading class 0x000001b453399800 'java/lang/invoke/LambdaForm$MH+0x000001b453399800'
Event: 22.936 Thread 0x000001b43afb4870 Unloading class 0x000001b453399400 'java/lang/invoke/LambdaForm$MH+0x000001b453399400'
Event: 22.936 Thread 0x000001b43afb4870 Unloading class 0x000001b453398c00 'java/lang/invoke/LambdaForm$MH+0x000001b453398c00'
Event: 22.936 Thread 0x000001b43afb4870 Unloading class 0x000001b453398800 'java/lang/invoke/LambdaForm$MH+0x000001b453398800'
Event: 22.936 Thread 0x000001b43afb4870 Unloading class 0x000001b453398000 'java/lang/invoke/LambdaForm$MH+0x000001b453398000'
Event: 22.936 Thread 0x000001b43afb4870 Unloading class 0x000001b453397c00 'java/lang/invoke/LambdaForm$MH+0x000001b453397c00'
Event: 22.936 Thread 0x000001b43afb4870 Unloading class 0x000001b453397800 'java/lang/invoke/LambdaForm$MH+0x000001b453397800'
Event: 22.936 Thread 0x000001b43afb4870 Unloading class 0x000001b453397000 'java/lang/invoke/LambdaForm$MH+0x000001b453397000'
Event: 22.936 Thread 0x000001b43afb4870 Unloading class 0x000001b453396800 'java/lang/invoke/LambdaForm$MH+0x000001b453396800'
Event: 22.936 Thread 0x000001b43afb4870 Unloading class 0x000001b453396400 'java/lang/invoke/LambdaForm$MH+0x000001b453396400'
Event: 22.936 Thread 0x000001b43afb4870 Unloading class 0x000001b453395c00 'java/lang/invoke/LambdaForm$MH+0x000001b453395c00'
Event: 22.936 Thread 0x000001b43afb4870 Unloading class 0x000001b453395800 'java/lang/invoke/LambdaForm$MH+0x000001b453395800'
Event: 22.936 Thread 0x000001b43afb4870 Unloading class 0x000001b453395400 'java/lang/invoke/LambdaForm$MH+0x000001b453395400'
Event: 22.936 Thread 0x000001b43afb4870 Unloading class 0x000001b453395000 'java/lang/invoke/LambdaForm$MH+0x000001b453395000'
Event: 22.936 Thread 0x000001b43afb4870 Unloading class 0x000001b453394400 'java/lang/invoke/LambdaForm$DMH+0x000001b453394400'
Event: 22.936 Thread 0x000001b43afb4870 Unloading class 0x000001b453394800 'java/lang/invoke/LambdaForm$DMH+0x000001b453394800'

Classes redefined (0 events):
No events

Internal exceptions (20 events):
Event: 24.391 Thread 0x000001b49c20aa60 Exception <a 'java/lang/LinkageError'{0x00000000d5fc08e0}: loader lombok.launch.ShadowClassLoader @6d2c7b71 attempted duplicate class definition for lombok.launch.PatchFixesHider$ValPortal. (lombok.launch.PatchFixesHider$ValPortal is in unnamed module of loader lombok.launch.ShadowClassLoader @6d2c7b71, parent loader org.eclipse.osgi.internal.loader.EquinoxClassLoader @2693411c)> (0x00000000d5fc08e0) 
thrown [s\src\hotspot\share\classfile\systemDictionary.cpp, line 1673]
Event: 24.946 Thread 0x000001b49aaa0680 Exception <a 'java/lang/LinkageError'{0x00000000d63d3cf0}: loader lombok.launch.ShadowClassLoader @97307a6 attempted duplicate class definition for lombok.launch.PatchFixesHider$FieldInitializer. (lombok.launch.PatchFixesHider$FieldInitializer is in unnamed module of loader lombok.launch.ShadowClassLoader @97307a6, parent loader org.eclipse.osgi.internal.loader.EquinoxClassLoader @7e6d6253)> (0x00000000d63d3cf0) 
thrown [s\src\hotspot\share\classfile\systemDictionary.cpp, line 1673]
Event: 24.947 Thread 0x000001b49c20aa60 Exception <a 'java/lang/LinkageError'{0x00000000d6380b28}: loader lombok.launch.ShadowClassLoader @97307a6 attempted duplicate class definition for lombok.launch.PatchFixesHider$FieldInitializer. (lombok.launch.PatchFixesHider$FieldInitializer is in unnamed module of loader lombok.launch.ShadowClassLoader @97307a6, parent loader org.eclipse.osgi.internal.loader.EquinoxClassLoader @7e6d6253)> (0x00000000d6380b28) 
thrown [s\src\hotspot\share\classfile\systemDictionary.cpp, line 1673]
Event: 25.006 Thread 0x000001b49c20aa60 Exception <a 'java/lang/NoSuchMethodError'{0x00000000d654ea98}: 'java.lang.Object java.lang.invoke.DirectMethodHandle$Holder.invokeSpecial(java.lang.Object, java.lang.Object, java.lang.Object, java.lang.Object, int, java.lang.Object, java.lang.Object)'> (0x00000000d654ea98) 
thrown [s\src\hotspot\share\interpreter\linkResolver.cpp, line 773]
Event: 25.006 Thread 0x000001b49c20b780 Exception <a 'java/lang/NoSuchMethodError'{0x00000000d64433f8}: 'java.lang.Object java.lang.invoke.DirectMethodHandle$Holder.invokeSpecial(java.lang.Object, java.lang.Object, java.lang.Object, java.lang.Object, int, java.lang.Object, java.lang.Object)'> (0x00000000d64433f8) 
thrown [s\src\hotspot\share\interpreter\linkResolver.cpp, line 773]
Event: 25.334 Thread 0x000001b49aaa0680 Exception <a 'java/lang/IncompatibleClassChangeError'{0x00000000d5807070}: Found class java.lang.Object, but interface was expected> (0x00000000d5807070) 
thrown [s\src\hotspot\share\interpreter\linkResolver.cpp, line 840]
Event: 25.339 Thread 0x000001b49aaa0680 Exception <a 'java/lang/IncompatibleClassChangeError'{0x00000000d5816d18}: Found class java.lang.Object, but interface was expected> (0x00000000d5816d18) 
thrown [s\src\hotspot\share\interpreter\linkResolver.cpp, line 840]
Event: 25.726 Thread 0x000001b49aa9f2d0 Exception <a 'java/lang/NoSuchMethodError'{0x00000000d59c4ad0}: 'java.lang.Object java.lang.invoke.DirectMethodHandle$Holder.invokeSpecial(java.lang.Object, java.lang.Object, int, long)'> (0x00000000d59c4ad0) 
thrown [s\src\hotspot\share\interpreter\linkResolver.cpp, line 773]
Event: 25.852 Thread 0x000001b49c20b0f0 Exception <a 'java/lang/NoSuchMethodError'{0x00000000d5ed2798}: 'int java.lang.invoke.Invokers$Holder.invokeExact_MT(java.lang.Object, java.lang.Object)'> (0x00000000d5ed2798) 
thrown [s\src\hotspot\share\interpreter\linkResolver.cpp, line 773]
Event: 25.966 Thread 0x000001b49c20b0f0 Exception <a 'java/lang/NoSuchMethodError'{0x00000000d6089190}: 'int java.lang.invoke.DirectMethodHandle$Holder.invokeInterface(java.lang.Object, java.lang.Object)'> (0x00000000d6089190) 
thrown [s\src\hotspot\share\interpreter\linkResolver.cpp, line 773]
Event: 25.967 Thread 0x000001b49c20b0f0 Exception <a 'java/lang/IncompatibleClassChangeError'{0x00000000d608c450}: Found class java.lang.Object, but interface was expected> (0x00000000d608c450) 
thrown [s\src\hotspot\share\interpreter\linkResolver.cpp, line 840]
Event: 26.590 Thread 0x000001b495d6bbe0 Exception <a 'java/io/FileNotFoundException'{0x00000000d5d32d38}> (0x00000000d5d32d38) 
thrown [s\src\hotspot\share\prims\jni.cpp, line 520]
Event: 26.590 Thread 0x000001b495d6bbe0 Exception <a 'java/io/FileNotFoundException'{0x00000000d5d34000}> (0x00000000d5d34000) 
thrown [s\src\hotspot\share\prims\jni.cpp, line 520]
Event: 26.591 Thread 0x000001b495d6bbe0 Exception <a 'java/io/FileNotFoundException'{0x00000000d5d34ff0}> (0x00000000d5d34ff0) 
thrown [s\src\hotspot\share\prims\jni.cpp, line 520]
Event: 50.916 Thread 0x000001b49aa9fff0 Exception <a 'java/io/FileNotFoundException'{0x00000000d63c8b90}> (0x00000000d63c8b90) 
thrown [s\src\hotspot\share\prims\jni.cpp, line 520]
Event: 50.917 Thread 0x000001b49aa9fff0 Exception <a 'java/io/FileNotFoundException'{0x00000000d63c9b80}> (0x00000000d63c9b80) 
thrown [s\src\hotspot\share\prims\jni.cpp, line 520]
Event: 50.917 Thread 0x000001b49aa9fff0 Exception <a 'java/io/FileNotFoundException'{0x00000000d63cab38}> (0x00000000d63cab38) 
thrown [s\src\hotspot\share\prims\jni.cpp, line 520]
Event: 51.225 Thread 0x000001b495d6bbe0 Exception <a 'sun/nio/fs/WindowsException'{0x00000000d677b460}> (0x00000000d677b460) 
thrown [s\src\hotspot\share\prims\jni.cpp, line 520]
Event: 51.245 Thread 0x000001b495d6bbe0 Exception <a 'sun/nio/fs/WindowsException'{0x00000000d67a8d08}> (0x00000000d67a8d08) 
thrown [s\src\hotspot\share\prims\jni.cpp, line 520]
Event: 51.381 Thread 0x000001b495d6bbe0 Exception <a 'sun/nio/fs/WindowsException'{0x00000000d67e2540}> (0x00000000d67e2540) 
thrown [s\src\hotspot\share\prims\jni.cpp, line 520]

ZGC Phase Switch (0 events):
No events

VM Operations (20 events):
Event: 26.825 Executing safepoint VM operation: ICBufferFull done
Event: 27.827 Executing safepoint VM operation: Cleanup
Event: 27.827 Executing safepoint VM operation: Cleanup done
Event: 34.887 Executing safepoint VM operation: Cleanup
Event: 34.887 Executing safepoint VM operation: Cleanup done
Event: 43.973 Executing safepoint VM operation: Cleanup
Event: 43.973 Executing safepoint VM operation: Cleanup done
Event: 50.889 Executing non-safepoint VM operation: HandshakeAllThreads (Deoptimize)
Event: 50.889 Executing non-safepoint VM operation: HandshakeAllThreads (Deoptimize) done
Event: 50.889 Executing safepoint VM operation: Cleanup
Event: 50.889 Executing safepoint VM operation: Cleanup done
Event: 50.910 Executing non-safepoint VM operation: HandshakeAllThreads (Deoptimize)
Event: 50.910 Executing non-safepoint VM operation: HandshakeAllThreads (Deoptimize) done
Event: 51.055 Executing non-safepoint VM operation: HandshakeAllThreads (Deoptimize)
Event: 51.055 Executing non-safepoint VM operation: HandshakeAllThreads (Deoptimize) done
Event: 51.065 Executing non-safepoint VM operation: HandshakeAllThreads (Deoptimize)
Event: 51.065 Executing non-safepoint VM operation: HandshakeAllThreads (Deoptimize) done
Event: 51.473 Executing safepoint VM operation: ParallelGCFailedAllocation (Allocation Failure)
Event: 51.477 Executing safepoint VM operation: ParallelGCFailedAllocation (Allocation Failure) done
Event: 52.480 Executing safepoint VM operation: Cleanup

Memory protections (0 events):
No events

Nmethod flushes (20 events):
Event: 22.959 Thread 0x000001b43afb4870 flushing  nmethod 0x000001b43e55ef10
Event: 22.959 Thread 0x000001b43afb4870 flushing  nmethod 0x000001b43e562e90
Event: 22.959 Thread 0x000001b43afb4870 flushing  nmethod 0x000001b43e584d90
Event: 22.959 Thread 0x000001b43afb4870 flushing  nmethod 0x000001b43e58a390
Event: 22.959 Thread 0x000001b43afb4870 flushing  nmethod 0x000001b43e58b390
Event: 22.959 Thread 0x000001b43afb4870 flushing  nmethod 0x000001b43e58d110
Event: 22.959 Thread 0x000001b43afb4870 flushing  nmethod 0x000001b43e5c2910
Event: 22.959 Thread 0x000001b43afb4870 flushing  nmethod 0x000001b43e5c3590
Event: 22.959 Thread 0x000001b43afb4870 flushing  nmethod 0x000001b43e5d8b10
Event: 22.959 Thread 0x000001b43afb4870 flushing  nmethod 0x000001b43e65ac90
Event: 22.959 Thread 0x000001b43afb4870 flushing  nmethod 0x000001b43e65b110
Event: 22.959 Thread 0x000001b43afb4870 flushing  nmethod 0x000001b43e6c0390
Event: 22.959 Thread 0x000001b43afb4870 flushing  nmethod 0x000001b43e6d9190
Event: 22.959 Thread 0x000001b43afb4870 flushing  nmethod 0x000001b43e6d9b90
Event: 22.959 Thread 0x000001b43afb4870 flushing  nmethod 0x000001b43e6deb90
Event: 22.959 Thread 0x000001b43afb4870 flushing  nmethod 0x000001b43e705a90
Event: 22.959 Thread 0x000001b43afb4870 flushing  nmethod 0x000001b43e70f310
Event: 22.959 Thread 0x000001b43afb4870 flushing  nmethod 0x000001b43e74a790
Event: 22.959 Thread 0x000001b43afb4870 flushing  nmethod 0x000001b43e75b010
Event: 22.959 Thread 0x000001b43afb4870 flushing  nmethod 0x000001b43e760690

Events (20 events):
Event: 24.915 Thread 0x000001b493fa9fd0 Thread added: 0x000001b493fa76f0
Event: 25.338 Thread 0x000001b49aaa0680 Thread added: 0x000001b49c209d40
Event: 25.343 Thread 0x000001b49aaa0680 Thread added: 0x000001b49c20b0f0
Event: 25.357 Thread 0x000001b49aaa0680 Thread added: 0x000001b49c20be10
Event: 25.364 Thread 0x000001b49aaa0680 Thread added: 0x000001b49c20a3d0
Event: 25.720 Thread 0x000001b493fa7020 Thread exited: 0x000001b493fa7020
Event: 25.720 Thread 0x000001b493fa8490 Thread exited: 0x000001b493fa8490
Event: 25.743 Thread 0x000001b493fa76f0 Thread added: 0x000001b493fa7020
Event: 25.752 Thread 0x000001b493fa76f0 Thread added: 0x000001b493fa8490
Event: 26.510 Thread 0x000001b493e63aa0 Thread added: 0x000001b493fa9230
Event: 31.847 Thread 0x000001b493fa9230 Thread exited: 0x000001b493fa9230
Event: 31.847 Thread 0x000001b493fa76f0 Thread exited: 0x000001b493fa76f0
Event: 31.847 Thread 0x000001b493fa8490 Thread exited: 0x000001b493fa8490
Event: 31.847 Thread 0x000001b493fa9fd0 Thread exited: 0x000001b493fa9fd0
Event: 36.849 Thread 0x000001b493fa7020 Thread exited: 0x000001b493fa7020
Event: 43.436 Thread 0x000001b493e63aa0 Thread added: 0x000001b493fa7020
Event: 48.456 Thread 0x000001b493fa7020 Thread exited: 0x000001b493fa7020
Event: 51.429 Thread 0x000001b495d6bbe0 Thread added: 0x000001b49c20cb30
Event: 51.467 Thread 0x000001b495d6bbe0 Thread added: 0x000001b49c2096b0
Event: 51.497 Thread 0x000001b493e63aa0 Thread added: 0x000001b493fa8490


Dynamic libraries:
0x00007ff6b8a20000 - 0x00007ff6b8a2e000 	c:\Users\faiza\.vscode\extensions\redhat.java-1.56.0-win32-x64\jre\21.0.12.1-win32-x86_64\bin\java.exe
0x00007fff15aa0000 - 0x00007fff15d06000 	C:\WINDOWS\SYSTEM32\ntdll.dll
0x00007fff14680000 - 0x00007fff14749000 	C:\WINDOWS\System32\KERNEL32.DLL
0x00007fff13260000 - 0x00007fff1365f000 	C:\WINDOWS\System32\KERNELBASE.dll
0x00007ffeef740000 - 0x00007ffeef75e000 	c:\Users\faiza\.vscode\extensions\redhat.java-1.56.0-win32-x64\jre\21.0.12.1-win32-x86_64\bin\VCRUNTIME140.dll
0x00007fff13670000 - 0x00007fff137bc000 	C:\WINDOWS\System32\ucrtbase.dll
0x00007ffef1990000 - 0x00007ffef19a8000 	c:\Users\faiza\.vscode\extensions\redhat.java-1.56.0-win32-x64\jre\21.0.12.1-win32-x86_64\bin\jli.dll
0x00007fff14ed0000 - 0x00007fff15096000 	C:\WINDOWS\System32\USER32.dll
0x00007fff12de0000 - 0x00007fff12e07000 	C:\WINDOWS\System32\win32u.dll
0x00007ffef5fa0000 - 0x00007ffef6231000 	C:\WINDOWS\WinSxS\amd64_microsoft.windows.common-controls_6595b64144ccf1df_6.0.26100.8972_none_3e0da176e32f9d4b\COMCTL32.dll
0x00007fff15990000 - 0x00007fff159bb000 	C:\WINDOWS\System32\GDI32.dll
0x00007fff15450000 - 0x00007fff154f9000 	C:\WINDOWS\System32\msvcrt.dll
0x00007fff12cb0000 - 0x00007fff12dd9000 	C:\WINDOWS\System32\gdi32full.dll
0x00007fff12e10000 - 0x00007fff12eb3000 	C:\WINDOWS\System32\msvcp_win.dll
0x00007fff15380000 - 0x00007fff153b2000 	C:\WINDOWS\System32\IMM32.DLL
0x00007fff03210000 - 0x00007fff0321c000 	c:\Users\faiza\.vscode\extensions\redhat.java-1.56.0-win32-x64\jre\21.0.12.1-win32-x86_64\bin\vcruntime140_1.dll
0x00007ffe8f3e0000 - 0x00007ffe8f46d000 	c:\Users\faiza\.vscode\extensions\redhat.java-1.56.0-win32-x64\jre\21.0.12.1-win32-x86_64\bin\msvcp140.dll
0x00007ffe4a430000 - 0x00007ffe4b1d2000 	c:\Users\faiza\.vscode\extensions\redhat.java-1.56.0-win32-x64\jre\21.0.12.1-win32-x86_64\bin\server\jvm.dll
0x00007fff14df0000 - 0x00007fff14eac000 	C:\WINDOWS\System32\ADVAPI32.dll
0x00007fff150a0000 - 0x00007fff1514a000 	C:\WINDOWS\System32\sechost.dll
0x00007fff13ba0000 - 0x00007fff13cb8000 	C:\WINDOWS\System32\RPCRT4.dll
0x00007fff159c0000 - 0x00007fff15a42000 	C:\WINDOWS\System32\WS2_32.dll
0x00007fff12b30000 - 0x00007fff12b8e000 	C:\WINDOWS\SYSTEM32\POWRPROF.dll
0x00007fff01d50000 - 0x00007fff01d5b000 	C:\WINDOWS\SYSTEM32\VERSION.dll
0x00007ffeff480000 - 0x00007ffeff4b6000 	C:\WINDOWS\SYSTEM32\WINMM.dll
0x00007fff12b10000 - 0x00007fff12b25000 	C:\WINDOWS\SYSTEM32\UMPDC.dll
0x00007fff11970000 - 0x00007fff1198b000 	C:\WINDOWS\SYSTEM32\kernel.appcore.dll
0x00007fff031e0000 - 0x00007fff031ea000 	c:\Users\faiza\.vscode\extensions\redhat.java-1.56.0-win32-x64\jre\21.0.12.1-win32-x86_64\bin\jimage.dll
0x00007fff102a0000 - 0x00007fff104e2000 	C:\WINDOWS\SYSTEM32\DBGHELP.DLL
0x00007fff14860000 - 0x00007fff14be5000 	C:\WINDOWS\System32\combase.dll
0x00007fff139f0000 - 0x00007fff13ac9000 	C:\WINDOWS\System32\OLEAUT32.dll
0x00007ffef4ad0000 - 0x00007ffef4b0b000 	C:\WINDOWS\SYSTEM32\dbgcore.DLL
0x00007fff12ec0000 - 0x00007fff12f6c000 	C:\WINDOWS\System32\bcryptPrimitives.dll
0x00007fff0f5e0000 - 0x00007fff0f5ef000 	c:\Users\faiza\.vscode\extensions\redhat.java-1.56.0-win32-x64\jre\21.0.12.1-win32-x86_64\bin\instrument.dll
0x00007ffeee410000 - 0x00007ffeee430000 	c:\Users\faiza\.vscode\extensions\redhat.java-1.56.0-win32-x64\jre\21.0.12.1-win32-x86_64\bin\java.dll
0x00007fff13cc0000 - 0x00007fff14448000 	C:\WINDOWS\System32\SHELL32.dll
0x00007fff10720000 - 0x00007fff10fbb000 	C:\WINDOWS\SYSTEM32\windows.storage.dll
0x00007fff138f0000 - 0x00007fff139e9000 	C:\WINDOWS\System32\SHCORE.dll
0x00007fff14450000 - 0x00007fff144b6000 	C:\WINDOWS\System32\shlwapi.dll
0x00007fff12bd0000 - 0x00007fff12bf9000 	C:\WINDOWS\SYSTEM32\profapi.dll
0x00007ffeef1a0000 - 0x00007ffeef1b8000 	c:\Users\faiza\.vscode\extensions\redhat.java-1.56.0-win32-x64\jre\21.0.12.1-win32-x86_64\bin\zip.dll
0x00007fff0d3e0000 - 0x00007fff0d3f0000 	C:\Users\faiza\.vscode\extensions\redhat.java-1.56.0-win32-x64\jre\21.0.12.1-win32-x86_64\bin\net.dll
0x00007fff0b170000 - 0x00007fff0b298000 	C:\WINDOWS\SYSTEM32\WINHTTP.dll
0x00007fff11f50000 - 0x00007fff11fbc000 	C:\WINDOWS\system32\mswsock.dll
0x00007ffee2a30000 - 0x00007ffee2a46000 	C:\Users\faiza\.vscode\extensions\redhat.java-1.56.0-win32-x64\jre\21.0.12.1-win32-x86_64\bin\nio.dll
0x00007fff0d3d0000 - 0x00007fff0d3e0000 	c:\Users\faiza\.vscode\extensions\redhat.java-1.56.0-win32-x64\jre\21.0.12.1-win32-x86_64\bin\verify.dll
0x00007ffed6830000 - 0x00007ffed6875000 	C:\Users\faiza\AppData\Roaming\Code\User\globalStorage\redhat.java\1.56.0\config_ss_win\org.eclipse.equinox.launcher\org.eclipse.equinox.launcher.win32.win32.x86_64_1.3.100.v20260804-1928\eclipse_11924.dll
0x00007fff14c50000 - 0x00007fff14de9000 	C:\WINDOWS\System32\ole32.dll
0x00007fff12240000 - 0x00007fff1225b000 	C:\WINDOWS\SYSTEM32\CRYPTSP.dll
0x00007fff118d0000 - 0x00007fff11909000 	C:\WINDOWS\system32\rsaenh.dll
0x00007fff12000000 - 0x00007fff12032000 	C:\WINDOWS\SYSTEM32\USERENV.dll
0x00007fff12ba0000 - 0x00007fff12bca000 	C:\WINDOWS\SYSTEM32\bcrypt.dll
0x00007fff12260000 - 0x00007fff1226c000 	C:\WINDOWS\SYSTEM32\CRYPTBASE.dll
0x00007fff11310000 - 0x00007fff11343000 	C:\WINDOWS\SYSTEM32\IPHLPAPI.DLL
0x00007fff14ec0000 - 0x00007fff14eca000 	C:\WINDOWS\System32\NSI.dll
0x00007ffed3b90000 - 0x00007ffed3bd9000 	C:\Users\faiza\AppData\Local\Temp\jna-97193653\jna2649560537145597308.dll
0x00007fff15a50000 - 0x00007fff15a58000 	C:\WINDOWS\System32\PSAPI.DLL
0x00007fff0c120000 - 0x00007fff0c13d000 	C:\WINDOWS\SYSTEM32\dhcpcsvc6.DLL
0x00007fff0c0f0000 - 0x00007fff0c115000 	C:\WINDOWS\SYSTEM32\dhcpcsvc.DLL

JVMTI agents:
c:\Users\faiza\.vscode\extensions\redhat.java-1.56.0-win32-x64\lombok\lombok-1.18.39-4050.jar path:c:\Users\faiza\.vscode\extensions\redhat.java-1.56.0-win32-x64\jre\21.0.12.1-win32-x86_64\bin\instrument.dll, loaded, initialized, instrumentlib options:none

dbghelp: loaded successfully - version: 4.0.5 - missing functions: none
symbol engine: initialized successfully - sym options: 0x614 - pdb path: .;c:\Users\faiza\.vscode\extensions\redhat.java-1.56.0-win32-x64\jre\21.0.12.1-win32-x86_64\bin;C:\WINDOWS\SYSTEM32;C:\WINDOWS\WinSxS\amd64_microsoft.windows.common-controls_6595b64144ccf1df_6.0.26100.8972_none_3e0da176e32f9d4b;c:\Users\faiza\.vscode\extensions\redhat.java-1.56.0-win32-x64\jre\21.0.12.1-win32-x86_64\bin\server;C:\Users\faiza\AppData\Roaming\Code\User\globalStorage\redhat.java\1.56.0\config_ss_win\org.eclipse.equinox.launcher\org.eclipse.equinox.launcher.win32.win32.x86_64_1.3.100.v20260804-1928;C:\Users\faiza\AppData\Local\Temp\jna-97193653

VM Arguments:
jvm_args: --add-modules=ALL-SYSTEM --add-opens=java.base/java.util=ALL-UNNAMED --add-opens=java.base/java.lang=ALL-UNNAMED --add-opens=java.base/sun.nio.fs=ALL-UNNAMED -Declipse.application=org.eclipse.jdt.ls.core.id1 -Dosgi.bundles.defaultStartLevel=4 -Declipse.product=org.eclipse.jdt.ls.core.product -Djava.import.generatesMetadataFilesAtProjectRoot=false -Dm2e.project.cache.size=50 -DDetectVMInstallationsJob.disabled=true -Dfile.encoding=utf8 -XX:+UseParallelGC -XX:GCTimeRatio=4 -XX:AdaptiveSizePolicyWeight=90 -Dsun.zip.disableMemoryMapping=true -Xmx2G -Xms100m -Xlog:disable -javaagent:c:\Users\faiza\.vscode\extensions\redhat.java-1.56.0-win32-x64\lombok\lombok-1.18.39-4050.jar 
java_command: c:\Users\faiza\.vscode\extensions\redhat.java-1.56.0-win32-x64\server\plugins\org.eclipse.equinox.launcher_1.8.0.v20260804-1928.jar -configuration c:\Users\faiza\AppData\Roaming\Code\User\globalStorage\redhat.java\1.56.0\config_ss_win -data c:\Users\faiza\AppData\Roaming\Code\User\workspaceStorage\80ae579b394a377a46ab1f56e55835f9\redhat.java\ss_ws --pipe=\\.\pipe\lsp-269c8a3521fba01092c0d7e157cf883d-sock
java_class_path (initial): c:\Users\faiza\.vscode\extensions\redhat.java-1.56.0-win32-x64\server\plugins\org.eclipse.equinox.launcher_1.8.0.v20260804-1928.jar
Launcher Type: SUN_STANDARD

[Global flags]
    uintx AdaptiveSizePolicyWeight                 = 90                                        {product} {command line}
     intx CICompilerCount                          = 12                                        {product} {ergonomic}
    uintx GCTimeRatio                              = 4                                         {product} {command line}
   size_t InitialHeapSize                          = 104857600                                 {product} {command line}
   size_t MaxHeapSize                              = 2147483648                                {product} {command line}
   size_t MaxNewSize                               = 715653120                                 {product} {ergonomic}
   size_t MinHeapDeltaBytes                        = 524288                                    {product} {ergonomic}
   size_t MinHeapSize                              = 104857600                                 {product} {command line}
   size_t NewSize                                  = 34603008                                  {product} {ergonomic}
    uintx NonNMethodCodeHeapSize                   = 7602480                                {pd product} {ergonomic}
    uintx NonProfiledCodeHeapSize                  = 122027880                              {pd product} {ergonomic}
   size_t OldSize                                  = 70254592                                  {product} {ergonomic}
    uintx ProfiledCodeHeapSize                     = 122027880                              {pd product} {ergonomic}
    uintx ReservedCodeCacheSize                    = 251658240                              {pd product} {ergonomic}
     bool SegmentedCodeCache                       = true                                      {product} {ergonomic}
   size_t SoftMaxHeapSize                          = 2147483648                             {manageable} {ergonomic}
     bool UseCompressedOops                        = true                           {product lp64_product} {ergonomic}
     bool UseLargePagesIndividualAllocation        = false                                  {pd product} {ergonomic}
     bool UseParallelGC                            = true                                      {product} {command line}

Logging:
Log output configuration:
 #0: stdout all=off uptime,level,tags foldmultilines=false
 #1: stderr all=off uptime,level,tags foldmultilines=false

Release file:
JAVA_VERSION="21.0.12.1" 
MODULES="java.base java.compiler java.datatransfer java.xml java.prefs java.desktop java.instrument java.logging java.management java.security.sasl java.naming java.rmi java.management.rmi java.net.http java.scripting java.security.jgss java.transaction.xa java.sql java.sql.rowset java.xml.crypto java.se java.smartcardio jdk.accessibility jdk.internal.jvmstat jdk.attach jdk.charsets jdk.internal.opt jdk.zipfs jdk.compiler jdk.crypto.ec jdk.crypto.cryptoki jdk.crypto.mscapi jdk.dynalink jdk.internal.ed jdk.editpad jdk.hotspot.agent jdk.httpserver jdk.internal.le jdk.internal.vm.ci jdk.internal.vm.compiler jdk.internal.vm.compiler.management jdk.jartool jdk.javadoc jdk.jcmd jdk.management jdk.management.agent jdk.jconsole jdk.jdeps jdk.jdwp.agent jdk.jdi jdk.jfr jdk.jshell jdk.jsobject jdk.jstatd jdk.localedata jdk.management.jfr jdk.naming.dns jdk.naming.rmi jdk.net jdk.nio.mapmode jdk.random jdk.sctp jdk.security.auth jdk.security.jgss jdk.unsupported jdk.unsupported.desktop jdk.xml.dom" 

Environment Variables:
JAVA_HOME=C:\Program Files\Java\jdk-22
PATH=C:\Users\faiza\AppData\Local\Programs\Python\Python313\Scripts\;C:\Users\faiza\AppData\Local\Programs\Python\Python313\;C:\Program Files\Java\jdk-22\bin;%USERPROFILE%\AppData\Local\Muse Hub\lib;C:\Program Files\nodejs\;C:\ProgramData\chocolatey\bin;C:\Program Files\Git\cmd;C:\Users\faiza\AppData\Local\Python\pythoncore-3.11-64\Scripts;C:\Program Files\NVIDIA Corporation\NVIDIA App\NvDLISR;C:\Program Files\NVIDIA Corporation\NVIDIA NvDLISR;C:\Program Files\Docker\Docker\resources\bin;C:\Program Files\MySQL\MySQL Shell 8.0\bin\;C:\Users\faiza\AppData\Local\Programs\Python\Python312\Scripts\;C:\Users\faiza\AppData\Local\Programs\Python\Python312\;C:\Users\faiza\AppData\Local\Microsoft\WindowsApps;C:\Users\faiza\AppData\Local\Programs\Microsoft VS Code\bin;C:\Users\faiza\AppData\Local\Muse Hub\lib;C:\Program Files\Java\jdk-24\bin;C:\Users\faiza\AppData\Roaming\npm;C:\Windows\System32;C:\Users\Faizan\AppData\Local\Programs\Python\Python310\Scripts;C:\Users\faiza\AppData\Local\Python\bin
USERNAME=faiza
OS=Windows_NT
PROCESSOR_IDENTIFIER=AMD64 Family 25 Model 68 Stepping 1, AuthenticAMD
TMP=C:\Users\faiza\AppData\Local\Temp
TEMP=C:\Users\faiza\AppData\Local\Temp




Periodic native trim disabled

---------------  S Y S T E M  ---------------

OS:
 Windows 11 , 64 bit Build 26100 (10.0.26100.9168)
OS uptime: 14 days 8:21 hours
Hyper-V role detected

CPU: total 16 (initial active 16) (16 cores per cpu, 2 threads per core) family 25 model 68 stepping 1 microcode 0xa404107, cx8, cmov, fxsr, ht, mmx, 3dnowpref, sse, sse2, sse3, ssse3, sse4a, sse4.1, sse4.2, popcnt, lzcnt, tsc, tscinvbit, avx, avx2, aes, erms, clmul, bmi1, bmi2, adx, sha, fma, vzeroupper, clflush, clflushopt, hv, rdtscp, rdpid, fsrm, f16c, cet_ss
Processor Information for the first 16 processors :
  Max Mhz: 3201, Current Mhz: 1787, Mhz Limit: 3201

Memory: 4k page, system-wide physical 14021M (284M free)
TotalPageFile size 30405M (AvailPageFile size 17M)
current process WorkingSet (physical memory assigned to process): 209M, peak: 223M
current process commit charge ("private bytes"): 333M, peak: 350M

vm_info: OpenJDK 64-Bit Server VM (21.0.12.1+1-LTS) for windows-amd64 JRE (21.0.12.1+1-LTS), built on 2026-08-18T00:00:00Z by "admin" with MS VC++ 17.12 (VS2022)

END.
